✔ only review roles can assign a drawing issue (0.471042ms)
✔ closing requires an approval record while reviewers may reopen (0.08325ms)
✔ workers can request review but viewers cannot change status (0.063917ms)
✔ PDF anchors stay inside one page in normalized coordinates (0.077625ms)
✔ drawing issue input rejects blank titles and stale version values (0.767417ms)
✔ drawing anchors reject malformed IFC identity and overflow PDF regions (0.589625ms)
✔ drawing mutation parser requires a positive optimistic-lock version (0.698458ms)
✔ drawing mutation parser preserves issue and PDF anchor evidence (0.213ms)
✔ drawing mutation parser covers comments, assignment, due date, priority, and deactivation (0.594167ms)
✔ React Router exposes the drawing library and collaboration room (0.126084ms)
✔ IFC viewer exposes deterministic camera capture and restore (0.488083ms)
✔ drawing issue panel exposes labeled operational controls (0.33ms)
✔ drawing room exposes persisted anchors and append-only events (0.560375ms)
✔ IFC drawing room uses only a verified derivative bundle while PDF keeps its signed URL (0.616667ms)
✔ production SSR routes mount dot-client viewers only after hydration (0.872459ms)
✔ drawing workspace keeps the DXF request clock out of the server render (0.929167ms)
✔ PDF anchors are never copied and IFC candidates require one exact identity (0.325708ms)
ℹ tests 17
ℹ suites 0
ℹ pass 17
ℹ fail 0
ℹ cancelled 0
ℹ skipped 0
ℹ todo 0
ℹ duration_ms 167.972625
