✔ local Playwright server binds the same explicit host as its readiness URL (2.625583ms)
✔ drawing collaboration E2E covers roles, realtime, mobile, and cleanup (2.043083ms)
✔ drawing fixture provisions organization members before assigning RPC-only project roles (0.944958ms)
✔ drawing fixture finalizes verified PDF and IFC uploads without direct source metadata writes (1.377334ms)
✔ production drawing E2E has one deterministic npm entrypoint (0.967709ms)
✔ revision relink uses one shared role boundary for the legacy UI and action (0.399ms)
✔ canonical drawing room names round-trip lower-case UUID scopes only (3.035041ms)
✔ operation envelopes accept only the existing canonical drawing operation contract (1.742084ms)
✔ operation receipt source is canonical and excludes the non-authoritative client clock (0.244ms)
✔ operation envelopes enforce protocol and bounded operation collections (5.498125ms)
✔ history lineage is bounded, paired, canonical, and exact (0.240083ms)
✔ server-only metadata and operation status reject client fields and malformed authority (0.219417ms)
✔ authoritative operation status preserves a deleted result as null (0.074209ms)
✔ append validation preserves the immutable operation order and accepts only the verified actor (0.775667ms)
✔ same durable operation ID is a convergent idempotent order entry (0.219375ms)
✔ operation order bounds unique IDs separately from recovery contributions (12.665042ms)
✔ append validation accepts a bounded same-actor catch-up suffix (0.50075ms)
✔ append validation binds every new envelope to the canonical room revision (0.119833ms)
✔ awareness is bounded, strict, and carries only ephemeral drawing state (0.518125ms)
✔ configuration fails closed without asymmetric auth and bounded service secrets (2.426417ms)
✔ JWT verification accepts RS256 and ES256 but rejects malformed claims and HS-only JWKS (92.395291ms)
✔ remote JWKS verification cache can be purged for signing-key rotation (46.531334ms)
✔ room authorization binds verified user, origin, room and authoritative capability (0.4535ms)
✔ empty documents are initialized by the server and complete client updates are clone-validated (11.238292ms)
✔ server bootstrap keeps oversized authoritative outcomes at the snapshot boundary (8.279ms)
✔ client ingress and persisted validation reject malformed actor history transitions (5.844833ms)
✔ service bootstrap reconstructs accepted history before a restart redo (2.530834ms)
✔ service bootstrap preserves authoritative deletion results (0.590292ms)
✔ service bootstrap timestamp repair converges with the same durable client envelope (2.199375ms)
✔ clone validation accepts concurrent Y.Array appends in either Yjs order (1.345042ms)
✔ clone validation accepts concurrent recovery of the same immutable operation ID (1.947708ms)
✔ all boundaries reject one-sided duplicate contribution multiplicities (1.506166ms)
✔ clone validation rejects every hidden mismatched envelope across 100 CRDT orders (59.017167ms)
✔ clone validation rejects delete-reinsert reordering of existing operation entries (0.641125ms)
✔ clone validation rejects equal-value writes to protected CRDT structures (0.870625ms)
✔ Awareness is bounded and identity is overwritten from verified context (0.340625ms)
✔ Awareness binds one clientId to its connection and bounds ten-second leases (2.983292ms)
✔ real HocuspocusProvider syncs and publishes one bounded cursor state (75.76425ms)
✔ production-shaped first boot keeps server metadata authoritative and converges its pending operation (155.856167ms)
✔ storage retries transient reads and uses exact generation/SHA CAS without stale overwrite (0.569333ms)
✔ a Task 3 CAS conflict reloads, merges, validates, and retries once (1.619375ms)
✔ store reconciliation applies authoritative merged bytes and checkpoint back to the live room (0.911209ms)
✔ accepted polling and signed outcome receipts are authoritative and idempotent (1.545917ms)
✔ signed outcome receipts preserve every protocol-valid operation size (2.63675ms)
✔ signed outcome receipt verifier has one explicit 96 KiB boundary (0.379292ms)
✔ outcome endpoint persists a protocol-valid receipt above the legacy 16 KiB cap (36.631334ms)
✔ poll reconciliation validates the complete batch before one atomic status transaction (0.769541ms)
✔ poll reconciliation preserves exact accepted history lineage (0.784417ms)
✔ signed outcomes persist before 204 semantics, survive an unloaded room, and replay idempotently (1.208167ms)
✔ signed outcome replay accepts only a clock-repaired DB bootstrap operation (1.048ms)
✔ polling persists server status with room scope and contains room lookup failures (1.576959ms)
✔ service reauthorization strips locks on a live read-only downgrade without dropping presence (0.987833ms)
✔ token sync strips live locks when refreshed authority becomes read-only (1.037375ms)
✔ Hocuspocus v4 decodes a real framed Sync/Update before collaboration validation (1.372291ms)
✔ health distinguishes readiness and graceful shutdown flushes exactly once (0.186125ms)
✔ the one-port server exposes real liveness and readiness HTTP probes (4.430167ms)
✔ internal endpoints enforce their distinct bounded request sizes before parsing (3.914583ms)
✔ outcome endpoint distinguishes invalid signatures from retriable persistence failures (3.292208ms)
✔ service startup fails closed when asymmetric JWKS preflight fails (0.215833ms)
✔ collaboration OCI contract is Node 22 multi-stage, non-root, one-port and self-healthchecked (1.614208ms)
node:internal/modules/package_json_reader:301
  throw new ERR_MODULE_NOT_FOUND(packageName, fileURLToPath(base), null);
        ^

Error [ERR_MODULE_NOT_FOUND]: Cannot find package '~' imported from /Users/h/Documents/GoAgent/.worktrees/universal-workspace-m1/platform/app/lukas/lib/drawing-collaboration.server.ts
    at Object.getPackageJSONURL (node:internal/modules/package_json_reader:301:9)
    at packageResolve (node:internal/modules/esm/resolve:784:25)
    at moduleResolve (node:internal/modules/esm/resolve:873:18)
    at defaultResolve (node:internal/modules/esm/resolve:1006:11)
    at #cachedDefaultResolve (node:internal/modules/esm/loader:708:20)
    at #resolveAndMaybeBlockOnLoaderThread (node:internal/modules/esm/loader:728:38)
    at ModuleLoader.resolveSync (node:internal/modules/esm/loader:766:56)
    at #resolve (node:internal/modules/esm/loader:690:17)
    at ModuleLoader.getOrCreateModuleJob (node:internal/modules/esm/loader:610:35)
    at ModuleJob.syncLink (node:internal/modules/esm/module_job:277:33) {
  code: 'ERR_MODULE_NOT_FOUND'
}

Node.js v26.5.0
✖ tests/drawing-collaboration.test.mjs (84.034375ms)
✔ native reconciliation fills missing sequence without rebasing or losing a client operation and reaches peers (19.795542ms)
✔ native reconciliation preserves pending work and rejects identity or status collisions atomically (5.593917ms)
✔ native range pagination is complete and invalid or over-limit pages leave the ledger unchanged (120.034167ms)
✔ native lookup cannot cross a room freeze boundary or mutate a frozen room (0.718458ms)
✔ a foreign persisted lease fences a second coordinator before the owner reads (14.817458ms)
✔ an expired persisted lease permits one takeover and denies stale completion (2.936042ms)
✔ the active owner heartbeat renews the persisted cross-instance fence (3.495458ms)
✔ a detached-load preparation heartbeat persists until cancel (0.486542ms)
✔ same-request preparations share acquisition and only the last cancel releases (0.201875ms)
✔ an owner failure cannot release a same-request handoff preparation (0.731416ms)
✔ freeze manifest compares only immutable business fields and authoritative outcome (0.929792ms)
✔ freeze manifest preserves an authoritative deleted result (0.474625ms)
✔ pending and conflicted ledgers cannot freeze (0.68625ms)
✔ freeze persists freezing before frozen and is idempotent across a lost response (1.316959ms)
✔ a detached active owner fences a separately loaded document before begin commits (1.12925ms)
✔ the server owns a room before deferred detached storage load (5.11525ms)
✔ a committed freezing snapshot reconciles without mutating its identity (0.395292ms)
✔ freeze metadata reconciliation changes only the differing field (0.407ms)
✔ a live Hocuspocus freeze persists only through the freeze transaction (26.826417ms)
✔ a persisted preparation lease rejects foreign live updates during detached load (1.479084ms)
✔ a same-request server retry shares the active owner before detached load (1.151666ms)
✔ an active freeze owner fences periodic recovery until review commits (0.995333ms)
✔ a completed owner lease expires deterministically and recovers once (0.805541ms)
✔ validation failure releases the matching request but committed review never releases (0.915167ms)
✔ a review commit racing release leaves the live document frozen (0.486542ms)
✔ a fresh server resolves interrupted and rejected freezes before admission (1.3ms)
✔ fresh servers replay exact committed freezes without acquiring a draft lease (3.43125ms)
✔ rejection authority immediately releases an already-loaded live room (0.844833ms)
✔ freeze authentication uses a separate constant-time bounded secret (0.211291ms)
✔ application server freezes before the DB transition and releases the same request on validation failure (0.871875ms)
✔ application server reconciles the same freeze request after its response is lost (0.605667ms)
✔ a definitively rejected DB transition safely releases the draft freeze (0.446875ms)
✔ internal freeze handler rejects browser credentials and returns a persisted manifest (0.963833ms)
✔ collaboration append publishes its envelope and order atomically (5.897167ms)
✔ collaboration lifecycle identity uses only user, project, and revision IDs (0.0815ms)
✔ authoritative checkpoint identity includes exact receipt digest and result versions (6.728042ms)
✔ transactional bootstrap status and canWrite override a stale draft workspace row (0.084459ms)
✔ provider disconnect is visibly degraded and reconnect becomes connected (0.063125ms)
✔ P4 concurrent semantic operations converge and preserve hosted opening projection (9.608834ms)
✔ P4 concurrent same-wall edits use the existing version conflict path (1.6875ms)
✔ failed local initialization disposes each partial resource and a retry leaves one live attempt (0.533083ms)
✔ deferred local persistence installs one coherent checkpoint before edit and provider readiness (0.251583ms)
✔ a source mark during deferred checkpoint sync cannot connect the provider (0.116042ms)
✔ continuously advancing checkpoints terminate bounded and fail closed (10.187834ms)
✔ a slow checkpoint apply completes atomically before readiness (22.427ms)
✔ adapter construction failure closes the already-open persistence and document (0.226667ms)
✔ document cleanup still runs when persistence disposal itself fails (0.115208ms)
✔ command bridge persists before appending and only then exposes the provider update (0.213583ms)
✔ command bridge never publishes when durable enqueue fails (0.11175ms)
✔ boot repair pairs outbox-only and Yjs-only operations without duplicates (0.401208ms)
✔ boot repair keeps a recovery claim only after the Yjs append is durable (0.432833ms)
✔ authoritative outcomes repair committed-unshared operations and clear the outbox (2.120333ms)
✔ a recovered canonical receipt persists its ACK tombstone across reload (1.821542ms)
✔ snapshot-only oversized outcomes do not enter the bounded local Yjs ledger (4.687167ms)
✔ snapshot-absorbed accepted history is acknowledged without replaying valid operations (0.637291ms)
✔ draft reconciliation rejects malformed checkpoint receipts before local repair (0.424291ms)
✔ a digest-matching accepted legacy oversized outbox operation is acknowledged without entering Yjs (6.1835ms)
✔ a digest match does not bypass non-size collaboration protocol limits (2.458666ms)
✔ accepted receipts verify every local operation digest before acknowledging any candidate (0.388958ms)
✔ an accepted receipt verifies both outbox and Yjs candidates sharing its ID (0.308958ms)
✔ accepted Yjs-only work is not re-enqueued before its receipt acknowledgement (0.239417ms)
✔ a remote receipt may verify the matching shared Yjs operation without becoming local outbox work (0.306625ms)
✔ a checkpoint recognizes all 257 locally ACKed operations beyond the recent receipt window (1396.176125ms)
✔ pending or ahead-of-checkpoint local statuses remain eligible for repair enqueue (2.833459ms)
✔ terminal rejected collaboration operations never resurrect into the outbox (0.874458ms)
✔ a durable HTTP ACK tombstone restores the local projection after reload without re-enqueue (1.970375ms)
✔ workspace collaboration bootstrap preserves deleted result tombstones (0.592958ms)
✔ workspace collaboration bootstrap rejects malformed outcome lineage (1.845167ms)
✔ snapshot bootstrap sources are strict canonical evidence before client hydration (0.45025ms)
✔ trusted bootstrap and checkpoint boundaries canonicalize only the exact P4 source producer (0.882959ms)
✔ snapshot-only accepted undo receipts stay at the authoritative boundary (0.102875ms)
✔ React server signs one idempotent collaboration outcome receipt (0.529083ms)
✔ accepted deletion receipt keeps the authoritative null result (10.259875ms)
✔ an accepted RPC with a lost receipt remains retryable under the same operation ID (0.527209ms)
✔ a version conflict stays a client conflict but is rejected in the shared ledger (0.273ms)
✔ a pending DXF attestation stays retryable without a terminal shared-ledger outcome (0.176084ms)
✔ conflict discard settles the exact suffix in DB before shared ledger receipts (0.430416ms)
✔ HTTP-only operation acknowledgement bypasses the disabled collaboration receipt service (0.167708ms)
✔ HTTP-only operation conflict remains terminal without the disabled receipt service (0.132792ms)
✔ HTTP-only review uses the legacy snapshot authority without opening a collaboration freeze (0.073583ms)
ℹ tests 141
ℹ suites 0
ℹ pass 140
ℹ fail 1
ℹ cancelled 0
ℹ skipped 0
ℹ todo 0
ℹ duration_ms 1668.258667

✖ failing tests:

test at tests/drawing-collaboration.test.mjs:1:1
✖ tests/drawing-collaboration.test.mjs (84.034375ms)
  'test failed'
