✔ local Playwright server binds the same explicit host as its readiness URL (2.413042ms)
✔ drawing collaboration E2E covers roles, realtime, mobile, and cleanup (1.795708ms)
✔ drawing fixture provisions organization members before assigning RPC-only project roles (0.839458ms)
✔ drawing fixture finalizes verified PDF and IFC uploads without direct source metadata writes (1.111125ms)
✔ production drawing E2E has one deterministic npm entrypoint (0.508125ms)
✔ revision relink uses one shared role boundary for the legacy UI and action (0.40625ms)
✔ canonical drawing room names round-trip lower-case UUID scopes only (2.734375ms)
✔ operation envelopes accept only the existing canonical drawing operation contract (1.8605ms)
✔ operation receipt source is canonical and excludes the non-authoritative client clock (0.238709ms)
✔ operation envelopes enforce protocol and bounded operation collections (2.032375ms)
✔ history lineage is bounded, paired, canonical, and exact (0.214958ms)
✔ server-only metadata and operation status reject client fields and malformed authority (0.219041ms)
✔ authoritative operation status preserves a deleted result as null (0.088791ms)
✔ append validation preserves the immutable operation order and accepts only the verified actor (0.776625ms)
✔ same durable operation ID is a convergent idempotent order entry (0.246208ms)
✔ operation order bounds unique IDs separately from recovery contributions (13.954958ms)
✔ append validation accepts a bounded same-actor catch-up suffix (0.4875ms)
✔ append validation binds every new envelope to the canonical room revision (0.118375ms)
✔ awareness is bounded, strict, and carries only ephemeral drawing state (0.508166ms)
✔ configuration fails closed without asymmetric auth and bounded service secrets (2.196542ms)
✔ JWT verification accepts RS256 and ES256 but rejects malformed claims and HS-only JWKS (106.381125ms)
✔ remote JWKS verification cache can be purged for signing-key rotation (20.805833ms)
✔ room authorization binds verified user, origin, room and authoritative capability (0.445084ms)
✔ empty documents are initialized by the server and complete client updates are clone-validated (10.99ms)
✔ server bootstrap keeps oversized authoritative outcomes at the snapshot boundary (8.443959ms)
✔ client ingress and persisted validation reject malformed actor history transitions (6.359333ms)
✔ service bootstrap reconstructs accepted history before a restart redo (1.703792ms)
✔ service bootstrap preserves authoritative deletion results (1.722125ms)
✔ service bootstrap timestamp repair converges with the same durable client envelope (2.196583ms)
✔ clone validation accepts concurrent Y.Array appends in either Yjs order (1.38975ms)
✔ clone validation accepts concurrent recovery of the same immutable operation ID (1.875042ms)
✔ all boundaries reject one-sided duplicate contribution multiplicities (1.6545ms)
✔ clone validation rejects every hidden mismatched envelope across 100 CRDT orders (57.280875ms)
✔ clone validation rejects delete-reinsert reordering of existing operation entries (0.658666ms)
✔ clone validation rejects equal-value writes to protected CRDT structures (1.098084ms)
✔ Awareness is bounded and identity is overwritten from verified context (0.397459ms)
✔ Awareness binds one clientId to its connection and bounds ten-second leases (1.91075ms)
✔ real HocuspocusProvider syncs and publishes one bounded cursor state (76.882334ms)
✔ production-shaped first boot keeps server metadata authoritative and converges its pending operation (155.751333ms)
✔ storage retries transient reads and uses exact generation/SHA CAS without stale overwrite (0.621292ms)
✔ a Task 3 CAS conflict reloads, merges, validates, and retries once (1.550916ms)
✔ store reconciliation applies authoritative merged bytes and checkpoint back to the live room (0.81775ms)
✔ accepted polling and signed outcome receipts are authoritative and idempotent (1.254667ms)
✔ signed outcome receipts preserve every protocol-valid operation size (2.69975ms)
✔ signed outcome receipt verifier has one explicit 96 KiB boundary (0.349958ms)
✔ outcome endpoint persists a protocol-valid receipt above the legacy 16 KiB cap (36.383459ms)
✔ poll reconciliation validates the complete batch before one atomic status transaction (0.891333ms)
✔ poll reconciliation preserves exact accepted history lineage (1.026708ms)
✔ signed outcomes persist before 204 semantics, survive an unloaded room, and replay idempotently (1.249084ms)
✔ signed outcome replay accepts only a clock-repaired DB bootstrap operation (1.169584ms)
✔ polling persists server status with room scope and contains room lookup failures (1.528416ms)
✔ service reauthorization strips locks on a live read-only downgrade without dropping presence (1.779459ms)
✔ token sync strips live locks when refreshed authority becomes read-only (0.626375ms)
✔ Hocuspocus v4 decodes a real framed Sync/Update before collaboration validation (1.047834ms)
✔ health distinguishes readiness and graceful shutdown flushes exactly once (0.223833ms)
✔ the one-port server exposes real liveness and readiness HTTP probes (4.434ms)
✔ internal endpoints enforce their distinct bounded request sizes before parsing (3.597791ms)
✔ outcome endpoint distinguishes invalid signatures from retriable persistence failures (3.267541ms)
✔ service startup fails closed when asymmetric JWKS preflight fails (0.1985ms)
✔ collaboration OCI contract is Node 22 multi-stage, non-root, one-port and self-healthchecked (1.677084ms)
✔ native reconciliation fills missing sequence without rebasing or losing a client operation and reaches peers (19.295125ms)
✔ native reconciliation preserves pending work and rejects identity or status collisions atomically (6.298792ms)
✔ native range pagination is complete and invalid or over-limit pages leave the ledger unchanged (121.371ms)
✔ native lookup cannot cross a room freeze boundary or mutate a frozen room (0.790916ms)
✔ a foreign persisted lease fences a second coordinator before the owner reads (14.333083ms)
✔ an expired persisted lease permits one takeover and denies stale completion (2.678958ms)
✔ the active owner heartbeat renews the persisted cross-instance fence (3.397542ms)
✔ a detached-load preparation heartbeat persists until cancel (0.736708ms)
✔ same-request preparations share acquisition and only the last cancel releases (0.221ms)
✔ an owner failure cannot release a same-request handoff preparation (0.891541ms)
✔ freeze manifest compares only immutable business fields and authoritative outcome (1.328125ms)
✔ freeze manifest preserves an authoritative deleted result (0.488625ms)
✔ pending and conflicted ledgers cannot freeze (0.682584ms)
✔ freeze persists freezing before frozen and is idempotent across a lost response (1.334458ms)
✔ a detached active owner fences a separately loaded document before begin commits (1.161083ms)
✔ the server owns a room before deferred detached storage load (5.030375ms)
✔ a committed freezing snapshot reconciles without mutating its identity (0.375541ms)
✔ freeze metadata reconciliation changes only the differing field (0.421417ms)
✔ a live Hocuspocus freeze persists only through the freeze transaction (26.956959ms)
✔ a persisted preparation lease rejects foreign live updates during detached load (1.750583ms)
✔ a same-request server retry shares the active owner before detached load (1.241084ms)
✔ an active freeze owner fences periodic recovery until review commits (0.969375ms)
✔ a completed owner lease expires deterministically and recovers once (0.829ms)
✔ validation failure releases the matching request but committed review never releases (1.491791ms)
✔ a review commit racing release leaves the live document frozen (0.457625ms)
✔ a fresh server resolves interrupted and rejected freezes before admission (1.600375ms)
✔ fresh servers replay exact committed freezes without acquiring a draft lease (3.199959ms)
✔ rejection authority immediately releases an already-loaded live room (0.941667ms)
✔ freeze authentication uses a separate constant-time bounded secret (0.195083ms)
✔ application server freezes before the DB transition and releases the same request on validation failure (0.826083ms)
✔ application server reconciles the same freeze request after its response is lost (0.387125ms)
✔ a definitively rejected DB transition safely releases the draft freeze (0.387833ms)
✔ internal freeze handler rejects browser credentials and returns a persisted manifest (0.8805ms)
✔ collaboration append publishes its envelope and order atomically (6.164875ms)
✔ collaboration lifecycle identity uses only user, project, and revision IDs (0.067166ms)
✔ authoritative checkpoint identity includes exact receipt digest and result versions (7.094084ms)
✔ transactional bootstrap status and canWrite override a stale draft workspace row (0.117542ms)
✔ provider disconnect is visibly degraded and reconnect becomes connected (0.083833ms)
✔ P4 concurrent semantic operations converge and preserve hosted opening projection (9.958042ms)
✔ P4 concurrent same-wall edits use the existing version conflict path (1.527ms)
✔ failed local initialization disposes each partial resource and a retry leaves one live attempt (0.422542ms)
✔ deferred local persistence installs one coherent checkpoint before edit and provider readiness (0.257375ms)
✔ a source mark during deferred checkpoint sync cannot connect the provider (0.108125ms)
✔ continuously advancing checkpoints terminate bounded and fail closed (10.997458ms)
✔ a slow checkpoint apply completes atomically before readiness (22.439875ms)
✔ adapter construction failure closes the already-open persistence and document (0.236833ms)
✔ document cleanup still runs when persistence disposal itself fails (0.107292ms)
✔ command bridge persists before appending and only then exposes the provider update (0.521125ms)
✔ command bridge never publishes when durable enqueue fails (0.390125ms)
✔ boot repair pairs outbox-only and Yjs-only operations without duplicates (0.472083ms)
✔ boot repair keeps a recovery claim only after the Yjs append is durable (0.285666ms)
✔ authoritative outcomes repair committed-unshared operations and clear the outbox (1.867958ms)
✔ a recovered canonical receipt persists its ACK tombstone across reload (1.920917ms)
✔ snapshot-only oversized outcomes do not enter the bounded local Yjs ledger (4.960041ms)
✔ snapshot-absorbed accepted history is acknowledged without replaying valid operations (0.606ms)
✔ draft reconciliation rejects malformed checkpoint receipts before local repair (0.295125ms)
✔ a digest-matching accepted legacy oversized outbox operation is acknowledged without entering Yjs (6.385417ms)
✔ a digest match does not bypass non-size collaboration protocol limits (2.431542ms)
✔ accepted receipts verify every local operation digest before acknowledging any candidate (0.385417ms)
✔ an accepted receipt verifies both outbox and Yjs candidates sharing its ID (0.284625ms)
✔ accepted Yjs-only work is not re-enqueued before its receipt acknowledgement (0.218708ms)
✔ a remote receipt may verify the matching shared Yjs operation without becoming local outbox work (0.214334ms)
✔ a checkpoint recognizes all 257 locally ACKed operations beyond the recent receipt window (1363.621ms)
✔ pending or ahead-of-checkpoint local statuses remain eligible for repair enqueue (2.753625ms)
✔ terminal rejected collaboration operations never resurrect into the outbox (0.695542ms)
✔ a durable HTTP ACK tombstone restores the local projection after reload without re-enqueue (1.7995ms)
✔ workspace collaboration bootstrap preserves deleted result tombstones (0.480625ms)
✔ workspace collaboration bootstrap rejects malformed outcome lineage (1.545916ms)
✔ snapshot bootstrap sources are strict canonical evidence before client hydration (0.446ms)
✔ trusted bootstrap and checkpoint boundaries canonicalize only the exact P4 source producer (0.8865ms)
✔ snapshot-only accepted undo receipts stay at the authoritative boundary (0.085417ms)
✔ React server signs one idempotent collaboration outcome receipt (0.467417ms)
✔ accepted deletion receipt keeps the authoritative null result (9.727917ms)
✔ an accepted RPC with a lost receipt remains retryable under the same operation ID (0.378542ms)
✔ a version conflict stays a client conflict but is rejected in the shared ledger (0.20925ms)
✔ a pending DXF attestation stays retryable without a terminal shared-ledger outcome (0.201958ms)
✔ conflict discard settles the exact suffix in DB before shared ledger receipts (0.434042ms)
✔ HTTP-only operation acknowledgement bypasses the disabled collaboration receipt service (0.166292ms)
✔ HTTP-only operation conflict remains terminal without the disabled receipt service (0.134625ms)
✔ HTTP-only review uses the legacy snapshot authority without opening a collaboration freeze (0.077042ms)
ℹ tests 140
ℹ suites 0
ℹ pass 140
ℹ fail 0
ℹ cancelled 0
ℹ skipped 0
ℹ todo 0
ℹ duration_ms 1631.255917
