^D✔ local Playwright server binds the same explicit host as its readiness URL (3.0745ms)
✔ drawing collaboration E2E covers roles, realtime, mobile, and cleanup (2.292292ms)
✔ drawing fixture provisions organization members before assigning RPC-only project roles (0.842917ms)
✔ drawing fixture finalizes verified PDF and IFC uploads without direct source metadata writes (1.564125ms)
✔ production drawing E2E has one deterministic npm entrypoint (0.556542ms)
✔ revision relink uses one shared role boundary for the legacy UI and action (0.382958ms)
✔ canonical drawing room names round-trip lower-case UUID scopes only (1.7675ms)
✔ operation envelopes accept only the existing canonical drawing operation contract (1.602417ms)
✔ operation receipt source is canonical and excludes the non-authoritative client clock (0.228959ms)
✔ operation envelopes enforce protocol and bounded operation collections (5.137875ms)
✔ history lineage is bounded, paired, canonical, and exact (0.332209ms)
✔ server-only metadata and operation status reject client fields and malformed authority (0.269916ms)
✔ authoritative operation status preserves a deleted result as null (0.07625ms)
✔ append validation preserves the immutable operation order and accepts only the verified actor (0.765083ms)
✔ same durable operation ID is a convergent idempotent order entry (0.656542ms)
✔ operation order bounds unique IDs separately from recovery contributions (14.326208ms)
✔ append validation accepts a bounded same-actor catch-up suffix (0.750083ms)
✔ append validation binds every new envelope to the canonical room revision (0.146875ms)
✔ awareness is bounded, strict, and carries only ephemeral drawing state (0.513542ms)
✔ configuration fails closed without asymmetric auth and bounded service secrets (2.159291ms)
✔ JWT verification accepts RS256 and ES256 but rejects malformed claims and HS-only JWKS (93.283917ms)
✔ remote JWKS verification cache can be purged for signing-key rotation (30.584709ms)
✔ room authorization binds verified user, origin, room and authoritative capability (0.490708ms)
✔ empty documents are initialized by the server and complete client updates are clone-validated (11.600541ms)
✔ server bootstrap keeps oversized authoritative outcomes at the snapshot boundary (8.0405ms)
✔ client ingress and persisted validation reject malformed actor history transitions (6.849166ms)
✔ service bootstrap reconstructs accepted history before a restart redo (1.56175ms)
✔ service bootstrap preserves authoritative deletion results (1.556ms)
✔ service bootstrap timestamp repair converges with the same durable client envelope (2.342625ms)
✔ clone validation accepts concurrent Y.Array appends in either Yjs order (1.577875ms)
✔ clone validation accepts concurrent recovery of the same immutable operation ID (2.137875ms)
✔ all boundaries reject one-sided duplicate contribution multiplicities (1.3685ms)
✔ clone validation rejects every hidden mismatched envelope across 100 CRDT orders (56.91825ms)
✔ clone validation rejects delete-reinsert reordering of existing operation entries (0.673959ms)
✔ clone validation rejects equal-value writes to protected CRDT structures (0.946958ms)
✔ Awareness is bounded and identity is overwritten from verified context (0.476458ms)
✔ Awareness binds one clientId to its connection and bounds ten-second leases (2.610917ms)
✔ real HocuspocusProvider syncs and publishes one bounded cursor state (74.252625ms)
✔ production-shaped first boot keeps server metadata authoritative and converges its pending operation (154.73325ms)
✔ storage retries transient reads and uses exact generation/SHA CAS without stale overwrite (0.5765ms)
✔ a Task 3 CAS conflict reloads, merges, validates, and retries once (1.831167ms)
✔ store reconciliation applies authoritative merged bytes and checkpoint back to the live room (0.9425ms)
✔ accepted polling and signed outcome receipts are authoritative and idempotent (1.328875ms)
✔ signed outcome receipts preserve every protocol-valid operation size (2.652667ms)
✔ signed outcome receipt verifier has one explicit 96 KiB boundary (0.366541ms)
✔ outcome endpoint persists a protocol-valid receipt above the legacy 16 KiB cap (36.912084ms)
✔ poll reconciliation validates the complete batch before one atomic status transaction (0.685ms)
✔ poll reconciliation preserves exact accepted history lineage (0.77225ms)
✔ signed outcomes persist before 204 semantics, survive an unloaded room, and replay idempotently (1.200625ms)
✔ signed outcome replay accepts only a clock-repaired DB bootstrap operation (0.987375ms)
✔ polling persists server status with room scope and contains room lookup failures (1.51825ms)
✔ service reauthorization strips locks on a live read-only downgrade without dropping presence (1.353417ms)
✔ token sync strips live locks when refreshed authority becomes read-only (0.658666ms)
✔ Hocuspocus v4 decodes a real framed Sync/Update before collaboration validation (1.2665ms)
✔ health distinguishes readiness and graceful shutdown flushes exactly once (0.18175ms)
✔ the one-port server exposes real liveness and readiness HTTP probes (4.441208ms)
✔ internal endpoints enforce their distinct bounded request sizes before parsing (3.807375ms)
✔ outcome endpoint distinguishes invalid signatures from retriable persistence failures (4.017583ms)
✔ service startup fails closed when asymmetric JWKS preflight fails (0.223792ms)
✔ collaboration OCI contract is Node 22 multi-stage, non-root, one-port and self-healthchecked (2.677583ms)
✔ native reconciliation fills missing sequence without rebasing or losing a client operation and reaches peers (20.53825ms)
✔ native reconciliation preserves pending work and rejects identity or status collisions atomically (5.877042ms)
✔ native range pagination is complete and invalid or over-limit pages leave the ledger unchanged (121.749125ms)
✔ native lookup cannot cross a room freeze boundary or mutate a frozen room (0.709375ms)
✔ a foreign persisted lease fences a second coordinator before the owner reads (14.620125ms)
✔ an expired persisted lease permits one takeover and denies stale completion (2.544042ms)
✔ the active owner heartbeat renews the persisted cross-instance fence (3.005ms)
✔ a detached-load preparation heartbeat persists until cancel (0.456084ms)
✔ same-request preparations share acquisition and only the last cancel releases (0.167375ms)
✔ an owner failure cannot release a same-request handoff preparation (0.589792ms)
✔ freeze manifest compares only immutable business fields and authoritative outcome (0.761166ms)
✔ freeze manifest preserves an authoritative deleted result (0.323125ms)
✔ pending and conflicted ledgers cannot freeze (0.502042ms)
✔ freeze persists freezing before frozen and is idempotent across a lost response (1.303875ms)
✔ a detached active owner fences a separately loaded document before begin commits (0.879417ms)
✔ the server owns a room before deferred detached storage load (3.415542ms)
✔ a committed freezing snapshot reconciles without mutating its identity (0.246833ms)
✔ freeze metadata reconciliation changes only the differing field (0.290375ms)
✔ a live Hocuspocus freeze persists only through the freeze transaction (28.100083ms)
✔ a persisted preparation lease rejects foreign live updates during detached load (1.816375ms)
✔ a same-request server retry shares the active owner before detached load (1.850708ms)
✔ an active freeze owner fences periodic recovery until review commits (1.264167ms)
✔ a completed owner lease expires deterministically and recovers once (1.094042ms)
✔ validation failure releases the matching request but committed review never releases (1.156667ms)
✔ a review commit racing release leaves the live document frozen (0.628667ms)
✔ a fresh server resolves interrupted and rejected freezes before admission (1.530792ms)
✔ fresh servers replay exact committed freezes without acquiring a draft lease (4.396291ms)
✔ rejection authority immediately releases an already-loaded live room (0.800667ms)
✔ freeze authentication uses a separate constant-time bounded secret (0.198583ms)
✔ application server freezes before the DB transition and releases the same request on validation failure (0.861292ms)
✔ application server reconciles the same freeze request after its response is lost (0.432666ms)
✔ a definitively rejected DB transition safely releases the draft freeze (0.383958ms)
✔ internal freeze handler rejects browser credentials and returns a persisted manifest (0.817041ms)
✔ collaboration append publishes its envelope and order atomically (5.760209ms)
✔ collaboration lifecycle identity uses only user, project, and revision IDs (0.093292ms)
✔ authoritative checkpoint identity includes exact receipt digest and result versions (6.895375ms)
✔ transactional bootstrap status and canWrite override a stale draft workspace row (0.097166ms)
✔ provider disconnect is visibly degraded and reconnect becomes connected (0.070833ms)
✔ P4 concurrent semantic operations converge and preserve hosted opening projection (10.078333ms)
✔ P4 concurrent same-wall edits use the existing version conflict path (1.725458ms)
✔ failed local initialization disposes each partial resource and a retry leaves one live attempt (0.430583ms)
✔ deferred local persistence installs one coherent checkpoint before edit and provider readiness (0.239167ms)
✔ a source mark during deferred checkpoint sync cannot connect the provider (0.106583ms)
✔ continuously advancing checkpoints terminate bounded and fail closed (9.912083ms)
✔ a slow checkpoint apply completes atomically before readiness (21.402166ms)
✔ adapter construction failure closes the already-open persistence and document (0.261042ms)
✔ document cleanup still runs when persistence disposal itself fails (0.107042ms)
✔ command bridge persists before appending and only then exposes the provider update (0.315125ms)
✔ command bridge never publishes when durable enqueue fails (0.1605ms)
✔ boot repair pairs outbox-only and Yjs-only operations without duplicates (0.390375ms)
✔ boot repair keeps a recovery claim only after the Yjs append is durable (0.264291ms)
✔ authoritative outcomes repair committed-unshared operations and clear the outbox (1.603125ms)
✔ a recovered canonical receipt persists its ACK tombstone across reload (2.050416ms)
✔ snapshot-only oversized outcomes do not enter the bounded local Yjs ledger (5.026125ms)
✔ snapshot-absorbed accepted history is acknowledged without replaying valid operations (0.585542ms)
✔ draft reconciliation rejects malformed checkpoint receipts before local repair (0.448916ms)
✔ a digest-matching accepted legacy oversized outbox operation is acknowledged without entering Yjs (6.577583ms)
✔ a digest match does not bypass non-size collaboration protocol limits (2.436459ms)
✔ accepted receipts verify every local operation digest before acknowledging any candidate (0.387666ms)
✔ an accepted receipt verifies both outbox and Yjs candidates sharing its ID (0.335541ms)
✔ accepted Yjs-only work is not re-enqueued before its receipt acknowledgement (0.227209ms)
✔ a remote receipt may verify the matching shared Yjs operation without becoming local outbox work (0.339541ms)
✔ a checkpoint recognizes all 257 locally ACKed operations beyond the recent receipt window (1387.793166ms)
✔ pending or ahead-of-checkpoint local statuses remain eligible for repair enqueue (2.94825ms)
✔ terminal rejected collaboration operations never resurrect into the outbox (0.861041ms)
✔ a durable HTTP ACK tombstone restores the local projection after reload without re-enqueue (2.196875ms)
✔ workspace collaboration bootstrap preserves deleted result tombstones (0.571666ms)
✔ workspace collaboration bootstrap rejects malformed outcome lineage (2.1775ms)
✔ snapshot bootstrap sources are strict canonical evidence before client hydration (0.416917ms)
✔ trusted bootstrap and checkpoint boundaries canonicalize only the exact P4 source producer (0.843458ms)
✔ snapshot-only accepted undo receipts stay at the authoritative boundary (0.085042ms)
✔ React server signs one idempotent collaboration outcome receipt (0.465375ms)
✔ accepted deletion receipt keeps the authoritative null result (10.177125ms)
✔ an accepted RPC with a lost receipt remains retryable under the same operation ID (0.427667ms)
✔ a version conflict stays a client conflict but is rejected in the shared ledger (0.229458ms)
✔ a pending DXF attestation stays retryable without a terminal shared-ledger outcome (0.409541ms)
✔ conflict discard settles the exact suffix in DB before shared ledger receipts (0.471834ms)
✔ HTTP-only operation acknowledgement bypasses the disabled collaboration receipt service (0.173125ms)
✔ HTTP-only operation conflict remains terminal without the disabled receipt service (0.13675ms)
✔ HTTP-only review uses the legacy snapshot authority without opening a collaboration freeze (0.073583ms)
ℹ tests 140
ℹ suites 0
ℹ pass 140
ℹ fail 0
ℹ cancelled 0
ℹ skipped 0
ℹ todo 0
ℹ duration_ms 1667.767083
