
Running 1 test using 1 worker

(node:31663) Warning: The 'NO_COLOR' env is ignored due to the 'FORCE_COLOR' env being set.
(Use `node --trace-warnings ...` to show where the warning was created)


[1/1] [chromium] › e2e/drawing-workspace-shell.spec.ts:689:1 › user replacement never borrows the previous room's connected status while admission is pending
  1) [chromium] › e2e/drawing-workspace-shell.spec.ts:689:1 › user replacement never borrows the previous room's connected status while admission is pending 

    Error: expect(locator).toBeVisible() failed

    Locator: getByRole('status', { name: '공동 편집 상태: connecting', exact: true })
    Expected: visible
    Timeout: 5000ms
    Error: element(s) not found

    Call log:
      - Expect "toBeVisible" with timeout 5000ms
      - waiting for getByRole('status', { name: '공동 편집 상태: connecting', exact: true })


      704 |   const releaseReturningUser = page.getByRole("button", { name: "연결 시도 3 허용" });
      705 |   await expect(releaseReturningUser).toBeVisible();
    > 706 |   await expect(page.getByRole("status", { name: "공동 편집 상태: connecting", exact: true })).toBeVisible();
          |                                                                                         ^
      707 |   await release.click();
      708 |   await expect(page.getByLabel("실제 미리보기 연결 횟수")).toHaveText("2");
      709 |   await expect(page.getByRole("status", { name: "공동 편집 상태: connecting", exact: true })).toBeVisible();
        at /Users/h/1hk-r2-restore-uvc74K/platform/e2e/drawing-workspace-shell.spec.ts:706:89

    Error Context: test-results/drawing-workspace-shell-us-828b8--while-admission-is-pending-chromium/error-context.md


  1 failed
    [chromium] › e2e/drawing-workspace-shell.spec.ts:689:1 › user replacement never borrows the previous room's connected status while admission is pending 
