✔ local editing is ready only with an outbox, a command bridge, healthy persistence, and no conflict (0.502583ms)
✔ local initialization starts exactly once immediately after the first shell frame (0.131125ms)
✔ cancelling local initialization prevents queued shell work from starting (0.386166ms)
✔ StrictMode cancellation and the fallback start only the live local initializer (0.451083ms)
✔ provider connection waits for source readiness and is cancelled with its mount (0.134292ms)
✔ provider fallback connects degraded when source readiness never arrives (0.080333ms)
✔ cancelling source readiness clears polling and fallback without connecting (0.073708ms)
✔ authoritative snapshot identity ignores loader object churn but follows checkpoint evidence (0.158333ms)
✔ collaboration waits only for the visible source frames required by the workspace (0.099125ms)
✔ hidden IFC render requests collapse into one render when visible again (0.144084ms)
✔ drawing first usable marks distinguish PDF and IFC without duplicates (0.088417ms)
✔ first-paint readiness is scoped to one revision and source lifecycle (0.067375ms)
✔ workspace stages record measured production-boundary durations (0.112ms)
✔ realtime transport failures produce an explicit reconnecting state (0.072084ms)
✔ realtime recovery requests one authoritative loader refresh (0.053625ms)
✔ collaboration append publishes its envelope and order atomically (6.060209ms)
✔ collaboration lifecycle identity uses only user, project, and revision IDs (0.074875ms)
✔ authoritative checkpoint identity includes exact receipt digest and result versions (7.001959ms)
✔ transactional bootstrap status and canWrite override a stale draft workspace row (0.118084ms)
✔ provider transport status stays connecting until room synchronization (0.075583ms)
✔ P4 concurrent semantic operations converge and preserve hosted opening projection (10.452292ms)
✔ P4 concurrent same-wall edits use the existing version conflict path (1.853375ms)
✔ failed local initialization disposes each partial resource and a retry leaves one live attempt (0.453792ms)
✔ deferred local persistence installs one coherent checkpoint before edit and provider readiness (0.267334ms)
✔ a source mark during deferred checkpoint sync cannot connect the provider (0.107375ms)
✔ continuously advancing checkpoints terminate bounded and fail closed (10.680958ms)
✔ a slow checkpoint apply completes atomically before readiness (19.972ms)
✔ adapter construction failure closes the already-open persistence and document (0.236416ms)
✔ document cleanup still runs when persistence disposal itself fails (0.106791ms)
✔ command bridge persists before appending and only then exposes the provider update (0.228042ms)
✔ command bridge never publishes when durable enqueue fails (0.109917ms)
✔ boot repair pairs outbox-only and Yjs-only operations without duplicates (0.400958ms)
✔ boot repair keeps a recovery claim only after the Yjs append is durable (0.4405ms)
✔ authoritative outcomes repair committed-unshared operations and clear the outbox (1.646375ms)
✔ a recovered canonical receipt persists its ACK tombstone across reload (2.054042ms)
✔ snapshot-only oversized outcomes do not enter the bounded local Yjs ledger (4.744375ms)
✔ snapshot-absorbed accepted history is acknowledged without replaying valid operations (0.723834ms)
✔ draft reconciliation rejects malformed checkpoint receipts before local repair (0.411541ms)
✔ a digest-matching accepted legacy oversized outbox operation is acknowledged without entering Yjs (6.219292ms)
✔ a digest match does not bypass non-size collaboration protocol limits (2.088625ms)
✔ accepted receipts verify every local operation digest before acknowledging any candidate (0.356416ms)
✔ an accepted receipt verifies both outbox and Yjs candidates sharing its ID (0.33725ms)
✔ accepted Yjs-only work is not re-enqueued before its receipt acknowledgement (0.224667ms)
✔ a remote receipt may verify the matching shared Yjs operation without becoming local outbox work (0.206958ms)
✔ a checkpoint recognizes all 257 locally ACKed operations beyond the recent receipt window (1382.19325ms)
✔ pending or ahead-of-checkpoint local statuses remain eligible for repair enqueue (3.212209ms)
✔ terminal rejected collaboration operations never resurrect into the outbox (0.877083ms)
✔ a durable HTTP ACK tombstone restores the local projection after reload without re-enqueue (2.12475ms)
✔ workspace collaboration bootstrap preserves deleted result tombstones (0.554125ms)
✔ workspace collaboration bootstrap rejects malformed outcome lineage (0.892667ms)
✔ snapshot bootstrap sources are strict canonical evidence before client hydration (1.847791ms)
✔ trusted bootstrap and checkpoint boundaries canonicalize only the exact P4 source producer (1.136084ms)
✔ snapshot-only accepted undo receipts stay at the authoritative boundary (0.122416ms)
✔ React server signs one idempotent collaboration outcome receipt (0.647583ms)
✔ accepted deletion receipt keeps the authoritative null result (10.994375ms)
✔ an accepted RPC with a lost receipt remains retryable under the same operation ID (0.355916ms)
✔ a version conflict stays a client conflict but is rejected in the shared ledger (0.217041ms)
✔ a pending DXF attestation stays retryable without a terminal shared-ledger outcome (0.179208ms)
✔ conflict discard settles the exact suffix in DB before shared ledger receipts (0.469208ms)
✔ HTTP-only operation acknowledgement bypasses the disabled collaboration receipt service (0.193792ms)
✔ HTTP-only operation conflict remains terminal without the disabled receipt service (0.145291ms)
✔ HTTP-only review uses the legacy snapshot authority without opening a collaboration freeze (0.082833ms)
✔ workspace realtime subscriptions stay inside the active project and revision (0.734542ms)
✔ a disabled collaboration entitlement is explicit instead of looking like an outage (0.072167ms)
✔ scheduler coalesces workspace changes for 250ms and records the delivered invalidation (0.167667ms)
✔ controller refreshes once after reconnect and whenever the tab returns (0.137375ms)
✔ hook keeps the realtime subscription alive while router revalidation settles (1.871125ms)
✔ collaboration entitlement disables network transports without disabling the local editor (3.945417ms)
✔ cross-tab outbox wakeups reuse reconciliation without re-enqueueing settled operations (5.167291ms)
✔ queued DXF operations recover one exact attestation before transport (2.475ms)
✔ a terminal conflict freezes editing and exposes an authoritative suffix reset (1.919541ms)
✔ an authoritative conflict settlement reloads even when local cache cleanup fails (0.615541ms)
✔ P2 revision fallback projects nested page envelopes to canonical pages (4.785167ms)
✔ audited export launcher stays disabled until outbox and canonical save are settled (7.348875ms)
✔ audited export waits for the acknowledged checkpoint to be installed after revalidation (0.097708ms)
✔ drawing export keeps one pending request identity until success or options change (0.100833ms)
✔ drawing export audit refuses a followed login redirect as an artifact (0.939667ms)
✔ drawing export audit refuses a successful response with the wrong content type (0.221166ms)
✔ estimate result rail renders server amounts, gap names, and BOQ navigation accessibly (5.067833ms)
✔ viewer estimate rail keeps read-only BOQ access without the rate mutation entry (1.805041ms)
✔ estimate result rail exposes the approved binding control names (3.216875ms)
✔ workspace shell mounts accessible result and object inspector panels (26.279959ms)
✔ estimate result rail keeps assumption reasons and confirmed exports distinct (2.68125ms)
✔ scale control exposes bounded source-free, PDF calibration, and read-only states (0.545ms)
✔ assumption evidence validates and stale reasons clear in the same property value batch (0.184875ms)
✔ review rejection version fences the prior browser freeze request (0.043334ms)
✔ review submit stays disabled until local commands and every save boundary are settled (0.055833ms)
✔ navigation protection includes commands queued before durable outbox storage (2.076667ms)
✔ workspace query mutations merge with the latest same-route navigation intent (0.145083ms)
✔ save guard contract: history revert enters the tracked mutation queue (0.68125ms)
✔ save guard contract: checkpoint restore enters the tracked mutation queue (0.367625ms)
✔ save guard contract: external settled ACK starts revalidation before reconciliation awaits (0.468458ms)
✔ save guard contract: DXF readiness stays closed during router revalidation (0.480167ms)
✔ DXF import waits for the latest acknowledged checkpoint to be installed (0.489833ms)
✔ review preparation freezes admission before draining accepted commands and persistence (0.237125ms)
✔ review freeze blocks mutation commands from toolbar and keyboard entry points (0.092125ms)
✔ workspace SSR shell opens the object inspector by default for author mode (11.8725ms)
✔ workspace makes modes, tools, and business lineage visible without icon guesswork (14.565959ms)
✔ business lineage points to the earliest missing link (0.232833ms)
✔ split view remains a real two-pane workspace on tablet widths (0.677875ms)
✔ tablet toolbar gives labeled tools their intrinsic width (0.467584ms)
✔ architectural tool menu uses the existing portalled dropdown trigger (6.989791ms)
✔ quantity lineage status belongs only to the selected drawing object (0.081708ms)
✔ quantity lineage never reuses stale rows while a new selection loads (0.048125ms)
✔ material lineage belongs only to an exact selected object BOQ link (0.05575ms)
✔ every measurable primitive can request its quantity lineage (0.682667ms)
✔ selecting another measurable object clears stale exact BOQ evidence scope (0.434542ms)
✔ entering a creation tool clears stale URL selection authority (0.523709ms)
✔ selection lineage URL sync waits for an authoritative object checkpoint (0.100542ms)
✔ a mutation tracks a pending single-object lineage selection before its URL commits (0.072084ms)
✔ exact BOQ lineage focus applies once per tuple and then yields to user selection (0.115375ms)
✔ authorized deep-link selection survives collaboration authorization initialization (0.077916ms)
✔ losing write authority preserves the viewer's object selection (0.571167ms)
✔ lineage object existence follows the installed authoritative checkpoint (0.056042ms)
✔ lineage URL clears synchronously only from the installed document state (0.043292ms)
✔ lineage focus requires the object's active layer ancestry (0.071209ms)
✔ lineage focus clears every URL authority field after its object is deleted (0.073542ms)
✔ workspace dock shortcuts recover both desktop docks outside editable controls (0.086167ms)
✔ split view preserves the lineage inspector and collapses only the left dock on compact desktop widths (0.053917ms)
✔ page and layer creation fail closed before the durable bridge is ready (7.396042ms)
✔ workspace creation and export copy stays Korean (0.33925ms)
✔ workspace SSR shell exposes independent tool and inspector tablists accessibly (7.290459ms)
✔ workspace panel tabs wrap with arrows and jump with Home and End (0.117167ms)
✔ inspector tabs wrap with arrows and jump with Home and End (0.0425ms)
✔ local preview uses project-owned drawing copy (6.51375ms)
✔ local preview exposes its inert connected realtime state in the workspace top bar (6.510041ms)
✔ workspace offers the native export dialog to editors and viewers (11.633ms)
✔ source-free documents keep the blank canvas and audited export launcher (30.796167ms)
✔ source renderer failure stays local while canvas and result inspector remain mounted (32.136584ms)
✔ a PDF or IFC capability failure does not hide the independent DXF upload path (4.839458ms)
✔ draft editors can upload a first or revised DXF while viewers and approved revisions cannot (87.096459ms)
✔ one export deadline times out at 30 seconds and disposes its timer once (0.250417ms)
✔ user cancellation is idempotent and distinct from timeout (0.086791ms)
✔ real export lifecycle times out a stalled executor, clears its gate, and admits a second run (0.507167ms)
✔ real export lifecycle cancels a stalled disposer once without blocking the next run (0.240959ms)
✔ native download revokes its Blob URL exactly once even when click fails (0.162083ms)
✔ canonical block instances require immutable lineage (2.024292ms)
✔ structure actions reject unknown fields and restore exact prior entities (1.624375ms)
✔ canvas creation and deletion require exact recorded layer actions (1.304417ms)
✔ page tree derives every deletion reason from one shared occupancy index (0.264792ms)
✔ page and canvas factories record atomic structural creation and deterministic layer reorder (4.255708ms)
✔ page, canvas, and layer navigation commands reject duplicates, pin defaults, and normalize order (7.17ms)
✔ canvas factories suffix editable layer names across the page and replay layer order history (1.133375ms)
✔ active canvas slices cache by canonical maps and deletion focus intents survive non-active removal (56.804541ms)
✔ standalone P2 layer creation uses legacy add_layer with canonical canvas fields (0.21975ms)
✔ structure reducer rejects deleting the last page (0.276125ms)
✔ table rows require exactly one object or block instance target (0.383209ms)
✔ resolved style merges a referenced definition with finite validated overrides (0.272542ms)
✔ strict structure actions reject duplicate trimmed style definition names (0.1895ms)
✔ structure object actions require the matching block conversion batch (1.023167ms)
✔ block conversion batches pair a new instance with their new definition (0.188417ms)
✔ objects without a style reference retain complete inline styles (0.093375ms)
✔ structure reduction is atomic, ordered, and keeps inverse versions monotonic (0.257334ms)
✔ default canvases, cross-kind IDs, nested extras, and invalid calendar dates fail closed (0.5085ms)
✔ block conversion primitives must exactly represent the deleted objects (0.628083ms)
✔ block conversion rejects objects from a layer other than its instance layer (0.261292ms)
✔ translation-only block conversion preserves the canonical primitive through its inverse (1.602208ms)
✔ rotated and scaled block conversion is rejected before geometry or style mutation (0.414875ms)
✔ fresh structure entities start at version one and documents cannot lose their final page (0.262209ms)
ℹ tests 159
ℹ suites 0
ℹ pass 159
ℹ fail 0
ℹ cancelled 0
ℹ skipped 0
ℹ todo 0
ℹ duration_ms 1657.289208
