✔ a connected transport is not shown as admitted before initial sync (74.036167ms)
✔ transient admission retries automatically and preserves pending local changes (3020.748375ms)
✔ permanent permission denial stops automatic retries and is not labeled offline (1217.026916ms)
✔ disposing a pending retry cancels work and late status callbacks, not the document (1217.882542ms)
✔ simultaneous refresh events share one handshake and cannot restart after disposal (67.218167ms)
✔ a transport reconnect resynchronizes the retained document before reporting connected (1046.929625ms)
✔ a server document-only permission revocation cannot leave a connected badge or auto retry (1230.53775ms)
✔ local Playwright server binds the same explicit host as its readiness URL (3.094667ms)
✔ drawing collaboration E2E covers roles, realtime, mobile, and cleanup (3.30725ms)
✔ drawing fixture provisions organization members before assigning RPC-only project roles (1.399291ms)
✔ drawing fixture finalizes verified PDF and IFC uploads without direct source metadata writes (2.349583ms)
✔ production drawing E2E has one deterministic npm entrypoint (2.509958ms)
✔ initialization adopts only the durable winner and seeds user and service CAS tokens (7.388375ms)
✔ browser admission waits for initialization and discards the losing bootstrap origin (3.323417ms)
✔ stale graph initialization rebuilds at most three candidates, while other failures propagate (3.443042ms)
✔ invalid winners never enter the payload or seed usable CAS tokens (1.115292ms)
✔ active metadata correction is stored with service authority before browser admission (2.312959ms)
✔ a foreign preparation lease cannot expose an unpersisted fence during first admission (0.982708ms)
✔ detached authority and receipt loaders establish the same canonical origin before mutation (5.035333ms)
✔ an approved Viewer initializes through user authority while edits and protected forgeries stay forbidden (1.895ms)
✔ missing initializer support fails closed and never publishes a bootstrap candidate (1.081708ms)
✔ local freeze preparation refuses initial admission without projecting its transient identity (2.111625ms)
✔ malformed persisted bytes always destroy the validation document (0.17225ms)
✔ detached receipt documents are destroyed after immutable conflicts and persistence failures (2.81275ms)
✔ initialization retries transient transport failures without changing the candidate (0.919041ms)
✔ admission reloads concurrent durable movement and fails retryably after three moving snapshots (8.039875ms)
[onLoadDocument] Drawing collaboration reconciliation is not durable; retry admission.
✔ real WebSocket reports drawing-reconciling and explicit token retry adopts the same durable winner (19.100208ms)
[onLoadDocument] Drawing collaboration reconciliation is not durable; retry admission.
[onLoadDocument] Drawing collaboration canonical initialization is unavailable.
✔ application connection automatically recovers production lease refusal without replacing the canonical winner (1006.143958ms)
✔ failed Hocuspocus initial admission destroys its unregistered payload (0.897334ms)
✔ real WebSocket untouched room is durable before sync and replays its exact cached state after restart (55.276333ms)
✔ revision relink uses one shared role boundary for the legacy UI and action (0.380709ms)
✔ canonical drawing room names round-trip lower-case UUID scopes only (2.022875ms)
✔ operation envelopes accept only the existing canonical drawing operation contract (1.856834ms)
✔ operation receipt source is canonical and excludes the non-authoritative client clock (0.256041ms)
✔ operation envelopes enforce protocol and bounded operation collections (3.066084ms)
✔ history lineage is bounded, paired, canonical, and exact (0.404791ms)
✔ server-only metadata and operation status reject client fields and malformed authority (0.2785ms)
✔ authoritative operation status preserves a deleted result as null (0.075709ms)
✔ append validation preserves the immutable operation order and accepts only the verified actor (0.751084ms)
✔ same durable operation ID is a convergent idempotent order entry (0.233916ms)
✔ operation order bounds unique IDs separately from recovery contributions (21.587125ms)
✔ append validation accepts a bounded same-actor catch-up suffix (0.530375ms)
✔ append validation binds every new envelope to the canonical room revision (0.117166ms)
✔ awareness is bounded, strict, and carries only ephemeral drawing state (0.489709ms)
✔ configuration fails closed without asymmetric auth and bounded service secrets (2.237208ms)
✔ JWT verification accepts RS256 and ES256 but rejects malformed claims and HS-only JWKS (54.13075ms)
✔ remote JWKS verification cache can be purged for signing-key rotation (16.021042ms)
✔ room authorization binds verified user, origin, room and authoritative capability (0.471708ms)
✔ empty documents are initialized by the server and complete client updates are clone-validated (11.153333ms)
✔ server bootstrap keeps oversized authoritative outcomes at the snapshot boundary (8.304167ms)
✔ client ingress and persisted validation reject malformed actor history transitions (6.719833ms)
✔ service bootstrap reconstructs accepted history before a restart redo (1.606625ms)
✔ service bootstrap preserves authoritative deletion results (1.678417ms)
✔ service bootstrap timestamp repair converges with the same durable client envelope (2.182667ms)
✔ clone validation accepts concurrent Y.Array appends in either Yjs order (1.415791ms)
✔ clone validation accepts concurrent recovery of the same immutable operation ID (1.665667ms)
✔ all boundaries reject one-sided duplicate contribution multiplicities (1.367542ms)
✔ clone validation rejects every hidden mismatched envelope across 100 CRDT orders (60.815416ms)
✔ clone validation rejects delete-reinsert reordering of existing operation entries (0.67125ms)
✔ clone validation rejects equal-value writes to protected CRDT structures (0.947792ms)
✔ Awareness is bounded and identity is overwritten from verified context (0.373167ms)
✔ Awareness binds one clientId to its connection and bounds ten-second leases (2.007125ms)
✔ real HocuspocusProvider syncs and publishes one bounded cursor state (74.766125ms)
✔ production-shaped first boot keeps server metadata authoritative and converges its pending operation (154.253333ms)
✔ storage retries transient reads and uses exact generation/SHA CAS without stale overwrite (0.3715ms)
✔ a Task 3 CAS conflict reloads, merges, validates, and retries once (1.591542ms)
✔ store reconciliation applies authoritative merged bytes and checkpoint back to the live room (0.823166ms)
✔ accepted polling and signed outcome receipts are authoritative and idempotent (1.022458ms)
✔ signed outcome receipts preserve every protocol-valid operation size (2.657125ms)
✔ signed outcome receipt verifier has one explicit 96 KiB boundary (0.362458ms)
✔ outcome endpoint persists a protocol-valid receipt above the legacy 16 KiB cap (36.297708ms)
✔ poll reconciliation validates the complete batch before one atomic status transaction (0.85575ms)
✔ poll reconciliation preserves exact accepted history lineage (0.8735ms)
✔ signed outcomes persist before 204 semantics, survive an unloaded room, and replay idempotently (1.476042ms)
✔ signed outcome replay accepts only a clock-repaired DB bootstrap operation (1.158833ms)
✔ polling persists server status with room scope and contains room lookup failures (1.814709ms)
✔ service reauthorization strips locks on a live read-only downgrade without dropping presence (1.253083ms)
✔ token sync strips live locks when refreshed authority becomes read-only (0.359084ms)
✔ Hocuspocus v4 decodes a real framed Sync/Update before collaboration validation (1.818083ms)
✔ health distinguishes readiness and graceful shutdown flushes exactly once (0.232167ms)
✔ the one-port server exposes real liveness and readiness HTTP probes (4.453916ms)
✔ internal endpoints enforce their distinct bounded request sizes before parsing (3.820292ms)
✔ outcome endpoint distinguishes invalid signatures from retriable persistence failures (4.268791ms)
✔ service startup fails closed when asymmetric JWKS preflight fails (0.212833ms)
✔ collaboration OCI contract is Node 22 multi-stage, non-root, one-port and self-healthchecked (2.542791ms)
✔ retry and rejected access have distinct accessible guidance without claiming synchronization (102.843834ms)
✔ native reconciliation fills missing sequence without rebasing or losing a client operation and reaches peers (21.058542ms)
✔ native reconciliation preserves pending work and rejects identity or status collisions atomically (6.088875ms)
✔ native range pagination is complete and invalid or over-limit pages leave the ledger unchanged (126.878875ms)
✔ native lookup cannot cross a room freeze boundary or mutate a frozen room (0.8295ms)
✔ a foreign persisted lease fences a second coordinator before the owner reads (15.217625ms)
✔ an expired persisted lease permits one takeover and denies stale completion (2.681167ms)
✔ the active owner heartbeat renews the persisted cross-instance fence (3.058375ms)
✔ a detached-load preparation heartbeat persists until cancel (0.538417ms)
✔ same-request preparations share acquisition and only the last cancel releases (0.262458ms)
✔ an owner failure cannot release a same-request handoff preparation (0.6045ms)
✔ freeze manifest compares only immutable business fields and authoritative outcome (0.753208ms)
✔ freeze manifest preserves an authoritative deleted result (0.328917ms)
✔ pending and conflicted ledgers cannot freeze (0.537791ms)
✔ freeze persists freezing before frozen and is idempotent across a lost response (1.018292ms)
✔ a detached active owner fences a separately loaded document before begin commits (0.828333ms)
✔ the server owns a room before deferred detached storage load (3.817041ms)
✔ a committed freezing snapshot reconciles without mutating its identity (0.25275ms)
✔ freeze metadata reconciliation changes only the differing field (0.27325ms)
✔ a live Hocuspocus freeze persists only through the freeze transaction (26.398667ms)
✔ a persisted preparation lease rejects foreign live updates during detached load (1.7015ms)
✔ a same-request server retry shares the active owner before detached load (1.647ms)
✔ an active freeze owner fences periodic recovery until review commits (1.311375ms)
✔ a completed owner lease expires deterministically and recovers once (1.22975ms)
✔ validation failure releases the matching request but committed review never releases (0.926291ms)
✔ a review commit racing release leaves the live document frozen (0.375375ms)
✔ a fresh server resolves interrupted and rejected freezes before admission (1.649292ms)
✔ fresh servers replay exact committed freezes without acquiring a draft lease (4.514834ms)
✔ rejection authority immediately releases an already-loaded live room (0.692041ms)
✔ freeze authentication uses a separate constant-time bounded secret (0.190875ms)
✔ application server freezes before the DB transition and releases the same request on validation failure (0.726042ms)
✔ application server reconciles the same freeze request after its response is lost (0.332083ms)
✔ a definitively rejected DB transition safely releases the draft freeze (0.331666ms)
✔ internal freeze handler rejects browser credentials and returns a persisted manifest (0.724666ms)
✔ collaboration append publishes its envelope and order atomically (6.901459ms)
✔ collaboration lifecycle identity uses only user, project, and revision IDs (0.166708ms)
✔ authoritative checkpoint identity includes exact receipt digest and result versions (7.063667ms)
✔ transactional bootstrap status and canWrite override a stale draft workspace row (0.121458ms)
✔ provider transport status stays connecting until room synchronization (0.073083ms)
✔ P4 concurrent semantic operations converge and preserve hosted opening projection (10.747875ms)
✔ P4 concurrent same-wall edits use the existing version conflict path (3.047958ms)
✔ failed local initialization disposes each partial resource and a retry leaves one live attempt (0.472667ms)
✔ deferred local persistence installs one coherent checkpoint before edit and provider readiness (0.289208ms)
✔ a source mark during deferred checkpoint sync cannot connect the provider (0.11175ms)
✔ continuously advancing checkpoints terminate bounded and fail closed (9.317416ms)
✔ a slow checkpoint apply completes atomically before readiness (21.023083ms)
✔ adapter construction failure closes the already-open persistence and document (0.232667ms)
✔ document cleanup still runs when persistence disposal itself fails (0.10825ms)
✔ command bridge persists before appending and only then exposes the provider update (0.216875ms)
✔ command bridge never publishes when durable enqueue fails (0.106625ms)
✔ boot repair pairs outbox-only and Yjs-only operations without duplicates (0.371583ms)
✔ boot repair keeps a recovery claim only after the Yjs append is durable (0.266042ms)
✔ authoritative outcomes repair committed-unshared operations and clear the outbox (1.759208ms)
✔ a recovered canonical receipt persists its ACK tombstone across reload (2.494333ms)
✔ snapshot-only oversized outcomes do not enter the bounded local Yjs ledger (4.977958ms)
✔ snapshot-absorbed accepted history is acknowledged without replaying valid operations (0.637709ms)
✔ draft reconciliation rejects malformed checkpoint receipts before local repair (0.423584ms)
✔ a digest-matching accepted legacy oversized outbox operation is acknowledged without entering Yjs (6.242083ms)
✔ a digest match does not bypass non-size collaboration protocol limits (2.19875ms)
✔ accepted receipts verify every local operation digest before acknowledging any candidate (0.470959ms)
✔ an accepted receipt verifies both outbox and Yjs candidates sharing its ID (0.434292ms)
✔ accepted Yjs-only work is not re-enqueued before its receipt acknowledgement (0.258333ms)
✔ a remote receipt may verify the matching shared Yjs operation without becoming local outbox work (0.226625ms)
✔ a checkpoint recognizes all 257 locally ACKed operations beyond the recent receipt window (1380.838875ms)
✔ pending or ahead-of-checkpoint local statuses remain eligible for repair enqueue (2.684833ms)
✔ terminal rejected collaboration operations never resurrect into the outbox (0.933916ms)
✔ a durable HTTP ACK tombstone restores the local projection after reload without re-enqueue (2.115916ms)
✔ workspace collaboration bootstrap preserves deleted result tombstones (0.564333ms)
✔ workspace collaboration bootstrap rejects malformed outcome lineage (0.676167ms)
✔ snapshot bootstrap sources are strict canonical evidence before client hydration (1.612541ms)
✔ trusted bootstrap and checkpoint boundaries canonicalize only the exact P4 source producer (1.1ms)
✔ snapshot-only accepted undo receipts stay at the authoritative boundary (0.100041ms)
✔ React server signs one idempotent collaboration outcome receipt (0.515583ms)
✔ accepted deletion receipt keeps the authoritative null result (11.003916ms)
✔ an accepted RPC with a lost receipt remains retryable under the same operation ID (0.3385ms)
✔ a version conflict stays a client conflict but is rejected in the shared ledger (0.203584ms)
✔ a pending DXF attestation stays retryable without a terminal shared-ledger outcome (0.178583ms)
✔ conflict discard settles the exact suffix in DB before shared ledger receipts (0.461625ms)
✔ HTTP-only operation acknowledgement bypasses the disabled collaboration receipt service (0.190625ms)
✔ HTTP-only operation conflict remains terminal without the disabled receipt service (0.143834ms)
✔ HTTP-only review uses the legacy snapshot authority without opening a collaboration freeze (0.165834ms)
ℹ tests 166
ℹ suites 0
ℹ pass 166
ℹ fail 0
ℹ cancelled 0
ℹ skipped 0
ℹ todo 0
ℹ duration_ms 8051.801709
