✔ local Playwright server binds the same explicit host as its readiness URL (2.6235ms)
✔ drawing collaboration E2E covers roles, realtime, mobile, and cleanup (1.888334ms)
✔ drawing fixture provisions organization members before assigning RPC-only project roles (0.902834ms)
✔ drawing fixture finalizes verified PDF and IFC uploads without direct source metadata writes (1.414958ms)
✔ production drawing E2E has one deterministic npm entrypoint (0.558708ms)
✔ initialization adopts only the durable winner and seeds user and service CAS tokens (6.546625ms)
✔ browser admission waits for initialization and discards the losing bootstrap origin (3.128667ms)
✔ stale graph initialization rebuilds at most three candidates, while other failures propagate (5.041959ms)
✔ invalid winners never enter the payload or seed usable CAS tokens (1.120708ms)
✔ active metadata correction is stored with service authority before browser admission (2.363208ms)
✔ a foreign preparation lease cannot expose an unpersisted fence during first admission (1.044083ms)
✔ detached authority and receipt loaders establish the same canonical origin before mutation (5.791042ms)
✔ an approved Viewer initializes through user authority while edits and protected forgeries stay forbidden (1.667209ms)
✔ missing initializer support fails closed and never publishes a bootstrap candidate (0.737167ms)
✔ local freeze preparation refuses initial admission without projecting its transient identity (1.8485ms)
✔ malformed persisted bytes always destroy the validation document (0.171292ms)
✔ detached receipt documents are destroyed after immutable conflicts and persistence failures (3.362209ms)
✔ initialization retries transient transport failures without changing the candidate (0.982167ms)
✔ admission reloads concurrent durable movement and fails retryably after three moving snapshots (8.2255ms)
✔ real WebSocket untouched room is durable before sync and replays its exact cached state after restart (70.369125ms)
✔ revision relink uses one shared role boundary for the legacy UI and action (0.515417ms)
✔ canonical drawing room names round-trip lower-case UUID scopes only (1.989166ms)
✔ operation envelopes accept only the existing canonical drawing operation contract (2.034584ms)
✔ operation receipt source is canonical and excludes the non-authoritative client clock (0.269958ms)
✔ operation envelopes enforce protocol and bounded operation collections (1.895917ms)
✔ history lineage is bounded, paired, canonical, and exact (0.177917ms)
✔ server-only metadata and operation status reject client fields and malformed authority (0.196541ms)
✔ authoritative operation status preserves a deleted result as null (0.066041ms)
✔ append validation preserves the immutable operation order and accepts only the verified actor (0.731375ms)
✔ same durable operation ID is a convergent idempotent order entry (0.253083ms)
✔ operation order bounds unique IDs separately from recovery contributions (15.3ms)
✔ append validation accepts a bounded same-actor catch-up suffix (0.481416ms)
✔ append validation binds every new envelope to the canonical room revision (0.124ms)
✔ awareness is bounded, strict, and carries only ephemeral drawing state (0.50125ms)
✔ configuration fails closed without asymmetric auth and bounded service secrets (2.26875ms)
✔ JWT verification accepts RS256 and ES256 but rejects malformed claims and HS-only JWKS (40.56525ms)
✔ remote JWKS verification cache can be purged for signing-key rotation (28.787875ms)
✔ room authorization binds verified user, origin, room and authoritative capability (0.541666ms)
✔ empty documents are initialized by the server and complete client updates are clone-validated (11.292625ms)
✔ server bootstrap keeps oversized authoritative outcomes at the snapshot boundary (8.637166ms)
✔ client ingress and persisted validation reject malformed actor history transitions (6.78675ms)
✔ service bootstrap reconstructs accepted history before a restart redo (1.652375ms)
✔ service bootstrap preserves authoritative deletion results (1.782167ms)
✔ service bootstrap timestamp repair converges with the same durable client envelope (2.705916ms)
✔ clone validation accepts concurrent Y.Array appends in either Yjs order (1.623875ms)
✔ clone validation accepts concurrent recovery of the same immutable operation ID (1.717917ms)
✔ all boundaries reject one-sided duplicate contribution multiplicities (1.41925ms)
✔ clone validation rejects every hidden mismatched envelope across 100 CRDT orders (62.958375ms)
✔ clone validation rejects delete-reinsert reordering of existing operation entries (0.671625ms)
✔ clone validation rejects equal-value writes to protected CRDT structures (1.0175ms)
✔ Awareness is bounded and identity is overwritten from verified context (0.402ms)
✔ Awareness binds one clientId to its connection and bounds ten-second leases (2.114ms)
✔ real HocuspocusProvider syncs and publishes one bounded cursor state (78.725291ms)
✔ production-shaped first boot keeps server metadata authoritative and converges its pending operation (156.752875ms)
✔ storage retries transient reads and uses exact generation/SHA CAS without stale overwrite (0.402875ms)
✔ a Task 3 CAS conflict reloads, merges, validates, and retries once (1.827333ms)
✔ store reconciliation applies authoritative merged bytes and checkpoint back to the live room (0.848542ms)
✔ accepted polling and signed outcome receipts are authoritative and idempotent (1.258917ms)
✔ signed outcome receipts preserve every protocol-valid operation size (2.770625ms)
✔ signed outcome receipt verifier has one explicit 96 KiB boundary (0.367666ms)
✔ outcome endpoint persists a protocol-valid receipt above the legacy 16 KiB cap (36.371333ms)
✔ poll reconciliation validates the complete batch before one atomic status transaction (0.807291ms)
✔ poll reconciliation preserves exact accepted history lineage (0.767709ms)
✔ signed outcomes persist before 204 semantics, survive an unloaded room, and replay idempotently (1.420042ms)
✔ signed outcome replay accepts only a clock-repaired DB bootstrap operation (1.20975ms)
✔ polling persists server status with room scope and contains room lookup failures (2.000417ms)
✔ service reauthorization strips locks on a live read-only downgrade without dropping presence (1.593958ms)
✔ token sync strips live locks when refreshed authority becomes read-only (0.462583ms)
✔ Hocuspocus v4 decodes a real framed Sync/Update before collaboration validation (1.631041ms)
✔ health distinguishes readiness and graceful shutdown flushes exactly once (0.219459ms)
✔ the one-port server exposes real liveness and readiness HTTP probes (4.279625ms)
✔ internal endpoints enforce their distinct bounded request sizes before parsing (3.696958ms)
✔ outcome endpoint distinguishes invalid signatures from retriable persistence failures (2.93275ms)
✔ service startup fails closed when asymmetric JWKS preflight fails (0.184666ms)
✔ collaboration OCI contract is Node 22 multi-stage, non-root, one-port and self-healthchecked (1.757417ms)
✔ native reconciliation fills missing sequence without rebasing or losing a client operation and reaches peers (19.922792ms)
✔ native reconciliation preserves pending work and rejects identity or status collisions atomically (5.448125ms)
✔ native range pagination is complete and invalid or over-limit pages leave the ledger unchanged (124.484917ms)
✔ native lookup cannot cross a room freeze boundary or mutate a frozen room (0.74475ms)
✔ a foreign persisted lease fences a second coordinator before the owner reads (14.862458ms)
✔ an expired persisted lease permits one takeover and denies stale completion (2.830125ms)
✔ the active owner heartbeat renews the persisted cross-instance fence (2.649292ms)
✔ a detached-load preparation heartbeat persists until cancel (0.421542ms)
✔ same-request preparations share acquisition and only the last cancel releases (0.167333ms)
✔ an owner failure cannot release a same-request handoff preparation (0.535208ms)
✔ freeze manifest compares only immutable business fields and authoritative outcome (0.730416ms)
✔ freeze manifest preserves an authoritative deleted result (0.336792ms)
✔ pending and conflicted ledgers cannot freeze (0.518291ms)
✔ freeze persists freezing before frozen and is idempotent across a lost response (1.015625ms)
✔ a detached active owner fences a separately loaded document before begin commits (0.872708ms)
✔ the server owns a room before deferred detached storage load (3.439917ms)
✔ a committed freezing snapshot reconciles without mutating its identity (0.274583ms)
✔ freeze metadata reconciliation changes only the differing field (0.268458ms)
✔ a live Hocuspocus freeze persists only through the freeze transaction (28.378125ms)
✔ a persisted preparation lease rejects foreign live updates during detached load (1.956167ms)
✔ a same-request server retry shares the active owner before detached load (1.385459ms)
✔ an active freeze owner fences periodic recovery until review commits (1.096958ms)
✔ a completed owner lease expires deterministically and recovers once (1.00125ms)
✔ validation failure releases the matching request but committed review never releases (0.955292ms)
✔ a review commit racing release leaves the live document frozen (0.361541ms)
✔ a fresh server resolves interrupted and rejected freezes before admission (1.803083ms)
✔ fresh servers replay exact committed freezes without acquiring a draft lease (5.196042ms)
✔ rejection authority immediately releases an already-loaded live room (0.701084ms)
✔ freeze authentication uses a separate constant-time bounded secret (0.203708ms)
✔ application server freezes before the DB transition and releases the same request on validation failure (0.7455ms)
✔ application server reconciles the same freeze request after its response is lost (0.36425ms)
✔ a definitively rejected DB transition safely releases the draft freeze (0.348667ms)
✔ internal freeze handler rejects browser credentials and returns a persisted manifest (0.800167ms)
✔ collaboration append publishes its envelope and order atomically (5.431041ms)
✔ collaboration lifecycle identity uses only user, project, and revision IDs (0.069083ms)
✔ authoritative checkpoint identity includes exact receipt digest and result versions (6.9435ms)
✔ transactional bootstrap status and canWrite override a stale draft workspace row (0.183167ms)
✔ provider disconnect is visibly degraded and reconnect becomes connected (0.094667ms)
✔ P4 concurrent semantic operations converge and preserve hosted opening projection (10.019625ms)
✔ P4 concurrent same-wall edits use the existing version conflict path (1.541917ms)
✔ failed local initialization disposes each partial resource and a retry leaves one live attempt (0.421625ms)
✔ deferred local persistence installs one coherent checkpoint before edit and provider readiness (0.25175ms)
✔ a source mark during deferred checkpoint sync cannot connect the provider (0.110208ms)
✔ continuously advancing checkpoints terminate bounded and fail closed (11.735292ms)
✔ a slow checkpoint apply completes atomically before readiness (19.555125ms)
✔ adapter construction failure closes the already-open persistence and document (0.214083ms)
✔ document cleanup still runs when persistence disposal itself fails (0.106166ms)
✔ command bridge persists before appending and only then exposes the provider update (0.20825ms)
✔ command bridge never publishes when durable enqueue fails (0.103542ms)
✔ boot repair pairs outbox-only and Yjs-only operations without duplicates (0.363458ms)
✔ boot repair keeps a recovery claim only after the Yjs append is durable (0.248084ms)
✔ authoritative outcomes repair committed-unshared operations and clear the outbox (1.52725ms)
✔ a recovered canonical receipt persists its ACK tombstone across reload (1.724459ms)
✔ snapshot-only oversized outcomes do not enter the bounded local Yjs ledger (5.010209ms)
✔ snapshot-absorbed accepted history is acknowledged without replaying valid operations (0.661125ms)
✔ draft reconciliation rejects malformed checkpoint receipts before local repair (0.335166ms)
✔ a digest-matching accepted legacy oversized outbox operation is acknowledged without entering Yjs (6.581208ms)
✔ a digest match does not bypass non-size collaboration protocol limits (2.227667ms)
✔ accepted receipts verify every local operation digest before acknowledging any candidate (0.385333ms)
✔ an accepted receipt verifies both outbox and Yjs candidates sharing its ID (0.299334ms)
✔ accepted Yjs-only work is not re-enqueued before its receipt acknowledgement (0.215333ms)
✔ a remote receipt may verify the matching shared Yjs operation without becoming local outbox work (0.208416ms)
✔ a checkpoint recognizes all 257 locally ACKed operations beyond the recent receipt window (1372.270708ms)
✔ pending or ahead-of-checkpoint local statuses remain eligible for repair enqueue (2.760208ms)
✔ terminal rejected collaboration operations never resurrect into the outbox (0.605875ms)
✔ a durable HTTP ACK tombstone restores the local projection after reload without re-enqueue (1.969833ms)
✔ workspace collaboration bootstrap preserves deleted result tombstones (0.502625ms)
✔ workspace collaboration bootstrap rejects malformed outcome lineage (1.541125ms)
✔ snapshot bootstrap sources are strict canonical evidence before client hydration (0.439167ms)
✔ trusted bootstrap and checkpoint boundaries canonicalize only the exact P4 source producer (0.997541ms)
✔ snapshot-only accepted undo receipts stay at the authoritative boundary (0.112417ms)
✔ React server signs one idempotent collaboration outcome receipt (0.603ms)
✔ accepted deletion receipt keeps the authoritative null result (10.336917ms)
✔ an accepted RPC with a lost receipt remains retryable under the same operation ID (0.3615ms)
✔ a version conflict stays a client conflict but is rejected in the shared ledger (0.210625ms)
✔ a pending DXF attestation stays retryable without a terminal shared-ledger outcome (0.204208ms)
✔ conflict discard settles the exact suffix in DB before shared ledger receipts (0.458542ms)
✔ HTTP-only operation acknowledgement bypasses the disabled collaboration receipt service (0.185083ms)
✔ HTTP-only operation conflict remains terminal without the disabled receipt service (0.146208ms)
✔ HTTP-only review uses the legacy snapshot authority without opening a collaboration freeze (0.086167ms)
ℹ tests 155
ℹ suites 0
ℹ pass 155
ℹ fail 0
ℹ cancelled 0
ℹ skipped 0
ℹ todo 0
ℹ duration_ms 1655.114209
