✔ only review roles can assign a drawing issue (0.485375ms)
✔ closing requires an approval record while reviewers may reopen (0.08775ms)
✔ workers can request review but viewers cannot change status (0.05575ms)
✔ PDF anchors stay inside one page in normalized coordinates (0.064708ms)
✔ drawing issue input rejects blank titles and stale version values (0.820791ms)
✔ drawing anchors reject malformed IFC identity and overflow PDF regions (0.592042ms)
✔ drawing mutation parser requires a positive optimistic-lock version (0.714333ms)
✔ drawing mutation parser preserves issue and PDF anchor evidence (0.213834ms)
✔ drawing mutation parser covers comments, assignment, due date, priority, and deactivation (0.599459ms)
✔ React Router exposes the drawing library and collaboration room (0.131166ms)
✔ IFC viewer exposes deterministic camera capture and restore (0.483125ms)
✔ drawing issue panel exposes labeled operational controls (0.329625ms)
✔ drawing room exposes persisted anchors and append-only events (0.976042ms)
✔ IFC drawing room uses only a verified derivative bundle while PDF keeps its signed URL (0.401833ms)
✔ production SSR routes mount dot-client viewers only after hydration (0.488042ms)
✔ drawing workspace keeps the DXF request clock out of the server render (0.654083ms)
✔ PDF anchors are never copied and IFC candidates require one exact identity (0.533959ms)
ℹ tests 17
ℹ suites 0
ℹ pass 17
ℹ fail 0
ℹ cancelled 0
ℹ skipped 0
ℹ todo 0
ℹ duration_ms 205.878125
