✔ local Playwright server binds the same explicit host as its readiness URL (2.738125ms)
✔ drawing collaboration E2E covers roles, realtime, mobile, and cleanup (2.059625ms)
✔ drawing fixture provisions organization members before assigning RPC-only project roles (0.825625ms)
✔ drawing fixture finalizes verified PDF and IFC uploads without direct source metadata writes (1.392834ms)
✔ production drawing E2E has one deterministic npm entrypoint (0.565083ms)
✔ initialization adopts only the durable winner and seeds user and service CAS tokens (8.30875ms)
✔ browser admission waits for initialization and discards the losing bootstrap origin (3.747417ms)
✔ stale graph initialization rebuilds at most three candidates, while other failures propagate (4.710125ms)
✔ invalid winners never enter the payload or seed usable CAS tokens (1.137292ms)
✔ active metadata correction is stored with service authority before browser admission (2.283792ms)
✔ a foreign preparation lease cannot expose an unpersisted fence during first admission (1.008916ms)
✔ detached authority and receipt loaders establish the same canonical origin before mutation (5.294583ms)
✔ an approved Viewer initializes through user authority while edits and protected forgeries stay forbidden (1.97675ms)
✔ missing initializer support fails closed and never publishes a bootstrap candidate (0.785083ms)
✔ local freeze preparation refuses initial admission without projecting its transient identity (1.982459ms)
✔ malformed persisted bytes always destroy the validation document (0.261291ms)
✔ detached receipt documents are destroyed after immutable conflicts and persistence failures (3.18825ms)
✔ initialization retries transient transport failures without changing the candidate (0.991459ms)
✔ admission reloads concurrent durable movement and fails retryably after three moving snapshots (5.913542ms)
[onLoadDocument] Drawing collaboration reconciliation is not durable; retry admission.
[onLoadDocument] Drawing collaboration canonical initialization is unavailable.
✔ real WebSocket reports drawing-reconciling and explicit token retry adopts the same durable winner (18.304917ms)
✔ failed Hocuspocus initial admission destroys its unregistered payload (1.207333ms)
✔ real WebSocket untouched room is durable before sync and replays its exact cached state after restart (60.910834ms)
✔ revision relink uses one shared role boundary for the legacy UI and action (0.506834ms)
✔ canonical drawing room names round-trip lower-case UUID scopes only (2.115333ms)
✔ operation envelopes accept only the existing canonical drawing operation contract (2.425917ms)
✔ operation receipt source is canonical and excludes the non-authoritative client clock (0.252ms)
✔ operation envelopes enforce protocol and bounded operation collections (2.950625ms)
✔ history lineage is bounded, paired, canonical, and exact (0.202667ms)
✔ server-only metadata and operation status reject client fields and malformed authority (0.208916ms)
✔ authoritative operation status preserves a deleted result as null (0.072542ms)
✔ append validation preserves the immutable operation order and accepts only the verified actor (0.708584ms)
✔ same durable operation ID is a convergent idempotent order entry (0.228417ms)
✔ operation order bounds unique IDs separately from recovery contributions (15.958042ms)
✔ append validation accepts a bounded same-actor catch-up suffix (0.505583ms)
✔ append validation binds every new envelope to the canonical room revision (0.12125ms)
✔ awareness is bounded, strict, and carries only ephemeral drawing state (0.555916ms)
✔ configuration fails closed without asymmetric auth and bounded service secrets (2.358ms)
✔ JWT verification accepts RS256 and ES256 but rejects malformed claims and HS-only JWKS (64.523208ms)
✔ remote JWKS verification cache can be purged for signing-key rotation (25.949292ms)
✔ room authorization binds verified user, origin, room and authoritative capability (0.536542ms)
✔ empty documents are initialized by the server and complete client updates are clone-validated (11.317917ms)
✔ server bootstrap keeps oversized authoritative outcomes at the snapshot boundary (8.32225ms)
✔ client ingress and persisted validation reject malformed actor history transitions (6.713583ms)
✔ service bootstrap reconstructs accepted history before a restart redo (1.551541ms)
✔ service bootstrap preserves authoritative deletion results (2.033625ms)
✔ service bootstrap timestamp repair converges with the same durable client envelope (2.326666ms)
✔ clone validation accepts concurrent Y.Array appends in either Yjs order (1.430333ms)
✔ clone validation accepts concurrent recovery of the same immutable operation ID (1.680083ms)
✔ all boundaries reject one-sided duplicate contribution multiplicities (1.411375ms)
✔ clone validation rejects every hidden mismatched envelope across 100 CRDT orders (57.188ms)
✔ clone validation rejects delete-reinsert reordering of existing operation entries (0.642833ms)
✔ clone validation rejects equal-value writes to protected CRDT structures (0.969292ms)
✔ Awareness is bounded and identity is overwritten from verified context (0.39175ms)
✔ Awareness binds one clientId to its connection and bounds ten-second leases (2.014667ms)
✔ real HocuspocusProvider syncs and publishes one bounded cursor state (78.228042ms)
✔ production-shaped first boot keeps server metadata authoritative and converges its pending operation (156.129208ms)
✔ storage retries transient reads and uses exact generation/SHA CAS without stale overwrite (0.429125ms)
✔ a Task 3 CAS conflict reloads, merges, validates, and retries once (1.935625ms)
✔ store reconciliation applies authoritative merged bytes and checkpoint back to the live room (0.951291ms)
✔ accepted polling and signed outcome receipts are authoritative and idempotent (0.96825ms)
✔ signed outcome receipts preserve every protocol-valid operation size (2.647625ms)
✔ signed outcome receipt verifier has one explicit 96 KiB boundary (0.323708ms)
✔ outcome endpoint persists a protocol-valid receipt above the legacy 16 KiB cap (36.91925ms)
✔ poll reconciliation validates the complete batch before one atomic status transaction (0.797917ms)
✔ poll reconciliation preserves exact accepted history lineage (0.842833ms)
✔ signed outcomes persist before 204 semantics, survive an unloaded room, and replay idempotently (1.424084ms)
✔ signed outcome replay accepts only a clock-repaired DB bootstrap operation (1.147708ms)
✔ polling persists server status with room scope and contains room lookup failures (1.769125ms)
✔ service reauthorization strips locks on a live read-only downgrade without dropping presence (1.094542ms)
✔ token sync strips live locks when refreshed authority becomes read-only (0.378458ms)
✔ Hocuspocus v4 decodes a real framed Sync/Update before collaboration validation (1.356041ms)
✔ health distinguishes readiness and graceful shutdown flushes exactly once (0.149666ms)
✔ the one-port server exposes real liveness and readiness HTTP probes (4.271292ms)
✔ internal endpoints enforce their distinct bounded request sizes before parsing (3.58625ms)
✔ outcome endpoint distinguishes invalid signatures from retriable persistence failures (3.611458ms)
✔ service startup fails closed when asymmetric JWKS preflight fails (0.220041ms)
✔ collaboration OCI contract is Node 22 multi-stage, non-root, one-port and self-healthchecked (1.54625ms)
✔ native reconciliation fills missing sequence without rebasing or losing a client operation and reaches peers (20.5085ms)
✔ native reconciliation preserves pending work and rejects identity or status collisions atomically (5.308916ms)
✔ native range pagination is complete and invalid or over-limit pages leave the ledger unchanged (123.616667ms)
✔ native lookup cannot cross a room freeze boundary or mutate a frozen room (0.889917ms)
✔ a foreign persisted lease fences a second coordinator before the owner reads (14.562459ms)
✔ an expired persisted lease permits one takeover and denies stale completion (2.527167ms)
✔ the active owner heartbeat renews the persisted cross-instance fence (3.206583ms)
✔ a detached-load preparation heartbeat persists until cancel (0.440417ms)
✔ same-request preparations share acquisition and only the last cancel releases (0.185875ms)
✔ an owner failure cannot release a same-request handoff preparation (0.683833ms)
✔ freeze manifest compares only immutable business fields and authoritative outcome (1.014875ms)
✔ freeze manifest preserves an authoritative deleted result (0.483542ms)
✔ pending and conflicted ledgers cannot freeze (0.69475ms)
✔ freeze persists freezing before frozen and is idempotent across a lost response (1.905458ms)
✔ a detached active owner fences a separately loaded document before begin commits (1.327375ms)
✔ the server owns a room before deferred detached storage load (4.7325ms)
✔ a committed freezing snapshot reconciles without mutating its identity (0.391208ms)
✔ freeze metadata reconciliation changes only the differing field (0.36975ms)
✔ a live Hocuspocus freeze persists only through the freeze transaction (27.648541ms)
✔ a persisted preparation lease rejects foreign live updates during detached load (1.549791ms)
✔ a same-request server retry shares the active owner before detached load (1.639042ms)
✔ an active freeze owner fences periodic recovery until review commits (1.072084ms)
✔ a completed owner lease expires deterministically and recovers once (0.878458ms)
✔ validation failure releases the matching request but committed review never releases (1.010625ms)
✔ a review commit racing release leaves the live document frozen (0.397708ms)
✔ a fresh server resolves interrupted and rejected freezes before admission (1.368583ms)
✔ fresh servers replay exact committed freezes without acquiring a draft lease (3.739209ms)
✔ rejection authority immediately releases an already-loaded live room (0.6965ms)
✔ freeze authentication uses a separate constant-time bounded secret (0.204458ms)
✔ application server freezes before the DB transition and releases the same request on validation failure (0.754709ms)
✔ application server reconciles the same freeze request after its response is lost (0.377667ms)
✔ a definitively rejected DB transition safely releases the draft freeze (0.404708ms)
✔ internal freeze handler rejects browser credentials and returns a persisted manifest (0.815542ms)
✔ collaboration append publishes its envelope and order atomically (5.695333ms)
✔ collaboration lifecycle identity uses only user, project, and revision IDs (0.07375ms)
✔ authoritative checkpoint identity includes exact receipt digest and result versions (7.027916ms)
✔ transactional bootstrap status and canWrite override a stale draft workspace row (0.110458ms)
✔ provider disconnect is visibly degraded and reconnect becomes connected (0.074708ms)
✔ P4 concurrent semantic operations converge and preserve hosted opening projection (10.431916ms)
✔ P4 concurrent same-wall edits use the existing version conflict path (1.622166ms)
✔ failed local initialization disposes each partial resource and a retry leaves one live attempt (0.5485ms)
✔ deferred local persistence installs one coherent checkpoint before edit and provider readiness (0.27525ms)
✔ a source mark during deferred checkpoint sync cannot connect the provider (0.110666ms)
✔ continuously advancing checkpoints terminate bounded and fail closed (11.020334ms)
✔ a slow checkpoint apply completes atomically before readiness (22.390959ms)
✔ adapter construction failure closes the already-open persistence and document (0.215541ms)
✔ document cleanup still runs when persistence disposal itself fails (0.227792ms)
✔ command bridge persists before appending and only then exposes the provider update (0.235333ms)
✔ command bridge never publishes when durable enqueue fails (0.303917ms)
✔ boot repair pairs outbox-only and Yjs-only operations without duplicates (0.424709ms)
✔ boot repair keeps a recovery claim only after the Yjs append is durable (0.268792ms)
✔ authoritative outcomes repair committed-unshared operations and clear the outbox (1.652584ms)
✔ a recovered canonical receipt persists its ACK tombstone across reload (2.205208ms)
✔ snapshot-only oversized outcomes do not enter the bounded local Yjs ledger (5.7165ms)
✔ snapshot-absorbed accepted history is acknowledged without replaying valid operations (0.736792ms)
✔ draft reconciliation rejects malformed checkpoint receipts before local repair (0.452667ms)
✔ a digest-matching accepted legacy oversized outbox operation is acknowledged without entering Yjs (6.563084ms)
✔ a digest match does not bypass non-size collaboration protocol limits (2.170959ms)
✔ accepted receipts verify every local operation digest before acknowledging any candidate (0.332333ms)
✔ an accepted receipt verifies both outbox and Yjs candidates sharing its ID (0.315208ms)
✔ accepted Yjs-only work is not re-enqueued before its receipt acknowledgement (0.221417ms)
✔ a remote receipt may verify the matching shared Yjs operation without becoming local outbox work (0.213458ms)
✔ a checkpoint recognizes all 257 locally ACKed operations beyond the recent receipt window (1362.389ms)
✔ pending or ahead-of-checkpoint local statuses remain eligible for repair enqueue (2.910708ms)
✔ terminal rejected collaboration operations never resurrect into the outbox (0.714625ms)
✔ a durable HTTP ACK tombstone restores the local projection after reload without re-enqueue (2.141833ms)
✔ workspace collaboration bootstrap preserves deleted result tombstones (0.585667ms)
✔ workspace collaboration bootstrap rejects malformed outcome lineage (0.699792ms)
✔ snapshot bootstrap sources are strict canonical evidence before client hydration (1.708625ms)
✔ trusted bootstrap and checkpoint boundaries canonicalize only the exact P4 source producer (1.13125ms)
✔ snapshot-only accepted undo receipts stay at the authoritative boundary (0.120541ms)
✔ React server signs one idempotent collaboration outcome receipt (0.617875ms)
✔ accepted deletion receipt keeps the authoritative null result (11.17275ms)
✔ an accepted RPC with a lost receipt remains retryable under the same operation ID (0.347041ms)
✔ a version conflict stays a client conflict but is rejected in the shared ledger (0.206667ms)
✔ a pending DXF attestation stays retryable without a terminal shared-ledger outcome (0.199083ms)
✔ conflict discard settles the exact suffix in DB before shared ledger receipts (0.459ms)
✔ HTTP-only operation acknowledgement bypasses the disabled collaboration receipt service (0.184208ms)
✔ HTTP-only operation conflict remains terminal without the disabled receipt service (0.153792ms)
✔ HTTP-only review uses the legacy snapshot authority without opening a collaboration freeze (0.078917ms)
ℹ tests 157
ℹ suites 0
ℹ pass 157
ℹ fail 0
ℹ cancelled 0
ℹ skipped 0
ℹ todo 0
ℹ duration_ms 1633.992458
