✔ local Playwright server binds the same explicit host as its readiness URL (5.892334ms)
✔ drawing collaboration E2E covers roles, realtime, mobile, and cleanup (7.624416ms)
✔ drawing fixture provisions organization members before assigning RPC-only project roles (1.075541ms)
✔ drawing fixture finalizes verified PDF and IFC uploads without direct source metadata writes (3.039042ms)
✔ production drawing E2E has one deterministic npm entrypoint (0.664916ms)
✔ initialization adopts only the durable winner and seeds user and service CAS tokens (6.336709ms)
✔ browser admission waits for initialization and discards the losing bootstrap origin (3.247667ms)
✔ stale graph initialization rebuilds at most three candidates, while other failures propagate (4.352708ms)
✔ invalid winners never enter the payload or seed usable CAS tokens (1.155041ms)
✔ active metadata correction is stored with service authority before browser admission (2.785666ms)
✔ a foreign preparation lease cannot expose an unpersisted fence during first admission (2.573667ms)
✔ detached authority and receipt loaders establish the same canonical origin before mutation (5.404334ms)
✔ an approved Viewer initializes through user authority while edits and protected forgeries stay forbidden (1.718209ms)
✔ missing initializer support fails closed and never publishes a bootstrap candidate (0.744625ms)
✔ local freeze preparation refuses initial admission without projecting its transient identity (1.820791ms)
✔ malformed persisted bytes always destroy the validation document (0.153ms)
✔ detached receipt documents are destroyed after immutable conflicts and persistence failures (2.716334ms)
✔ initialization retries transient transport failures without changing the candidate (0.784541ms)
✔ admission reloads concurrent durable movement and fails retryably after three moving snapshots (8.319209ms)
✔ real WebSocket untouched room is durable before sync and replays its exact cached state after restart (76.796333ms)
✔ revision relink uses one shared role boundary for the legacy UI and action (0.414916ms)
✔ canonical drawing room names round-trip lower-case UUID scopes only (1.982916ms)
✔ operation envelopes accept only the existing canonical drawing operation contract (1.643584ms)
✔ operation receipt source is canonical and excludes the non-authoritative client clock (0.230292ms)
✔ operation envelopes enforce protocol and bounded operation collections (2.885ms)
✔ history lineage is bounded, paired, canonical, and exact (0.477833ms)
✔ server-only metadata and operation status reject client fields and malformed authority (0.334125ms)
✔ authoritative operation status preserves a deleted result as null (0.134166ms)
✔ append validation preserves the immutable operation order and accepts only the verified actor (0.808334ms)
✔ same durable operation ID is a convergent idempotent order entry (0.234042ms)
✔ operation order bounds unique IDs separately from recovery contributions (36.47625ms)
✔ append validation accepts a bounded same-actor catch-up suffix (0.775042ms)
✔ append validation binds every new envelope to the canonical room revision (0.122792ms)
✔ awareness is bounded, strict, and carries only ephemeral drawing state (0.520917ms)
✔ configuration fails closed without asymmetric auth and bounded service secrets (2.457416ms)
✔ JWT verification accepts RS256 and ES256 but rejects malformed claims and HS-only JWKS (89.589334ms)
✔ remote JWKS verification cache can be purged for signing-key rotation (20.434625ms)
✔ room authorization binds verified user, origin, room and authoritative capability (0.460041ms)
✔ empty documents are initialized by the server and complete client updates are clone-validated (12.283167ms)
✔ server bootstrap keeps oversized authoritative outcomes at the snapshot boundary (9.494042ms)
✔ client ingress and persisted validation reject malformed actor history transitions (6.928417ms)
✔ service bootstrap reconstructs accepted history before a restart redo (3.397792ms)
✔ service bootstrap preserves authoritative deletion results (0.637292ms)
✔ service bootstrap timestamp repair converges with the same durable client envelope (2.409959ms)
✔ clone validation accepts concurrent Y.Array appends in either Yjs order (1.653417ms)
✔ clone validation accepts concurrent recovery of the same immutable operation ID (2.047208ms)
✔ all boundaries reject one-sided duplicate contribution multiplicities (1.49825ms)
✔ clone validation rejects every hidden mismatched envelope across 100 CRDT orders (62.091709ms)
✔ clone validation rejects delete-reinsert reordering of existing operation entries (0.868208ms)
✔ clone validation rejects equal-value writes to protected CRDT structures (1.042583ms)
✔ Awareness is bounded and identity is overwritten from verified context (0.395709ms)
✔ Awareness binds one clientId to its connection and bounds ten-second leases (2.142542ms)
✔ real HocuspocusProvider syncs and publishes one bounded cursor state (77.620333ms)
✔ production-shaped first boot keeps server metadata authoritative and converges its pending operation (156.542417ms)
✔ storage retries transient reads and uses exact generation/SHA CAS without stale overwrite (0.447458ms)
✔ a Task 3 CAS conflict reloads, merges, validates, and retries once (2.183875ms)
✔ store reconciliation applies authoritative merged bytes and checkpoint back to the live room (1.004042ms)
✔ accepted polling and signed outcome receipts are authoritative and idempotent (1.060833ms)
✔ signed outcome receipts preserve every protocol-valid operation size (2.63325ms)
✔ signed outcome receipt verifier has one explicit 96 KiB boundary (0.356875ms)
✔ outcome endpoint persists a protocol-valid receipt above the legacy 16 KiB cap (39.661417ms)
✔ poll reconciliation validates the complete batch before one atomic status transaction (0.853542ms)
✔ poll reconciliation preserves exact accepted history lineage (0.884959ms)
✔ signed outcomes persist before 204 semantics, survive an unloaded room, and replay idempotently (1.82ms)
✔ signed outcome replay accepts only a clock-repaired DB bootstrap operation (1.26525ms)
✔ polling persists server status with room scope and contains room lookup failures (2.336375ms)
✔ service reauthorization strips locks on a live read-only downgrade without dropping presence (1.185833ms)
✔ token sync strips live locks when refreshed authority becomes read-only (0.412ms)
✔ Hocuspocus v4 decodes a real framed Sync/Update before collaboration validation (1.795333ms)
✔ health distinguishes readiness and graceful shutdown flushes exactly once (0.22425ms)
✔ the one-port server exposes real liveness and readiness HTTP probes (4.410333ms)
✔ internal endpoints enforce their distinct bounded request sizes before parsing (4.206083ms)
✔ outcome endpoint distinguishes invalid signatures from retriable persistence failures (3.486708ms)
✔ service startup fails closed when asymmetric JWKS preflight fails (0.199ms)
✔ collaboration OCI contract is Node 22 multi-stage, non-root, one-port and self-healthchecked (2.73175ms)
✔ native reconciliation fills missing sequence without rebasing or losing a client operation and reaches peers (23.599959ms)
✔ native reconciliation preserves pending work and rejects identity or status collisions atomically (6.704ms)
✔ native range pagination is complete and invalid or over-limit pages leave the ledger unchanged (127.427708ms)
✔ native lookup cannot cross a room freeze boundary or mutate a frozen room (0.792583ms)
✔ a foreign persisted lease fences a second coordinator before the owner reads (14.682916ms)
✔ an expired persisted lease permits one takeover and denies stale completion (2.930375ms)
✔ the active owner heartbeat renews the persisted cross-instance fence (3.200833ms)
✔ a detached-load preparation heartbeat persists until cancel (0.447208ms)
✔ same-request preparations share acquisition and only the last cancel releases (0.178833ms)
✔ an owner failure cannot release a same-request handoff preparation (0.70175ms)
✔ freeze manifest compares only immutable business fields and authoritative outcome (0.877166ms)
✔ freeze manifest preserves an authoritative deleted result (0.395792ms)
✔ pending and conflicted ledgers cannot freeze (0.755292ms)
✔ freeze persists freezing before frozen and is idempotent across a lost response (1.355167ms)
✔ a detached active owner fences a separately loaded document before begin commits (1.332667ms)
✔ the server owns a room before deferred detached storage load (4.985417ms)
✔ a committed freezing snapshot reconciles without mutating its identity (0.513125ms)
✔ freeze metadata reconciliation changes only the differing field (0.425417ms)
✔ a live Hocuspocus freeze persists only through the freeze transaction (29.262958ms)
✔ a persisted preparation lease rejects foreign live updates during detached load (2.442458ms)
✔ a same-request server retry shares the active owner before detached load (1.453ms)
✔ an active freeze owner fences periodic recovery until review commits (1.036125ms)
✔ a completed owner lease expires deterministically and recovers once (0.839ms)
✔ validation failure releases the matching request but committed review never releases (0.8105ms)
✔ a review commit racing release leaves the live document frozen (0.404375ms)
✔ a fresh server resolves interrupted and rejected freezes before admission (1.648875ms)
✔ fresh servers replay exact committed freezes without acquiring a draft lease (3.214667ms)
✔ rejection authority immediately releases an already-loaded live room (0.6875ms)
✔ freeze authentication uses a separate constant-time bounded secret (0.203917ms)
✔ application server freezes before the DB transition and releases the same request on validation failure (0.806375ms)
✔ application server reconciles the same freeze request after its response is lost (0.390125ms)
✔ a definitively rejected DB transition safely releases the draft freeze (0.379166ms)
✔ internal freeze handler rejects browser credentials and returns a persisted manifest (0.859458ms)
✔ collaboration append publishes its envelope and order atomically (5.583458ms)
✔ collaboration lifecycle identity uses only user, project, and revision IDs (0.07925ms)
✔ authoritative checkpoint identity includes exact receipt digest and result versions (6.883209ms)
✔ transactional bootstrap status and canWrite override a stale draft workspace row (0.08775ms)
✔ provider disconnect is visibly degraded and reconnect becomes connected (0.067209ms)
✔ P4 concurrent semantic operations converge and preserve hosted opening projection (11.196625ms)
✔ P4 concurrent same-wall edits use the existing version conflict path (1.578083ms)
✔ failed local initialization disposes each partial resource and a retry leaves one live attempt (0.436208ms)
✔ deferred local persistence installs one coherent checkpoint before edit and provider readiness (0.241792ms)
✔ a source mark during deferred checkpoint sync cannot connect the provider (0.115333ms)
✔ continuously advancing checkpoints terminate bounded and fail closed (11.384125ms)
✔ a slow checkpoint apply completes atomically before readiness (19.807042ms)
✔ adapter construction failure closes the already-open persistence and document (0.248708ms)
✔ document cleanup still runs when persistence disposal itself fails (0.1055ms)
✔ command bridge persists before appending and only then exposes the provider update (0.209625ms)
✔ command bridge never publishes when durable enqueue fails (0.120583ms)
✔ boot repair pairs outbox-only and Yjs-only operations without duplicates (0.51625ms)
✔ boot repair keeps a recovery claim only after the Yjs append is durable (0.30425ms)
✔ authoritative outcomes repair committed-unshared operations and clear the outbox (1.541459ms)
✔ a recovered canonical receipt persists its ACK tombstone across reload (1.981542ms)
✔ snapshot-only oversized outcomes do not enter the bounded local Yjs ledger (5.54125ms)
✔ snapshot-absorbed accepted history is acknowledged without replaying valid operations (0.647ms)
✔ draft reconciliation rejects malformed checkpoint receipts before local repair (0.337834ms)
✔ a digest-matching accepted legacy oversized outbox operation is acknowledged without entering Yjs (6.766084ms)
✔ a digest match does not bypass non-size collaboration protocol limits (2.285333ms)
✔ accepted receipts verify every local operation digest before acknowledging any candidate (0.316167ms)
✔ an accepted receipt verifies both outbox and Yjs candidates sharing its ID (0.286458ms)
✔ accepted Yjs-only work is not re-enqueued before its receipt acknowledgement (0.217416ms)
✔ a remote receipt may verify the matching shared Yjs operation without becoming local outbox work (0.204958ms)
✔ a checkpoint recognizes all 257 locally ACKed operations beyond the recent receipt window (1381.836958ms)
✔ pending or ahead-of-checkpoint local statuses remain eligible for repair enqueue (2.755667ms)
✔ terminal rejected collaboration operations never resurrect into the outbox (0.687333ms)
✔ a durable HTTP ACK tombstone restores the local projection after reload without re-enqueue (2.02125ms)
✔ workspace collaboration bootstrap preserves deleted result tombstones (0.61725ms)
✔ workspace collaboration bootstrap rejects malformed outcome lineage (1.857042ms)
✔ snapshot bootstrap sources are strict canonical evidence before client hydration (0.458708ms)
✔ trusted bootstrap and checkpoint boundaries canonicalize only the exact P4 source producer (0.937209ms)
✔ snapshot-only accepted undo receipts stay at the authoritative boundary (0.094708ms)
✔ React server signs one idempotent collaboration outcome receipt (0.5225ms)
✔ accepted deletion receipt keeps the authoritative null result (10.4335ms)
✔ an accepted RPC with a lost receipt remains retryable under the same operation ID (0.410125ms)
✔ a version conflict stays a client conflict but is rejected in the shared ledger (0.220625ms)
✔ a pending DXF attestation stays retryable without a terminal shared-ledger outcome (0.224625ms)
✔ conflict discard settles the exact suffix in DB before shared ledger receipts (0.491ms)
✔ HTTP-only operation acknowledgement bypasses the disabled collaboration receipt service (0.183833ms)
✔ HTTP-only operation conflict remains terminal without the disabled receipt service (0.146916ms)
✔ HTTP-only review uses the legacy snapshot authority without opening a collaboration freeze (0.0895ms)
ℹ tests 155
ℹ suites 0
ℹ pass 155
ℹ fail 0
ℹ cancelled 0
ℹ skipped 0
ℹ todo 0
ℹ duration_ms 1670.691125
