✔ local Playwright server binds the same explicit host as its readiness URL (3.102834ms)
✔ drawing collaboration E2E covers roles, realtime, mobile, and cleanup (2.249333ms)
✔ drawing fixture provisions organization members before assigning RPC-only project roles (0.786167ms)
✔ drawing fixture finalizes verified PDF and IFC uploads without direct source metadata writes (1.492291ms)
✔ production drawing E2E has one deterministic npm entrypoint (0.56725ms)
✔ initialization adopts only the durable winner and seeds user and service CAS tokens (7.140916ms)
✔ browser admission waits for initialization and discards the losing bootstrap origin (3.621417ms)
✔ stale graph initialization rebuilds at most three candidates, while other failures propagate (4.866625ms)
✔ invalid winners never enter the payload or seed usable CAS tokens (1.103833ms)
✔ active metadata correction is stored with service authority before browser admission (2.263959ms)
✔ a foreign preparation lease cannot expose an unpersisted fence during first admission (1.037583ms)
✔ detached authority and receipt loaders establish the same canonical origin before mutation (4.300375ms)
✔ an approved Viewer initializes through user authority while edits and protected forgeries stay forbidden (1.611875ms)
✔ missing initializer support fails closed and never publishes a bootstrap candidate (0.738709ms)
✔ local freeze preparation refuses initial admission without projecting its transient identity (2.302417ms)
✔ malformed persisted bytes always destroy the validation document (0.201584ms)
✔ detached receipt documents are destroyed after immutable conflicts and persistence failures (3.269625ms)
✔ initialization retries transient transport failures without changing the candidate (1.043333ms)
✔ admission reloads concurrent durable movement and fails retryably after three moving snapshots (7.198416ms)
[onLoadDocument] Drawing collaboration reconciliation is not durable; retry admission.
[onLoadDocument] Drawing collaboration canonical initialization is unavailable.
✔ real WebSocket reports drawing-reconciling and explicit token retry adopts the same durable winner (19.844917ms)
✔ failed Hocuspocus initial admission destroys its unregistered payload (1.029375ms)
✔ real WebSocket untouched room is durable before sync and replays its exact cached state after restart (58.451916ms)
✔ revision relink uses one shared role boundary for the legacy UI and action (0.399208ms)
✔ canonical drawing room names round-trip lower-case UUID scopes only (2.345583ms)
✔ operation envelopes accept only the existing canonical drawing operation contract (2.007791ms)
✔ operation receipt source is canonical and excludes the non-authoritative client clock (0.245042ms)
✔ operation envelopes enforce protocol and bounded operation collections (2.165291ms)
✔ history lineage is bounded, paired, canonical, and exact (0.197875ms)
✔ server-only metadata and operation status reject client fields and malformed authority (0.225417ms)
✔ authoritative operation status preserves a deleted result as null (0.072833ms)
✔ append validation preserves the immutable operation order and accepts only the verified actor (0.854792ms)
✔ same durable operation ID is a convergent idempotent order entry (0.277792ms)
✔ operation order bounds unique IDs separately from recovery contributions (15.770125ms)
✔ append validation accepts a bounded same-actor catch-up suffix (0.465875ms)
✔ append validation binds every new envelope to the canonical room revision (0.118667ms)
✔ awareness is bounded, strict, and carries only ephemeral drawing state (0.54025ms)
✔ configuration fails closed without asymmetric auth and bounded service secrets (2.481625ms)
✔ JWT verification accepts RS256 and ES256 but rejects malformed claims and HS-only JWKS (184.06425ms)
✔ remote JWKS verification cache can be purged for signing-key rotation (19.914541ms)
✔ room authorization binds verified user, origin, room and authoritative capability (0.534292ms)
✔ empty documents are initialized by the server and complete client updates are clone-validated (10.945708ms)
✔ server bootstrap keeps oversized authoritative outcomes at the snapshot boundary (8.097667ms)
✔ client ingress and persisted validation reject malformed actor history transitions (5.927167ms)
✔ service bootstrap reconstructs accepted history before a restart redo (1.528334ms)
✔ service bootstrap preserves authoritative deletion results (1.8145ms)
✔ service bootstrap timestamp repair converges with the same durable client envelope (2.539166ms)
✔ clone validation accepts concurrent Y.Array appends in either Yjs order (1.773458ms)
✔ clone validation accepts concurrent recovery of the same immutable operation ID (1.78775ms)
✔ all boundaries reject one-sided duplicate contribution multiplicities (1.386708ms)
✔ clone validation rejects every hidden mismatched envelope across 100 CRDT orders (60.849833ms)
✔ clone validation rejects delete-reinsert reordering of existing operation entries (0.646542ms)
✔ clone validation rejects equal-value writes to protected CRDT structures (0.977792ms)
✔ Awareness is bounded and identity is overwritten from verified context (0.403333ms)
✔ Awareness binds one clientId to its connection and bounds ten-second leases (2.4095ms)
✔ real HocuspocusProvider syncs and publishes one bounded cursor state (79.215292ms)
✔ production-shaped first boot keeps server metadata authoritative and converges its pending operation (155.638334ms)
✔ storage retries transient reads and uses exact generation/SHA CAS without stale overwrite (0.440208ms)
✔ a Task 3 CAS conflict reloads, merges, validates, and retries once (1.926416ms)
✔ store reconciliation applies authoritative merged bytes and checkpoint back to the live room (0.855583ms)
✔ accepted polling and signed outcome receipts are authoritative and idempotent (1.013333ms)
✔ signed outcome receipts preserve every protocol-valid operation size (2.728375ms)
✔ signed outcome receipt verifier has one explicit 96 KiB boundary (0.35525ms)
✔ outcome endpoint persists a protocol-valid receipt above the legacy 16 KiB cap (37.372792ms)
✔ poll reconciliation validates the complete batch before one atomic status transaction (0.803834ms)
✔ poll reconciliation preserves exact accepted history lineage (0.7845ms)
✔ signed outcomes persist before 204 semantics, survive an unloaded room, and replay idempotently (1.472333ms)
✔ signed outcome replay accepts only a clock-repaired DB bootstrap operation (1.15475ms)
✔ polling persists server status with room scope and contains room lookup failures (1.6615ms)
✔ service reauthorization strips locks on a live read-only downgrade without dropping presence (1.394625ms)
✔ token sync strips live locks when refreshed authority becomes read-only (0.465708ms)
✔ Hocuspocus v4 decodes a real framed Sync/Update before collaboration validation (1.693875ms)
✔ health distinguishes readiness and graceful shutdown flushes exactly once (0.233875ms)
✔ the one-port server exposes real liveness and readiness HTTP probes (4.651167ms)
✔ internal endpoints enforce their distinct bounded request sizes before parsing (4.265291ms)
✔ outcome endpoint distinguishes invalid signatures from retriable persistence failures (4.010416ms)
✔ service startup fails closed when asymmetric JWKS preflight fails (0.249167ms)
✔ collaboration OCI contract is Node 22 multi-stage, non-root, one-port and self-healthchecked (1.599ms)
✔ native reconciliation fills missing sequence without rebasing or losing a client operation and reaches peers (23.613875ms)
✔ native reconciliation preserves pending work and rejects identity or status collisions atomically (5.3765ms)
✔ native range pagination is complete and invalid or over-limit pages leave the ledger unchanged (133.32525ms)
✔ native lookup cannot cross a room freeze boundary or mutate a frozen room (0.913667ms)
✔ a foreign persisted lease fences a second coordinator before the owner reads (16.552333ms)
✔ an expired persisted lease permits one takeover and denies stale completion (2.638ms)
✔ the active owner heartbeat renews the persisted cross-instance fence (3.24275ms)
✔ a detached-load preparation heartbeat persists until cancel (0.432292ms)
✔ same-request preparations share acquisition and only the last cancel releases (0.190583ms)
✔ an owner failure cannot release a same-request handoff preparation (0.6775ms)
✔ freeze manifest compares only immutable business fields and authoritative outcome (0.939834ms)
✔ freeze manifest preserves an authoritative deleted result (0.38825ms)
✔ pending and conflicted ledgers cannot freeze (0.75075ms)
✔ freeze persists freezing before frozen and is idempotent across a lost response (1.375709ms)
✔ a detached active owner fences a separately loaded document before begin commits (1.245792ms)
✔ the server owns a room before deferred detached storage load (5.212542ms)
✔ a committed freezing snapshot reconciles without mutating its identity (0.468959ms)
✔ freeze metadata reconciliation changes only the differing field (0.404542ms)
✔ a live Hocuspocus freeze persists only through the freeze transaction (29.1105ms)
✔ a persisted preparation lease rejects foreign live updates during detached load (1.717834ms)
✔ a same-request server retry shares the active owner before detached load (1.252125ms)
✔ an active freeze owner fences periodic recovery until review commits (1.24925ms)
✔ a completed owner lease expires deterministically and recovers once (1.011875ms)
✔ validation failure releases the matching request but committed review never releases (1.30375ms)
✔ a review commit racing release leaves the live document frozen (0.448916ms)
✔ a fresh server resolves interrupted and rejected freezes before admission (1.38525ms)
✔ fresh servers replay exact committed freezes without acquiring a draft lease (4.214042ms)
✔ rejection authority immediately releases an already-loaded live room (0.726417ms)
✔ freeze authentication uses a separate constant-time bounded secret (0.224583ms)
✔ application server freezes before the DB transition and releases the same request on validation failure (0.7735ms)
✔ application server reconciles the same freeze request after its response is lost (0.635625ms)
✔ a definitively rejected DB transition safely releases the draft freeze (0.461042ms)
✔ internal freeze handler rejects browser credentials and returns a persisted manifest (0.952167ms)
✔ collaboration append publishes its envelope and order atomically (5.730792ms)
✔ collaboration lifecycle identity uses only user, project, and revision IDs (0.070834ms)
✔ authoritative checkpoint identity includes exact receipt digest and result versions (6.816625ms)
✔ transactional bootstrap status and canWrite override a stale draft workspace row (0.085834ms)
✔ provider disconnect is visibly degraded and reconnect becomes connected (0.064833ms)
✔ P4 concurrent semantic operations converge and preserve hosted opening projection (10.017792ms)
✔ P4 concurrent same-wall edits use the existing version conflict path (1.54375ms)
✔ failed local initialization disposes each partial resource and a retry leaves one live attempt (0.416166ms)
✔ deferred local persistence installs one coherent checkpoint before edit and provider readiness (0.277ms)
✔ a source mark during deferred checkpoint sync cannot connect the provider (0.110958ms)
✔ continuously advancing checkpoints terminate bounded and fail closed (11.51575ms)
✔ a slow checkpoint apply completes atomically before readiness (22.50425ms)
✔ adapter construction failure closes the already-open persistence and document (0.288334ms)
✔ document cleanup still runs when persistence disposal itself fails (0.109417ms)
✔ command bridge persists before appending and only then exposes the provider update (0.330292ms)
✔ command bridge never publishes when durable enqueue fails (0.216625ms)
✔ boot repair pairs outbox-only and Yjs-only operations without duplicates (0.41725ms)
✔ boot repair keeps a recovery claim only after the Yjs append is durable (0.266584ms)
✔ authoritative outcomes repair committed-unshared operations and clear the outbox (2.068625ms)
✔ a recovered canonical receipt persists its ACK tombstone across reload (3.284542ms)
✔ snapshot-only oversized outcomes do not enter the bounded local Yjs ledger (6.304917ms)
✔ snapshot-absorbed accepted history is acknowledged without replaying valid operations (0.645125ms)
✔ draft reconciliation rejects malformed checkpoint receipts before local repair (0.327333ms)
✔ a digest-matching accepted legacy oversized outbox operation is acknowledged without entering Yjs (7.14075ms)
✔ a digest match does not bypass non-size collaboration protocol limits (2.371792ms)
✔ accepted receipts verify every local operation digest before acknowledging any candidate (0.376833ms)
✔ an accepted receipt verifies both outbox and Yjs candidates sharing its ID (0.361041ms)
✔ accepted Yjs-only work is not re-enqueued before its receipt acknowledgement (0.319833ms)
✔ a remote receipt may verify the matching shared Yjs operation without becoming local outbox work (0.234625ms)
✔ a checkpoint recognizes all 257 locally ACKed operations beyond the recent receipt window (1406.17825ms)
✔ pending or ahead-of-checkpoint local statuses remain eligible for repair enqueue (2.872875ms)
✔ terminal rejected collaboration operations never resurrect into the outbox (0.910667ms)
✔ a durable HTTP ACK tombstone restores the local projection after reload without re-enqueue (2.0655ms)
✔ workspace collaboration bootstrap preserves deleted result tombstones (0.563458ms)
✔ workspace collaboration bootstrap rejects malformed outcome lineage (1.647875ms)
✔ snapshot bootstrap sources are strict canonical evidence before client hydration (0.4275ms)
✔ trusted bootstrap and checkpoint boundaries canonicalize only the exact P4 source producer (1.168875ms)
✔ snapshot-only accepted undo receipts stay at the authoritative boundary (0.120917ms)
✔ React server signs one idempotent collaboration outcome receipt (0.566208ms)
✔ accepted deletion receipt keeps the authoritative null result (9.722458ms)
✔ an accepted RPC with a lost receipt remains retryable under the same operation ID (0.485042ms)
✔ a version conflict stays a client conflict but is rejected in the shared ledger (0.28425ms)
✔ a pending DXF attestation stays retryable without a terminal shared-ledger outcome (0.22925ms)
✔ conflict discard settles the exact suffix in DB before shared ledger receipts (0.535041ms)
✔ HTTP-only operation acknowledgement bypasses the disabled collaboration receipt service (0.215208ms)
✔ HTTP-only operation conflict remains terminal without the disabled receipt service (0.165042ms)
✔ HTTP-only review uses the legacy snapshot authority without opening a collaboration freeze (0.093875ms)
ℹ tests 157
ℹ suites 0
ℹ pass 157
ℹ fail 0
ℹ cancelled 0
ℹ skipped 0
ℹ todo 0
ℹ duration_ms 1691.598083
