2026-09-06 16:24:10.520 KST [19941] LOG:  starting PostgreSQL 17.11 (Homebrew) on aarch64-apple-darwin25.6.0, compiled by Apple clang version 21.0.0 (clang-2100.1.1.101), 64-bit
2026-09-06 16:24:10.520 KST [19941] LOG:  listening on IPv4 address "127.0.0.1", port 56351
2026-09-06 16:24:10.521 KST [19941] LOG:  listening on Unix socket "/tmp/canonical-pg-neVUxD/.s.PGSQL.56351"
2026-09-06 16:24:10.523 KST [19944] LOG:  database system was shut down at 2026-09-06 16:24:10 KST
2026-09-06 16:24:10.525 KST [19941] LOG:  database system is ready to accept connections
2026-09-06 16:24:11.394 KST [19953] ERROR:  Drawing collaboration room is read-only
2026-09-06 16:24:11.394 KST [19953] CONTEXT:  PL/pgSQL function private.lukas_drawing_collaboration_store_state_unfenced(uuid,uuid,uuid,smallint,bytea,bigint,bigint,text) line 12 at RAISE
	SQL statement "select * from private.lukas_drawing_collaboration_store_state_unfenced(
	    p_user_id,p_project_id,p_revision_id,p_schema_version,p_yjs_state,
	    p_base_operation_sequence,p_expected_generation,p_expected_sha256
	  )"
	PL/pgSQL function private.lukas_drawing_collaboration_store_state(uuid,uuid,uuid,smallint,bytea,bigint,bigint,text) line 8 at RETURN QUERY
2026-09-06 16:24:11.394 KST [19953] STATEMENT:  
	      select * from private.lukas_drawing_collaboration_store_state(
	        $1::uuid,$2::uuid,$3::uuid,
	        1::smallint,$4::bytea,$5::bigint,
	        $6::bigint,$7
	      )
	    
2026-09-06 16:24:11.398 KST [19953] ERROR:  permission denied for function lukas_drawing_collaboration_initialize_state_core
2026-09-06 16:24:11.398 KST [19953] STATEMENT:  
	      select * from private.lukas_drawing_collaboration_initialize_state_core(
	        $1::uuid,$2::uuid,$3::bytea,
	        $4::bigint,$5,true
	      )
	    
2026-09-06 16:24:11.399 KST [19953] ERROR:  permission denied for schema private at character 26
2026-09-06 16:24:11.399 KST [19953] STATEMENT:  
	          select * from private.lukas_drawing_collaboration_initialize_state(
	            $1::uuid,
	            $2::uuid,$3::uuid,
	            $4::bytea,$5::bigint,$6::text
	          )
	        
2026-09-06 16:24:11.399 KST [19953] ERROR:  permission denied for schema private at character 26
2026-09-06 16:24:11.399 KST [19953] STATEMENT:  
	          select * from private.lukas_drawing_collaboration_service_initialize_state(
	            $1::uuid,$2::uuid,
	            $3::bytea,$4::bigint,$5::text
	          )
	        
2026-09-06 16:24:11.400 KST [19953] ERROR:  permission denied for function lukas_drawing_collaboration_initialize_state
2026-09-06 16:24:11.400 KST [19953] STATEMENT:  
	          select * from private.lukas_drawing_collaboration_initialize_state(
	            $1::uuid,
	            $2::uuid,$3::uuid,
	            $4::bytea,$5::bigint,$6::text
	          )
	        
2026-09-06 16:24:11.401 KST [19953] ERROR:  permission denied for function lukas_drawing_collaboration_service_initialize_state
2026-09-06 16:24:11.401 KST [19953] STATEMENT:  
	          select * from private.lukas_drawing_collaboration_service_initialize_state(
	            $1::uuid,$2::uuid,
	            $3::bytea,$4::bigint,$5::text
	          )
	        
2026-09-06 16:24:11.401 KST [19953] ERROR:  permission denied for function lukas_drawing_collaboration_initialize_state
2026-09-06 16:24:11.401 KST [19953] STATEMENT:  
	          select * from private.lukas_drawing_collaboration_initialize_state(
	            $1::uuid,
	            $2::uuid,$3::uuid,
	            $4::bytea,$5::bigint,$6::text
	          )
	        
2026-09-06 16:24:11.402 KST [19953] ERROR:  permission denied for function lukas_drawing_collaboration_service_initialize_state
2026-09-06 16:24:11.402 KST [19953] STATEMENT:  
	          select * from private.lukas_drawing_collaboration_service_initialize_state(
	            $1::uuid,$2::uuid,
	            $3::bytea,$4::bigint,$5::text
	          )
	        
2026-09-06 16:24:11.403 KST [19953] ERROR:  Drawing collaboration target is unavailable
2026-09-06 16:24:11.403 KST [19953] CONTEXT:  PL/pgSQL function private.lukas_drawing_collaboration_authorize_pre_entitlement(uuid,uuid,uuid) line 10 at RAISE
	SQL statement "select *
	  from private.lukas_drawing_collaboration_authorize_pre_entitlement(
	    p_user_id,p_project_id,p_revision_id
	  )"
	PL/pgSQL function private.lukas_drawing_collaboration_authorize(uuid,uuid,uuid) line 7 at RETURN QUERY
	SQL statement "SELECT 1 from private.lukas_drawing_collaboration_authorize(
	    p_user_id,p_project_id,p_revision_id
	  )"
	PL/pgSQL function private.lukas_drawing_collaboration_initialize_state(uuid,uuid,uuid,bytea,bigint,text) line 4 at PERFORM
2026-09-06 16:24:11.403 KST [19953] STATEMENT:  
	          select * from private.lukas_drawing_collaboration_initialize_state(
	            $1::uuid,
	            $2::uuid,$3::uuid,
	            $4::bytea,$5::bigint,$6::text
	          )
	        
2026-09-06 16:24:11.404 KST [19953] ERROR:  Drawing collaboration target is unavailable
2026-09-06 16:24:11.404 KST [19953] CONTEXT:  PL/pgSQL function private.lukas_drawing_collaboration_authorize_pre_entitlement(uuid,uuid,uuid) line 10 at RAISE
	SQL statement "select *
	  from private.lukas_drawing_collaboration_authorize_pre_entitlement(
	    p_user_id,p_project_id,p_revision_id
	  )"
	PL/pgSQL function private.lukas_drawing_collaboration_authorize(uuid,uuid,uuid) line 7 at RETURN QUERY
	SQL statement "SELECT 1 from private.lukas_drawing_collaboration_authorize(
	    p_user_id,p_project_id,p_revision_id
	  )"
	PL/pgSQL function private.lukas_drawing_collaboration_initialize_state(uuid,uuid,uuid,bytea,bigint,text) line 4 at PERFORM
2026-09-06 16:24:11.404 KST [19953] STATEMENT:  
	          select * from private.lukas_drawing_collaboration_initialize_state(
	            $1::uuid,
	            $2::uuid,$3::uuid,
	            $4::bytea,$5::bigint,$6::text
	          )
	        
2026-09-06 16:24:11.405 KST [19953] ERROR:  Drawing collaboration target is unavailable
2026-09-06 16:24:11.405 KST [19953] CONTEXT:  PL/pgSQL function private.lukas_drawing_collaboration_authorize_pre_entitlement(uuid,uuid,uuid) line 10 at RAISE
	SQL statement "select *
	  from private.lukas_drawing_collaboration_authorize_pre_entitlement(
	    p_user_id,p_project_id,p_revision_id
	  )"
	PL/pgSQL function private.lukas_drawing_collaboration_authorize(uuid,uuid,uuid) line 7 at RETURN QUERY
	SQL statement "SELECT 1 from private.lukas_drawing_collaboration_authorize(
	    p_user_id,p_project_id,p_revision_id
	  )"
	PL/pgSQL function private.lukas_drawing_collaboration_initialize_state(uuid,uuid,uuid,bytea,bigint,text) line 4 at PERFORM
2026-09-06 16:24:11.405 KST [19953] STATEMENT:  
	          select * from private.lukas_drawing_collaboration_initialize_state(
	            $1::uuid,
	            $2::uuid,$3::uuid,
	            $4::bytea,$5::bigint,$6::text
	          )
	        
2026-09-06 16:24:11.405 KST [19953] ERROR:  Drawing collaboration target is unavailable
2026-09-06 16:24:11.405 KST [19953] CONTEXT:  PL/pgSQL function private.lukas_drawing_collaboration_authorize_pre_entitlement(uuid,uuid,uuid) line 10 at RAISE
	SQL statement "select *
	  from private.lukas_drawing_collaboration_authorize_pre_entitlement(
	    p_user_id,p_project_id,p_revision_id
	  )"
	PL/pgSQL function private.lukas_drawing_collaboration_authorize(uuid,uuid,uuid) line 7 at RETURN QUERY
	SQL statement "SELECT 1 from private.lukas_drawing_collaboration_authorize(
	    p_user_id,p_project_id,p_revision_id
	  )"
	PL/pgSQL function private.lukas_drawing_collaboration_initialize_state(uuid,uuid,uuid,bytea,bigint,text) line 4 at PERFORM
2026-09-06 16:24:11.405 KST [19953] STATEMENT:  
	          select * from private.lukas_drawing_collaboration_initialize_state(
	            $1::uuid,
	            $2::uuid,$3::uuid,
	            $4::bytea,$5::bigint,$6::text
	          )
	        
2026-09-06 16:24:11.406 KST [19953] ERROR:  Drawing collaboration target is unavailable
2026-09-06 16:24:11.406 KST [19953] CONTEXT:  PL/pgSQL function private.lukas_drawing_collaboration_initialize_state_core(uuid,uuid,bytea,bigint,text,boolean) line 10 at RAISE
	SQL statement "select * from private.lukas_drawing_collaboration_initialize_state_core(
	    p_project_id,p_revision_id,p_yjs_state,p_base_operation_sequence,
	    p_base_snapshot_sha256,false
	  )"
	PL/pgSQL function private.lukas_drawing_collaboration_service_initialize_state(uuid,uuid,bytea,bigint,text) line 9 at RETURN QUERY
2026-09-06 16:24:11.406 KST [19953] STATEMENT:  
	          select * from private.lukas_drawing_collaboration_service_initialize_state(
	            $1::uuid,$2::uuid,
	            $3::bytea,$4::bigint,$5::text
	          )
	        
2026-09-06 16:24:11.411 KST [19953] ERROR:  Drawing collaboration state is invalid
2026-09-06 16:24:11.411 KST [19953] CONTEXT:  PL/pgSQL function private.lukas_drawing_collaboration_initialize_state_core(uuid,uuid,bytea,bigint,text,boolean) line 27 at RAISE
	SQL statement "select * from private.lukas_drawing_collaboration_initialize_state_core(
	    p_project_id,p_revision_id,p_yjs_state,p_base_operation_sequence,
	    p_base_snapshot_sha256,true
	  )"
	PL/pgSQL function private.lukas_drawing_collaboration_initialize_state(uuid,uuid,uuid,bytea,bigint,text) line 7 at RETURN QUERY
2026-09-06 16:24:11.411 KST [19953] STATEMENT:  
	          select * from private.lukas_drawing_collaboration_initialize_state(
	            $1::uuid,
	            $2::uuid,$3::uuid,
	            $4::bytea,$5::bigint,$6::text
	          )
	        
2026-09-06 16:24:11.413 KST [19953] ERROR:  Drawing collaboration state is invalid
2026-09-06 16:24:11.413 KST [19953] CONTEXT:  PL/pgSQL function private.lukas_drawing_collaboration_initialize_state_core(uuid,uuid,bytea,bigint,text,boolean) line 27 at RAISE
	SQL statement "select * from private.lukas_drawing_collaboration_initialize_state_core(
	    p_project_id,p_revision_id,p_yjs_state,p_base_operation_sequence,
	    p_base_snapshot_sha256,true
	  )"
	PL/pgSQL function private.lukas_drawing_collaboration_initialize_state(uuid,uuid,uuid,bytea,bigint,text) line 7 at RETURN QUERY
2026-09-06 16:24:11.413 KST [19953] STATEMENT:  
	          select * from private.lukas_drawing_collaboration_initialize_state(
	            $1::uuid,
	            $2::uuid,$3::uuid,
	            $4::bytea,$5::bigint,$6::text
	          )
	        
2026-09-06 16:24:11.444 KST [19953] ERROR:  Drawing collaboration state is invalid
2026-09-06 16:24:11.444 KST [19953] CONTEXT:  PL/pgSQL function private.lukas_drawing_collaboration_initialize_state_core(uuid,uuid,bytea,bigint,text,boolean) line 27 at RAISE
	SQL statement "select * from private.lukas_drawing_collaboration_initialize_state_core(
	    p_project_id,p_revision_id,p_yjs_state,p_base_operation_sequence,
	    p_base_snapshot_sha256,true
	  )"
	PL/pgSQL function private.lukas_drawing_collaboration_initialize_state(uuid,uuid,uuid,bytea,bigint,text) line 7 at RETURN QUERY
2026-09-06 16:24:11.444 KST [19953] STATEMENT:  
	          select * from private.lukas_drawing_collaboration_initialize_state(
	            $1::uuid,
	            $2::uuid,$3::uuid,
	            $4::bytea,$5::bigint,$6::text
	          )
	        
2026-09-06 16:24:11.445 KST [19953] ERROR:  Drawing collaboration state is invalid
2026-09-06 16:24:11.445 KST [19953] CONTEXT:  PL/pgSQL function private.lukas_drawing_collaboration_initialize_state_core(uuid,uuid,bytea,bigint,text,boolean) line 27 at RAISE
	SQL statement "select * from private.lukas_drawing_collaboration_initialize_state_core(
	    p_project_id,p_revision_id,p_yjs_state,p_base_operation_sequence,
	    p_base_snapshot_sha256,true
	  )"
	PL/pgSQL function private.lukas_drawing_collaboration_initialize_state(uuid,uuid,uuid,bytea,bigint,text) line 7 at RETURN QUERY
2026-09-06 16:24:11.445 KST [19953] STATEMENT:  
	          select * from private.lukas_drawing_collaboration_initialize_state(
	            $1::uuid,
	            $2::uuid,$3::uuid,
	            $4::bytea,$5::bigint,$6::text
	          )
	        
2026-09-06 16:24:11.446 KST [19953] ERROR:  Drawing collaboration state is invalid
2026-09-06 16:24:11.446 KST [19953] CONTEXT:  PL/pgSQL function private.lukas_drawing_collaboration_initialize_state_core(uuid,uuid,bytea,bigint,text,boolean) line 27 at RAISE
	SQL statement "select * from private.lukas_drawing_collaboration_initialize_state_core(
	    p_project_id,p_revision_id,p_yjs_state,p_base_operation_sequence,
	    p_base_snapshot_sha256,true
	  )"
	PL/pgSQL function private.lukas_drawing_collaboration_initialize_state(uuid,uuid,uuid,bytea,bigint,text) line 7 at RETURN QUERY
2026-09-06 16:24:11.446 KST [19953] STATEMENT:  
	          select * from private.lukas_drawing_collaboration_initialize_state(
	            $1::uuid,
	            $2::uuid,$3::uuid,
	            $4::bytea,$5::bigint,$6::text
	          )
	        
2026-09-06 16:24:11.447 KST [19953] ERROR:  Drawing collaboration state is invalid
2026-09-06 16:24:11.447 KST [19953] CONTEXT:  PL/pgSQL function private.lukas_drawing_collaboration_initialize_state_core(uuid,uuid,bytea,bigint,text,boolean) line 27 at RAISE
	SQL statement "select * from private.lukas_drawing_collaboration_initialize_state_core(
	    p_project_id,p_revision_id,p_yjs_state,p_base_operation_sequence,
	    p_base_snapshot_sha256,true
	  )"
	PL/pgSQL function private.lukas_drawing_collaboration_initialize_state(uuid,uuid,uuid,bytea,bigint,text) line 7 at RETURN QUERY
2026-09-06 16:24:11.447 KST [19953] STATEMENT:  
	          select * from private.lukas_drawing_collaboration_initialize_state(
	            $1::uuid,
	            $2::uuid,$3::uuid,
	            $4::bytea,$5::bigint,$6::text
	          )
	        
2026-09-06 16:24:11.448 KST [19953] ERROR:  Drawing collaboration state is invalid
2026-09-06 16:24:11.448 KST [19953] CONTEXT:  PL/pgSQL function private.lukas_drawing_collaboration_initialize_state_core(uuid,uuid,bytea,bigint,text,boolean) line 27 at RAISE
	SQL statement "select * from private.lukas_drawing_collaboration_initialize_state_core(
	    p_project_id,p_revision_id,p_yjs_state,p_base_operation_sequence,
	    p_base_snapshot_sha256,true
	  )"
	PL/pgSQL function private.lukas_drawing_collaboration_initialize_state(uuid,uuid,uuid,bytea,bigint,text) line 7 at RETURN QUERY
2026-09-06 16:24:11.448 KST [19953] STATEMENT:  
	          select * from private.lukas_drawing_collaboration_initialize_state(
	            $1::uuid,
	            $2::uuid,$3::uuid,
	            $4::bytea,$5::bigint,$6::text
	          )
	        
2026-09-06 16:24:11.449 KST [19953] ERROR:  Drawing collaboration state is invalid
2026-09-06 16:24:11.449 KST [19953] CONTEXT:  PL/pgSQL function private.lukas_drawing_collaboration_initialize_state_core(uuid,uuid,bytea,bigint,text,boolean) line 27 at RAISE
	SQL statement "select * from private.lukas_drawing_collaboration_initialize_state_core(
	    p_project_id,p_revision_id,p_yjs_state,p_base_operation_sequence,
	    p_base_snapshot_sha256,true
	  )"
	PL/pgSQL function private.lukas_drawing_collaboration_initialize_state(uuid,uuid,uuid,bytea,bigint,text) line 7 at RETURN QUERY
2026-09-06 16:24:11.449 KST [19953] STATEMENT:  
	          select * from private.lukas_drawing_collaboration_initialize_state(
	            $1::uuid,
	            $2::uuid,$3::uuid,
	            $4::bytea,$5::bigint,$6::text
	          )
	        
2026-09-06 16:24:11.449 KST [19953] ERROR:  Drawing collaboration state is invalid
2026-09-06 16:24:11.449 KST [19953] CONTEXT:  PL/pgSQL function private.lukas_drawing_collaboration_initialize_state_core(uuid,uuid,bytea,bigint,text,boolean) line 27 at RAISE
	SQL statement "select * from private.lukas_drawing_collaboration_initialize_state_core(
	    p_project_id,p_revision_id,p_yjs_state,p_base_operation_sequence,
	    p_base_snapshot_sha256,true
	  )"
	PL/pgSQL function private.lukas_drawing_collaboration_initialize_state(uuid,uuid,uuid,bytea,bigint,text) line 7 at RETURN QUERY
2026-09-06 16:24:11.449 KST [19953] STATEMENT:  
	          select * from private.lukas_drawing_collaboration_initialize_state(
	            $1::uuid,
	            $2::uuid,$3::uuid,
	            $4::bytea,$5::bigint,$6::text
	          )
	        
2026-09-06 16:24:11.451 KST [19953] ERROR:  Drawing collaboration snapshot changed; reload before initializing
2026-09-06 16:24:11.451 KST [19953] CONTEXT:  PL/pgSQL function private.lukas_drawing_collaboration_initialize_state_core(uuid,uuid,bytea,bigint,text,boolean) line 37 at RAISE
	SQL statement "select * from private.lukas_drawing_collaboration_initialize_state_core(
	    p_project_id,p_revision_id,p_yjs_state,p_base_operation_sequence,
	    p_base_snapshot_sha256,true
	  )"
	PL/pgSQL function private.lukas_drawing_collaboration_initialize_state(uuid,uuid,uuid,bytea,bigint,text) line 7 at RETURN QUERY
2026-09-06 16:24:11.451 KST [19953] STATEMENT:  
	          select * from private.lukas_drawing_collaboration_initialize_state(
	            $1::uuid,
	            $2::uuid,$3::uuid,
	            $4::bytea,$5::bigint,$6::text
	          )
	        
2026-09-06 16:24:11.452 KST [19953] ERROR:  Drawing collaboration snapshot changed; reload before initializing
2026-09-06 16:24:11.452 KST [19953] CONTEXT:  PL/pgSQL function private.lukas_drawing_collaboration_initialize_state_core(uuid,uuid,bytea,bigint,text,boolean) line 37 at RAISE
	SQL statement "select * from private.lukas_drawing_collaboration_initialize_state_core(
	    p_project_id,p_revision_id,p_yjs_state,p_base_operation_sequence,
	    p_base_snapshot_sha256,true
	  )"
	PL/pgSQL function private.lukas_drawing_collaboration_initialize_state(uuid,uuid,uuid,bytea,bigint,text) line 7 at RETURN QUERY
2026-09-06 16:24:11.452 KST [19953] STATEMENT:  
	          select * from private.lukas_drawing_collaboration_initialize_state(
	            $1::uuid,
	            $2::uuid,$3::uuid,
	            $4::bytea,$5::bigint,$6::text
	          )
	        
2026-09-06 16:24:11.452 KST [19953] ERROR:  Drawing collaboration state is invalid
2026-09-06 16:24:11.452 KST [19953] CONTEXT:  PL/pgSQL function private.lukas_drawing_collaboration_initialize_state_core(uuid,uuid,bytea,bigint,text,boolean) line 27 at RAISE
	SQL statement "select * from private.lukas_drawing_collaboration_initialize_state_core(
	    p_project_id,p_revision_id,p_yjs_state,p_base_operation_sequence,
	    p_base_snapshot_sha256,false
	  )"
	PL/pgSQL function private.lukas_drawing_collaboration_service_initialize_state(uuid,uuid,bytea,bigint,text) line 9 at RETURN QUERY
2026-09-06 16:24:11.452 KST [19953] STATEMENT:  
	          select * from private.lukas_drawing_collaboration_service_initialize_state(
	            $1::uuid,$2::uuid,
	            $3::bytea,$4::bigint,$5::text
	          )
	        
2026-09-06 16:24:11.453 KST [19953] ERROR:  Drawing collaboration state is invalid
2026-09-06 16:24:11.453 KST [19953] CONTEXT:  PL/pgSQL function private.lukas_drawing_collaboration_initialize_state_core(uuid,uuid,bytea,bigint,text,boolean) line 27 at RAISE
	SQL statement "select * from private.lukas_drawing_collaboration_initialize_state_core(
	    p_project_id,p_revision_id,p_yjs_state,p_base_operation_sequence,
	    p_base_snapshot_sha256,false
	  )"
	PL/pgSQL function private.lukas_drawing_collaboration_service_initialize_state(uuid,uuid,bytea,bigint,text) line 9 at RETURN QUERY
2026-09-06 16:24:11.453 KST [19953] STATEMENT:  
	          select * from private.lukas_drawing_collaboration_service_initialize_state(
	            $1::uuid,$2::uuid,
	            $3::bytea,$4::bigint,$5::text
	          )
	        
2026-09-06 16:24:11.480 KST [19953] ERROR:  Drawing collaboration state is invalid
2026-09-06 16:24:11.480 KST [19953] CONTEXT:  PL/pgSQL function private.lukas_drawing_collaboration_initialize_state_core(uuid,uuid,bytea,bigint,text,boolean) line 27 at RAISE
	SQL statement "select * from private.lukas_drawing_collaboration_initialize_state_core(
	    p_project_id,p_revision_id,p_yjs_state,p_base_operation_sequence,
	    p_base_snapshot_sha256,false
	  )"
	PL/pgSQL function private.lukas_drawing_collaboration_service_initialize_state(uuid,uuid,bytea,bigint,text) line 9 at RETURN QUERY
2026-09-06 16:24:11.480 KST [19953] STATEMENT:  
	          select * from private.lukas_drawing_collaboration_service_initialize_state(
	            $1::uuid,$2::uuid,
	            $3::bytea,$4::bigint,$5::text
	          )
	        
2026-09-06 16:24:11.481 KST [19953] ERROR:  Drawing collaboration state is invalid
2026-09-06 16:24:11.481 KST [19953] CONTEXT:  PL/pgSQL function private.lukas_drawing_collaboration_initialize_state_core(uuid,uuid,bytea,bigint,text,boolean) line 27 at RAISE
	SQL statement "select * from private.lukas_drawing_collaboration_initialize_state_core(
	    p_project_id,p_revision_id,p_yjs_state,p_base_operation_sequence,
	    p_base_snapshot_sha256,false
	  )"
	PL/pgSQL function private.lukas_drawing_collaboration_service_initialize_state(uuid,uuid,bytea,bigint,text) line 9 at RETURN QUERY
2026-09-06 16:24:11.481 KST [19953] STATEMENT:  
	          select * from private.lukas_drawing_collaboration_service_initialize_state(
	            $1::uuid,$2::uuid,
	            $3::bytea,$4::bigint,$5::text
	          )
	        
2026-09-06 16:24:11.481 KST [19953] ERROR:  Drawing collaboration state is invalid
2026-09-06 16:24:11.481 KST [19953] CONTEXT:  PL/pgSQL function private.lukas_drawing_collaboration_initialize_state_core(uuid,uuid,bytea,bigint,text,boolean) line 27 at RAISE
	SQL statement "select * from private.lukas_drawing_collaboration_initialize_state_core(
	    p_project_id,p_revision_id,p_yjs_state,p_base_operation_sequence,
	    p_base_snapshot_sha256,false
	  )"
	PL/pgSQL function private.lukas_drawing_collaboration_service_initialize_state(uuid,uuid,bytea,bigint,text) line 9 at RETURN QUERY
2026-09-06 16:24:11.481 KST [19953] STATEMENT:  
	          select * from private.lukas_drawing_collaboration_service_initialize_state(
	            $1::uuid,$2::uuid,
	            $3::bytea,$4::bigint,$5::text
	          )
	        
2026-09-06 16:24:11.482 KST [19953] ERROR:  Drawing collaboration state is invalid
2026-09-06 16:24:11.482 KST [19953] CONTEXT:  PL/pgSQL function private.lukas_drawing_collaboration_initialize_state_core(uuid,uuid,bytea,bigint,text,boolean) line 27 at RAISE
	SQL statement "select * from private.lukas_drawing_collaboration_initialize_state_core(
	    p_project_id,p_revision_id,p_yjs_state,p_base_operation_sequence,
	    p_base_snapshot_sha256,false
	  )"
	PL/pgSQL function private.lukas_drawing_collaboration_service_initialize_state(uuid,uuid,bytea,bigint,text) line 9 at RETURN QUERY
2026-09-06 16:24:11.482 KST [19953] STATEMENT:  
	          select * from private.lukas_drawing_collaboration_service_initialize_state(
	            $1::uuid,$2::uuid,
	            $3::bytea,$4::bigint,$5::text
	          )
	        
2026-09-06 16:24:11.483 KST [19953] ERROR:  Drawing collaboration state is invalid
2026-09-06 16:24:11.483 KST [19953] CONTEXT:  PL/pgSQL function private.lukas_drawing_collaboration_initialize_state_core(uuid,uuid,bytea,bigint,text,boolean) line 27 at RAISE
	SQL statement "select * from private.lukas_drawing_collaboration_initialize_state_core(
	    p_project_id,p_revision_id,p_yjs_state,p_base_operation_sequence,
	    p_base_snapshot_sha256,false
	  )"
	PL/pgSQL function private.lukas_drawing_collaboration_service_initialize_state(uuid,uuid,bytea,bigint,text) line 9 at RETURN QUERY
2026-09-06 16:24:11.483 KST [19953] STATEMENT:  
	          select * from private.lukas_drawing_collaboration_service_initialize_state(
	            $1::uuid,$2::uuid,
	            $3::bytea,$4::bigint,$5::text
	          )
	        
2026-09-06 16:24:11.484 KST [19953] ERROR:  Drawing collaboration state is invalid
2026-09-06 16:24:11.484 KST [19953] CONTEXT:  PL/pgSQL function private.lukas_drawing_collaboration_initialize_state_core(uuid,uuid,bytea,bigint,text,boolean) line 27 at RAISE
	SQL statement "select * from private.lukas_drawing_collaboration_initialize_state_core(
	    p_project_id,p_revision_id,p_yjs_state,p_base_operation_sequence,
	    p_base_snapshot_sha256,false
	  )"
	PL/pgSQL function private.lukas_drawing_collaboration_service_initialize_state(uuid,uuid,bytea,bigint,text) line 9 at RETURN QUERY
2026-09-06 16:24:11.484 KST [19953] STATEMENT:  
	          select * from private.lukas_drawing_collaboration_service_initialize_state(
	            $1::uuid,$2::uuid,
	            $3::bytea,$4::bigint,$5::text
	          )
	        
2026-09-06 16:24:11.484 KST [19953] ERROR:  Drawing collaboration state is invalid
2026-09-06 16:24:11.484 KST [19953] CONTEXT:  PL/pgSQL function private.lukas_drawing_collaboration_initialize_state_core(uuid,uuid,bytea,bigint,text,boolean) line 27 at RAISE
	SQL statement "select * from private.lukas_drawing_collaboration_initialize_state_core(
	    p_project_id,p_revision_id,p_yjs_state,p_base_operation_sequence,
	    p_base_snapshot_sha256,false
	  )"
	PL/pgSQL function private.lukas_drawing_collaboration_service_initialize_state(uuid,uuid,bytea,bigint,text) line 9 at RETURN QUERY
2026-09-06 16:24:11.484 KST [19953] STATEMENT:  
	          select * from private.lukas_drawing_collaboration_service_initialize_state(
	            $1::uuid,$2::uuid,
	            $3::bytea,$4::bigint,$5::text
	          )
	        
2026-09-06 16:24:11.485 KST [19953] ERROR:  Drawing collaboration snapshot changed; reload before initializing
2026-09-06 16:24:11.485 KST [19953] CONTEXT:  PL/pgSQL function private.lukas_drawing_collaboration_initialize_state_core(uuid,uuid,bytea,bigint,text,boolean) line 37 at RAISE
	SQL statement "select * from private.lukas_drawing_collaboration_initialize_state_core(
	    p_project_id,p_revision_id,p_yjs_state,p_base_operation_sequence,
	    p_base_snapshot_sha256,false
	  )"
	PL/pgSQL function private.lukas_drawing_collaboration_service_initialize_state(uuid,uuid,bytea,bigint,text) line 9 at RETURN QUERY
2026-09-06 16:24:11.485 KST [19953] STATEMENT:  
	          select * from private.lukas_drawing_collaboration_service_initialize_state(
	            $1::uuid,$2::uuid,
	            $3::bytea,$4::bigint,$5::text
	          )
	        
2026-09-06 16:24:11.486 KST [19953] ERROR:  Drawing collaboration snapshot changed; reload before initializing
2026-09-06 16:24:11.486 KST [19953] CONTEXT:  PL/pgSQL function private.lukas_drawing_collaboration_initialize_state_core(uuid,uuid,bytea,bigint,text,boolean) line 37 at RAISE
	SQL statement "select * from private.lukas_drawing_collaboration_initialize_state_core(
	    p_project_id,p_revision_id,p_yjs_state,p_base_operation_sequence,
	    p_base_snapshot_sha256,false
	  )"
	PL/pgSQL function private.lukas_drawing_collaboration_service_initialize_state(uuid,uuid,bytea,bigint,text) line 9 at RETURN QUERY
2026-09-06 16:24:11.486 KST [19953] STATEMENT:  
	          select * from private.lukas_drawing_collaboration_service_initialize_state(
	            $1::uuid,$2::uuid,
	            $3::bytea,$4::bigint,$5::text
	          )
	        
2026-09-06 16:24:11.517 KST [19953] ERROR:  Drawing collaboration room is read-only
2026-09-06 16:24:11.517 KST [19953] CONTEXT:  PL/pgSQL function private.lukas_drawing_collaboration_initialize_state_core(uuid,uuid,bytea,bigint,text,boolean) line 19 at RAISE
	SQL statement "select * from private.lukas_drawing_collaboration_initialize_state_core(
	    p_project_id,p_revision_id,p_yjs_state,p_base_operation_sequence,
	    p_base_snapshot_sha256,false
	  )"
	PL/pgSQL function private.lukas_drawing_collaboration_service_initialize_state(uuid,uuid,bytea,bigint,text) line 9 at RETURN QUERY
2026-09-06 16:24:11.517 KST [19953] STATEMENT:  
	          select * from private.lukas_drawing_collaboration_service_initialize_state(
	            $1::uuid,$2::uuid,
	            $3::bytea,$4::bigint,$5::text
	          )
	        
2026-09-06 16:24:11.527 KST [19953] ERROR:  Drawing collaboration freeze lease is busy
2026-09-06 16:24:11.527 KST [19953] CONTEXT:  PL/pgSQL function private.lukas_drawing_collaboration_assert_store_unleased(uuid,uuid) line 20 at RAISE
	SQL statement "SELECT private.lukas_drawing_collaboration_assert_store_unleased(
	    p_project_id,p_revision_id
	  )"
	PL/pgSQL function private.lukas_drawing_collaboration_service_store_state_pre_entitlement(uuid,uuid,smallint,bytea,bigint,bigint,text) line 5 at PERFORM
	SQL statement "select *
	  from private.lukas_drawing_collaboration_service_store_state_pre_entitlement(
	    p_project_id,p_revision_id,p_schema_version,p_yjs_state,
	    p_base_operation_sequence,p_expected_generation,p_expected_sha256
	  )"
	PL/pgSQL function private.lukas_drawing_collaboration_service_store_state(uuid,uuid,smallint,bytea,bigint,bigint,text) line 7 at RETURN QUERY
2026-09-06 16:24:11.527 KST [19953] STATEMENT:  
	      select * from private.lukas_drawing_collaboration_service_store_state(
	        $1::uuid,$2::uuid,1::smallint,
	        $3::bytea,$4::bigint,
	        $5::bigint,$6
	      )
	    
2026-09-06 16:24:11.530 KST [19953] ERROR:  new row for relation "lukas_qto_verified_uploads" violates check constraint "lukas_qto_verified_uploads_dwg_header_version_check"
2026-09-06 16:24:11.530 KST [19953] DETAIL:  Failing row contains (4bedf354-5d5e-4839-abcb-95d73f5760c5, 5c3ce53b-7da7-4580-acef-e7bd05d10b00, c562db09-b7c1-4226-93fd-81b137fcbd8f, dwg, 5c3ce53b-7da7-4580-acef-e7bd05d10b00/c562db09-b7c1-4226-93fd-81b..., 4bedf354-5d5e-4839-abcb-95d73f5760c5.dwg, application/octet-stream, 8, aaaaaaaaaaaaaaaaaaaaaaaaaaaaaaaaaaaaaaaaaaaaaaaaaaaaaaaaaaaaaaaa, 2026-09-06 16:39:11.530459+09, null, null, 2026-09-06 16:24:11.530459+09, null).
2026-09-06 16:24:11.530 KST [19953] STATEMENT:  
	    insert into public.lukas_qto_verified_uploads(
	      id,actor_id,project_id,kind,storage_path,original_filename,
	      content_type,byte_size,sha256,dwg_header_version
	    ) values(
	      $1::uuid,$2::uuid,$3::uuid,$4,
	      $5,$6,'application/octet-stream',8,
	      $7,$8
	    )
	  
2026-09-06 16:24:11.530 KST [19953] ERROR:  new row for relation "lukas_qto_verified_uploads" violates check constraint "lukas_qto_verified_uploads_dwg_header_version_check"
2026-09-06 16:24:11.530 KST [19953] DETAIL:  Failing row contains (3aede441-c05c-42ff-b813-275a41bb360c, 5c3ce53b-7da7-4580-acef-e7bd05d10b00, c562db09-b7c1-4226-93fd-81b137fcbd8f, dwg, 5c3ce53b-7da7-4580-acef-e7bd05d10b00/c562db09-b7c1-4226-93fd-81b..., 3aede441-c05c-42ff-b813-275a41bb360c.dwg, application/octet-stream, 8, aaaaaaaaaaaaaaaaaaaaaaaaaaaaaaaaaaaaaaaaaaaaaaaaaaaaaaaaaaaaaaaa, 2026-09-06 16:39:11.53079+09, null, null, 2026-09-06 16:24:11.53079+09, AC10).
2026-09-06 16:24:11.530 KST [19953] STATEMENT:  
	    insert into public.lukas_qto_verified_uploads(
	      id,actor_id,project_id,kind,storage_path,original_filename,
	      content_type,byte_size,sha256,dwg_header_version
	    ) values(
	      $1::uuid,$2::uuid,$3::uuid,$4,
	      $5,$6,'application/octet-stream',8,
	      $7,$8
	    )
	  
2026-09-06 16:24:11.531 KST [19953] ERROR:  new row for relation "lukas_qto_verified_uploads" violates check constraint "lukas_qto_verified_uploads_dwg_header_version_check"
2026-09-06 16:24:11.531 KST [19953] DETAIL:  Failing row contains (e00abd72-a519-440e-befc-5b2260c701e9, 5c3ce53b-7da7-4580-acef-e7bd05d10b00, c562db09-b7c1-4226-93fd-81b137fcbd8f, pdf, 5c3ce53b-7da7-4580-acef-e7bd05d10b00/c562db09-b7c1-4226-93fd-81b..., e00abd72-a519-440e-befc-5b2260c701e9.pdf, application/octet-stream, 8, aaaaaaaaaaaaaaaaaaaaaaaaaaaaaaaaaaaaaaaaaaaaaaaaaaaaaaaaaaaaaaaa, 2026-09-06 16:39:11.53104+09, null, null, 2026-09-06 16:24:11.53104+09, AC1032).
2026-09-06 16:24:11.531 KST [19953] STATEMENT:  
	    insert into public.lukas_qto_verified_uploads(
	      id,actor_id,project_id,kind,storage_path,original_filename,
	      content_type,byte_size,sha256,dwg_header_version
	    ) values(
	      $1::uuid,$2::uuid,$3::uuid,$4,
	      $5,$6,'application/octet-stream',8,
	      $7,$8
	    )
	  
2026-09-06 16:24:11.537 KST [19953] ERROR:  Verified upload project authority was revoked
2026-09-06 16:24:11.537 KST [19953] CONTEXT:  PL/pgSQL function public.lukas_qto_finalize_verified_upload(uuid,uuid,uuid) line 56 at RAISE
2026-09-06 16:24:11.537 KST [19953] STATEMENT:  
	      select public.lukas_qto_finalize_verified_upload(
	        $1::uuid,$2::uuid,$3::uuid
	      ) value
	    
2026-09-06 16:24:11.538 KST [19953] ERROR:  Verified upload project authority was revoked
2026-09-06 16:24:11.538 KST [19953] CONTEXT:  PL/pgSQL function public.lukas_qto_finalize_verified_upload(uuid,uuid,uuid) line 56 at RAISE
2026-09-06 16:24:11.538 KST [19953] STATEMENT:  
	      select public.lukas_qto_finalize_verified_upload(
	        $1::uuid,$2::uuid,$3::uuid
	      ) value
	    
2026-09-06 16:24:11.539 KST [19953] ERROR:  Verified upload project authority was revoked
2026-09-06 16:24:11.539 KST [19953] CONTEXT:  PL/pgSQL function public.lukas_qto_finalize_verified_upload(uuid,uuid,uuid) line 56 at RAISE
2026-09-06 16:24:11.539 KST [19953] STATEMENT:  
	      select public.lukas_qto_finalize_verified_upload(
	        $1::uuid,$2::uuid,$3::uuid
	      ) value
	    
2026-09-06 16:24:11.539 KST [19953] ERROR:  Verified upload project authority was revoked
2026-09-06 16:24:11.539 KST [19953] CONTEXT:  PL/pgSQL function public.lukas_qto_finalize_verified_upload(uuid,uuid,uuid) line 56 at RAISE
2026-09-06 16:24:11.539 KST [19953] STATEMENT:  
	      select public.lukas_qto_finalize_verified_upload(
	        $1::uuid,$2::uuid,$3::uuid
	      ) value
	    
2026-09-06 16:24:11.541 KST [19953] ERROR:  Drawing source must be an immutable project PDF or IFC
2026-09-06 16:24:11.541 KST [19953] CONTEXT:  PL/pgSQL function private.lukas_drawing_create_document(uuid,uuid,text,boolean) line 55 at RAISE
	PL/pgSQL function private.lukas_drawing_create_document_idempotent(uuid,uuid,text,boolean,uuid,uuid) line 37 at assignment
	SQL function "lukas_drawing_create_document_idempotent" statement 1
2026-09-06 16:24:11.541 KST [19953] STATEMENT:  
	      select public.lukas_drawing_create_document_idempotent(
	        $1::uuid,$2::uuid,
	        'Raw DWG must remain unavailable',false,$3::uuid,null::uuid
	      )
	    
2026-09-06 16:24:11.556 KST [19953] ERROR:  permission denied for schema private at character 15
2026-09-06 16:24:11.556 KST [19953] STATEMENT:  select * from private.lukas_drawing_platform_starters
2026-09-06 16:24:11.557 KST [19953] ERROR:  permission denied for table lukas_drawing_platform_starters
2026-09-06 16:24:11.557 KST [19953] STATEMENT:  select * from private.lukas_drawing_platform_starters
2026-09-06 16:24:11.557 KST [19953] ERROR:  permission denied for table lukas_drawing_platform_starters
2026-09-06 16:24:11.557 KST [19953] STATEMENT:  select * from private.lukas_drawing_platform_starters
2026-09-06 16:24:11.557 KST [19953] ERROR:  permission denied for schema private at character 8
2026-09-06 16:24:11.557 KST [19953] STATEMENT:  select private.lukas_drawing_document_creation_result($1::uuid)
2026-09-06 16:24:11.558 KST [19953] ERROR:  permission denied for function lukas_drawing_document_creation_result
2026-09-06 16:24:11.558 KST [19953] STATEMENT:  select private.lukas_drawing_document_creation_result($1::uuid)
2026-09-06 16:24:11.558 KST [19953] ERROR:  permission denied for function lukas_drawing_document_creation_result
2026-09-06 16:24:11.558 KST [19953] STATEMENT:  select private.lukas_drawing_document_creation_result($1::uuid)
2026-09-06 16:24:11.560 KST [19953] ERROR:  Platform drawing starter is unavailable
2026-09-06 16:24:11.560 KST [19953] CONTEXT:  PL/pgSQL function private.lukas_drawing_ensure_platform_starter_version(uuid,uuid,text,bigint) line 21 at RAISE
2026-09-06 16:24:11.560 KST [19953] STATEMENT:  
	          select private.lukas_drawing_ensure_platform_starter_version(
	            $1::uuid,$2::uuid,'interior-basic',1)
	        
2026-09-06 16:24:11.560 KST [19953] ERROR:  Platform drawing starter is unavailable
2026-09-06 16:24:11.560 KST [19953] CONTEXT:  PL/pgSQL function private.lukas_drawing_ensure_platform_starter_version(uuid,uuid,text,bigint) line 21 at RAISE
2026-09-06 16:24:11.560 KST [19953] STATEMENT:  
	          select private.lukas_drawing_ensure_platform_starter_version(
	            $1::uuid,$2::uuid,'interior-basic',1)
	        
2026-09-06 16:24:11.574 KST [19954] ERROR:  Request ID does not match the stored drawing creation
2026-09-06 16:24:11.574 KST [19954] CONTEXT:  PL/pgSQL function private.lukas_drawing_create_document_idempotent(uuid,uuid,text,boolean,uuid,uuid) line 32 at RAISE
	SQL function "lukas_drawing_create_document_idempotent" statement 1
2026-09-06 16:24:11.574 KST [19954] STATEMENT:  
	      select public.lukas_drawing_create_document_idempotent(
	        $1::uuid,null::uuid,$2,true,$3::uuid,
	        $4::uuid
	      ) value
	    
2026-09-06 16:24:11.575 KST [19954] ERROR:  Request ID does not match the stored drawing creation
2026-09-06 16:24:11.575 KST [19954] CONTEXT:  PL/pgSQL function private.lukas_drawing_create_document_idempotent(uuid,uuid,text,boolean,uuid,uuid) line 32 at RAISE
	SQL function "lukas_drawing_create_document_idempotent" statement 1
2026-09-06 16:24:11.575 KST [19954] STATEMENT:  
	      select public.lukas_drawing_create_document_idempotent(
	        $1::uuid,null::uuid,$2,true,$3::uuid,
	        $4::uuid
	      ) value
	    
2026-09-06 16:24:11.579 KST [19953] ERROR:  Drawing document creation identity is immutable
2026-09-06 16:24:11.579 KST [19953] CONTEXT:  PL/pgSQL function private.lukas_drawing_document_guard() line 53 at RAISE
2026-09-06 16:24:11.579 KST [19953] STATEMENT:  
	            update public.lukas_drawing_documents set
	              creation_request_id=$1::uuid,
	              creation_request_sha256=$2
	            where id=$3::uuid
	          
2026-09-06 16:24:11.580 KST [19953] ERROR:  permission denied for table lukas_drawing_documents
2026-09-06 16:24:11.580 KST [19953] STATEMENT:  
	          insert into public.lukas_drawing_documents(
	            id,project_id,title,created_by,creation_request_id,creation_request_sha256
	          ) values($1::uuid,$2::uuid,$3,
	            $4::uuid,$5::uuid,$6)
	        
2026-09-06 16:24:11.585 KST [19953] ERROR:  Drawing document creation identity is immutable
2026-09-06 16:24:11.585 KST [19953] CONTEXT:  PL/pgSQL function private.lukas_drawing_document_guard() line 53 at RAISE
2026-09-06 16:24:11.585 KST [19953] STATEMENT:  
	              update public.lukas_drawing_documents set
	                creation_request_id=$1::uuid,
	                creation_request_sha256=$2
	              where id=$3::uuid
	            
2026-09-06 16:24:11.586 KST [19953] ERROR:  Drawing document creation identity is immutable
2026-09-06 16:24:11.586 KST [19953] CONTEXT:  PL/pgSQL function private.lukas_drawing_document_guard() line 53 at RAISE
2026-09-06 16:24:11.586 KST [19953] STATEMENT:  
	              update public.lukas_drawing_documents set
	                creation_request_id=$1::uuid,
	                creation_request_sha256=$2
	              where id=$3::uuid
	            
2026-09-06 16:24:11.589 KST [19953] ERROR:  Drawing document creation identity is immutable
2026-09-06 16:24:11.589 KST [19953] CONTEXT:  PL/pgSQL function private.lukas_drawing_document_guard() line 53 at RAISE
2026-09-06 16:24:11.589 KST [19953] STATEMENT:  
	            update public.lukas_drawing_documents set
	              creation_request_id=$1::uuid,
	              creation_request_sha256=$2
	            where id=$3::uuid
	          
2026-09-06 16:24:11.589 KST [19953] ERROR:  permission denied for table lukas_drawing_documents
2026-09-06 16:24:11.589 KST [19953] STATEMENT:  
	          insert into public.lukas_drawing_documents(
	            id,project_id,title,created_by,creation_request_id,creation_request_sha256
	          ) values($1::uuid,$2::uuid,$3,
	            $4::uuid,$5::uuid,$6)
	        
2026-09-06 16:24:11.594 KST [19953] ERROR:  Drawing document creation identity is immutable
2026-09-06 16:24:11.594 KST [19953] CONTEXT:  PL/pgSQL function private.lukas_drawing_document_guard() line 53 at RAISE
2026-09-06 16:24:11.594 KST [19953] STATEMENT:  
	              update public.lukas_drawing_documents set
	                creation_request_id=$1::uuid,
	                creation_request_sha256=$2
	              where id=$3::uuid
	            
2026-09-06 16:24:11.595 KST [19953] ERROR:  Drawing document creation identity is immutable
2026-09-06 16:24:11.595 KST [19953] CONTEXT:  PL/pgSQL function private.lukas_drawing_document_guard() line 53 at RAISE
2026-09-06 16:24:11.595 KST [19953] STATEMENT:  
	              update public.lukas_drawing_documents set
	                creation_request_id=$1::uuid,
	                creation_request_sha256=$2
	              where id=$3::uuid
	            
2026-09-06 16:24:11.638 KST [19953] ERROR:  P4 measurement differs
2026-09-06 16:24:11.638 KST [19953] CONTEXT:  PL/pgSQL function private.lukas_drawing_insert_quantity_link(uuid,uuid,uuid,uuid,text,text,uuid,bigint,text,numeric,text,text) line 124 at RAISE
2026-09-06 16:24:11.638 KST [19953] STATEMENT:  
	        select (private.lukas_drawing_insert_quantity_link(
	          $1::uuid,$2::uuid,$3::uuid,
	          $4::uuid,'length',$5,
	          $6::uuid,$7::bigint,
	          $8,$9::numeric,'m','P4_MEASUREMENT_V1'
	        )).*
	      
2026-09-06 16:24:11.639 KST [19953] ERROR:  Drawing approval or snapshot is stale
2026-09-06 16:24:11.639 KST [19953] CONTEXT:  PL/pgSQL function private.lukas_drawing_insert_quantity_link(uuid,uuid,uuid,uuid,text,text,uuid,bigint,text,numeric,text,text) line 20 at RAISE
2026-09-06 16:24:11.639 KST [19953] STATEMENT:  
	        select (private.lukas_drawing_insert_quantity_link(
	          $1::uuid,$2::uuid,$3::uuid,
	          $4::uuid,'length',$5,
	          $6::uuid,$7::bigint,
	          $8,$9::numeric,'m','P4_MEASUREMENT_V1'
	        )).*
	      
2026-09-06 16:24:11.650 KST [19953] ERROR:  Approved drawing revision is immutable
2026-09-06 16:24:11.650 KST [19953] CONTEXT:  PL/pgSQL function private.lukas_drawing_p2_child_guard() line 19 at RAISE
2026-09-06 16:24:11.650 KST [19953] STATEMENT:  
	          update public.lukas_drawing_canvases
	          set calibration=pg_catalog.jsonb_set(
	            calibration,'{millimetersPerNormalizedUnit}','100'::jsonb
	          ),version=version+1
	          where id=$1::uuid
	        
2026-09-06 16:24:11.651 KST [19953] ERROR:  Drawing collaboration target is unavailable
2026-09-06 16:24:11.651 KST [19953] CONTEXT:  PL/pgSQL function public.lukas_drawing_collaboration_bootstrap(uuid) line 6 at RAISE
2026-09-06 16:24:11.651 KST [19953] STATEMENT:  
	          select public.lukas_drawing_collaboration_bootstrap(
	            $1::uuid
	          )
	        
2026-09-06 16:24:11.654 KST [19953] ERROR:  Drawing collaboration sequence is invalid
2026-09-06 16:24:11.654 KST [19953] CONTEXT:  PL/pgSQL function private.lukas_drawing_collaboration_service_store_state_unfenced(uuid,uuid,smallint,bytea,bigint,bigint,text) line 25 at RAISE
	SQL statement "select * from private.lukas_drawing_collaboration_service_store_state_unfenced(
	    p_project_id,p_revision_id,p_schema_version,p_yjs_state,
	    p_base_operation_sequence,p_expected_generation,p_expected_sha256
	  )"
	PL/pgSQL function private.lukas_drawing_collaboration_service_store_state_pre_entitlement(uuid,uuid,smallint,bytea,bigint,bigint,text) line 8 at RETURN QUERY
	SQL statement "select *
	  from private.lukas_drawing_collaboration_service_store_state_pre_entitlement(
	    p_project_id,p_revision_id,p_schema_version,p_yjs_state,
	    p_base_operation_sequence,p_expected_generation,p_expected_sha256
	  )"
	PL/pgSQL function private.lukas_drawing_collaboration_service_store_state(uuid,uuid,smallint,bytea,bigint,bigint,text) line 7 at RETURN QUERY
2026-09-06 16:24:11.654 KST [19953] STATEMENT:  
	          select * from private.lukas_drawing_collaboration_service_store_state(
	            $1::uuid,$2::uuid,1::smallint,
	            $3::bytea,
	            $4::bigint,0::bigint,null
	          )
	        
2026-09-06 16:24:11.666 KST [19953] ERROR:  permission denied for table lukas_drawing_pages
2026-09-06 16:24:11.666 KST [19953] STATEMENT:  
	        update public.lukas_drawing_pages
	        set name='Forbidden direct page update' where id=$1::uuid
	      
2026-09-06 16:24:11.666 KST [19953] ERROR:  permission denied for table lukas_drawing_pages
2026-09-06 16:24:11.666 KST [19953] STATEMENT:  
	        delete from public.lukas_drawing_pages where id=$1::uuid
	      
2026-09-06 16:24:11.685 KST [19953] ERROR:  permission denied for table lukas_drawing_objects
2026-09-06 16:24:11.685 KST [19953] STATEMENT:  
	        update public.lukas_drawing_objects
	        set name='Forbidden direct object update'
	        where id=$1::uuid
	      
2026-09-06 16:24:11.691 KST [19953] ERROR:  permission denied for table lukas_drawing_objects
2026-09-06 16:24:11.691 KST [19953] STATEMENT:  
	        delete from public.lukas_drawing_objects
	        where id=$1::uuid
	      
2026-09-06 16:24:11.698 KST [19953] ERROR:  permission denied for function lukas_drawing_request_review
2026-09-06 16:24:11.698 KST [19953] STATEMENT:  
	        select private.lukas_drawing_request_review($1::uuid)
	      
2026-09-06 16:24:11.711 KST [19953] ERROR:  Required drawing property values are incomplete
2026-09-06 16:24:11.711 KST [19953] CONTEXT:  PL/pgSQL function private.lukas_drawing_request_review(uuid) line 76 at RAISE
	PL/pgSQL function private.lukas_drawing_request_review_legacy_guard(uuid) line 21 at RETURN
	SQL function "lukas_drawing_request_review" statement 1
2026-09-06 16:24:11.711 KST [19953] STATEMENT:  
	        select public.lukas_drawing_request_review($1::uuid)
	      
2026-09-06 16:24:11.724 KST [19953] ERROR:  permission denied for table lukas_drawing_estimate_bindings
2026-09-06 16:24:11.724 KST [19953] STATEMENT:  
	        insert into public.lukas_drawing_estimate_bindings(
	          id,project_id,drawing_revision_id,boq_version_id,created_by
	        ) values(
	          $1::uuid,$2::uuid,
	          $3::uuid,$4::uuid,
	          $5::uuid
	        ) returning id
	      
2026-09-06 16:24:11.725 KST [19953] ERROR:  new row violates row-level security policy for table "lukas_drawing_estimate_bindings"
2026-09-06 16:24:11.725 KST [19953] STATEMENT:  
	        insert into public.lukas_drawing_estimate_bindings(
	          id,project_id,drawing_revision_id,boq_version_id,created_by
	        ) values(
	          $1::uuid,$2::uuid,
	          $3::uuid,$4::uuid,
	          $5::uuid
	        ) returning id
	      
2026-09-06 16:24:11.726 KST [19953] ERROR:  new row violates row-level security policy for table "lukas_drawing_estimate_bindings"
2026-09-06 16:24:11.726 KST [19953] STATEMENT:  
	        insert into public.lukas_drawing_estimate_bindings(
	          id,project_id,drawing_revision_id,boq_version_id,created_by
	        ) values(
	          $1::uuid,$2::uuid,
	          $3::uuid,$4::uuid,
	          $5::uuid
	        ) returning id
	      
2026-09-06 16:24:11.726 KST [19953] ERROR:  new row violates row-level security policy for table "lukas_drawing_estimate_bindings"
2026-09-06 16:24:11.726 KST [19953] STATEMENT:  
	        insert into public.lukas_drawing_estimate_bindings(
	          id,project_id,drawing_revision_id,boq_version_id,created_by
	        ) values(
	          $1::uuid,$2::uuid,
	          $3::uuid,$4::uuid,
	          $5::uuid
	        ) returning id
	      
2026-09-06 16:24:11.727 KST [19953] ERROR:  new row violates row-level security policy for table "lukas_drawing_estimate_bindings"
2026-09-06 16:24:11.727 KST [19953] STATEMENT:  
	        insert into public.lukas_drawing_estimate_bindings(
	          id,project_id,drawing_revision_id,boq_version_id,created_by
	        ) values(
	          $1::uuid,$2::uuid,
	          $3::uuid,$4::uuid,
	          $5::uuid
	        ) returning id
	      
2026-09-06 16:24:11.728 KST [19953] ERROR:  new row violates row-level security policy for table "lukas_drawing_estimate_bindings"
2026-09-06 16:24:11.728 KST [19953] STATEMENT:  
	        insert into public.lukas_drawing_estimate_bindings(
	          id,project_id,drawing_revision_id,boq_version_id,created_by
	        ) values(
	          $1::uuid,$2::uuid,
	          $3::uuid,$4::uuid,
	          $5::uuid
	        ) returning id
	      
2026-09-06 16:24:11.733 KST [19953] ERROR:  permission denied for table lukas_drawing_estimate_bindings
2026-09-06 16:24:11.733 KST [19953] STATEMENT:  
	        insert into public.lukas_drawing_estimate_bindings(
	          id,project_id,drawing_revision_id,boq_version_id,created_by
	        ) values(
	          $1::uuid,$2::uuid,
	          $3::uuid,$4::uuid,
	          $5::uuid
	        ) returning id
	      
2026-09-06 16:24:11.736 KST [19953] ERROR:  insert or update on table "lukas_drawing_estimate_bindings" violates foreign key constraint "lukas_drawing_estimate_bindings_boq_version_id_project_id_fkey"
2026-09-06 16:24:11.736 KST [19953] DETAIL:  Key (boq_version_id, project_id)=(97d4a33d-cdcd-443e-a5da-412cbaaae0fe, 245d569a-1d35-4c43-8ee5-c02873989224) is not present in table "lukas_qto_boq_versions".
2026-09-06 16:24:11.736 KST [19953] STATEMENT:  
	          insert into public.lukas_drawing_estimate_bindings(
	            id,project_id,drawing_revision_id,boq_version_id,created_by
	          ) values($1::uuid,$2::uuid,
	            $3::uuid,$4::uuid,
	            $5::uuid)
	        
2026-09-06 16:24:11.736 KST [19953] ERROR:  insert or update on table "lukas_drawing_estimate_bindings" violates foreign key constraint "lukas_drawing_estimate_bindin_drawing_revision_id_project__fkey"
2026-09-06 16:24:11.736 KST [19953] DETAIL:  Key (drawing_revision_id, project_id)=(d7004839-e545-4141-822a-b635f52c2316, 245d569a-1d35-4c43-8ee5-c02873989224) is not present in table "lukas_drawing_revisions".
2026-09-06 16:24:11.736 KST [19953] STATEMENT:  
	          insert into public.lukas_drawing_estimate_bindings(
	            id,project_id,drawing_revision_id,boq_version_id,created_by
	          ) values($1::uuid,$2::uuid,
	            $3::uuid,$4::uuid,
	            $5::uuid)
	        
2026-09-06 16:24:11.736 KST [19953] ERROR:  permission denied for table lukas_drawing_estimate_bindings
2026-09-06 16:24:11.736 KST [19953] STATEMENT:  
	          update public.lukas_drawing_estimate_bindings
	          set created_at=pg_catalog.clock_timestamp()
	          where id=$1::uuid
	        
2026-09-06 16:24:11.737 KST [19953] ERROR:  permission denied for table lukas_drawing_estimate_bindings
2026-09-06 16:24:11.737 KST [19953] STATEMENT:  
	          delete from public.lukas_drawing_estimate_bindings
	          where id=$1::uuid
	        
2026-09-06 16:24:11.738 KST [19953] ERROR:  permission denied for table lukas_drawing_estimate_bindings
2026-09-06 16:24:11.738 KST [19953] STATEMENT:  
	          update public.lukas_drawing_estimate_bindings
	          set created_at=pg_catalog.clock_timestamp()
	          where id=$1::uuid
	        
2026-09-06 16:24:11.738 KST [19953] ERROR:  permission denied for table lukas_drawing_estimate_bindings
2026-09-06 16:24:11.738 KST [19953] STATEMENT:  
	          delete from public.lukas_drawing_estimate_bindings
	          where id=$1::uuid
	        
2026-09-06 16:24:11.739 KST [19953] ERROR:  permission denied for table lukas_drawing_estimate_bindings
2026-09-06 16:24:11.739 KST [19953] STATEMENT:  
	          update public.lukas_drawing_estimate_bindings
	          set created_at=pg_catalog.clock_timestamp()
	          where id=$1::uuid
	        
2026-09-06 16:24:11.739 KST [19953] ERROR:  permission denied for table lukas_drawing_estimate_bindings
2026-09-06 16:24:11.739 KST [19953] STATEMENT:  
	          delete from public.lukas_drawing_estimate_bindings
	          where id=$1::uuid
	        
2026-09-06 16:24:11.740 KST [19953] ERROR:  permission denied for table lukas_qto_projects
2026-09-06 16:24:11.740 KST [19953] STATEMENT:  
	          delete from public.lukas_qto_projects where id=$1::uuid
	        
2026-09-06 16:24:11.740 KST [19953] ERROR:  permission denied for table lukas_qto_projects
2026-09-06 16:24:11.740 KST [19953] STATEMENT:  
	          delete from public.lukas_qto_projects where id=$1::uuid
	        
2026-09-06 16:24:11.745 KST [19953] ERROR:  Drawing estimate bindings are append-only
2026-09-06 16:24:11.745 KST [19953] CONTEXT:  PL/pgSQL function private.lukas_drawing_estimate_binding_guard() line 15 at RAISE
2026-09-06 16:24:11.745 KST [19953] STATEMENT:  
	          delete from public.lukas_drawing_estimate_bindings
	          where id=$1::uuid
	        
2026-09-06 16:24:11.745 KST [19953] ERROR:  Authenticated drawing actor required
2026-09-06 16:24:11.745 KST [19953] CONTEXT:  PL/pgSQL function private.lukas_drawing_layer_guard() line 16 at RAISE
2026-09-06 16:24:11.745 KST [19953] STATEMENT:  
	          delete from public.lukas_drawing_layers
	          where id=$1::uuid
	        
2026-09-06 16:24:11.746 KST [19953] ERROR:  Drawing workspace editor capability required
2026-09-06 16:24:11.746 KST [19953] CONTEXT:  PL/pgSQL function private.lukas_drawing_draft_child_guard() line 28 at RAISE
2026-09-06 16:24:11.746 KST [19953] STATEMENT:  
	          delete from public.lukas_drawing_pages
	          where id=$1::uuid
	        
2026-09-06 16:24:11.750 KST [19953] ERROR:  Authenticated drawing actor required
2026-09-06 16:24:11.750 KST [19953] CONTEXT:  PL/pgSQL function private.lukas_drawing_layer_guard() line 16 at RAISE
	SQL statement "delete from public.lukas_drawing_layers where id=old.layer_id"
	PL/pgSQL function pg_temp_2.m1_nested_purge_delete() line 3 at SQL statement
2026-09-06 16:24:11.750 KST [19953] STATEMENT:  
	          delete from m1_nested_purge_probe where layer_id=$1::uuid
	        
2026-09-06 16:24:11.750 KST [19953] ERROR:  Drawing estimate bindings are append-only
2026-09-06 16:24:11.750 KST [19953] CONTEXT:  PL/pgSQL function private.lukas_drawing_estimate_binding_guard() line 15 at RAISE
	SQL statement "delete from public.lukas_drawing_estimate_bindings
	          where id=old.binding_id"
	PL/pgSQL function pg_temp_2.m1_nested_binding_delete() line 3 at SQL statement
2026-09-06 16:24:11.750 KST [19953] STATEMENT:  
	          delete from m1_nested_binding_probe
	          where binding_id=$1::uuid
	        
2026-09-06 16:24:11.751 KST [19953] ERROR:  Drawing workspace editor capability required
2026-09-06 16:24:11.751 KST [19953] CONTEXT:  PL/pgSQL function private.lukas_drawing_draft_child_guard() line 28 at RAISE
	SQL statement "delete from public.lukas_drawing_pages where id=old.page_id"
	PL/pgSQL function pg_temp_2.m1_nested_draft_delete() line 3 at SQL statement
2026-09-06 16:24:11.751 KST [19953] STATEMENT:  
	          delete from m1_nested_draft_probe
	          where page_id=$1::uuid
	        
2026-09-06 16:24:11.773 KST [19953] ERROR:  duplicate key value violates unique constraint "lukas_drawing_library_versions_platform_starter_key"
2026-09-06 16:24:11.773 KST [19953] DETAIL:  Key (organization_id, platform_starter_key, platform_starter_version)=(f800e676-bd4f-47fd-99e3-a8dab4c5e6c9, interior-basic, 1) already exists.
2026-09-06 16:24:11.773 KST [19953] STATEMENT:  
	            insert into public.lukas_drawing_library_versions(
	              id,registry_id,organization_id,version_no,status,canonical_payload,
	              content_sha256,source_kind,platform_starter_key,
	              platform_starter_version,created_by
	            ) values($1::uuid,$2::uuid,
	              $3::uuid,1,'draft',
	              $4::jsonb,$5,
	              'platform_starter','interior-basic',1,$6::uuid)
	          
2026-09-06 16:24:11.781 KST [19953] ERROR:  new row for relation "lukas_drawing_property_schemas" violates check constraint "lukas_drawing_property_schemas_name_contract"
2026-09-06 16:24:11.781 KST [19953] DETAIL:  Failing row contains (c57b3584-253a-4d03-a8b3-e8aa9047849c, f4acb140-cc75-4799-bd38-aee07290616e, 245d569a-1d35-4c43-8ee5-c02873989224, 근거 사유, text, [], ["line", "polyline", "rectangle", "circle", "text", "dimension",..., f, 1, 5c3ce53b-7da7-4580-acef-e7bd05d10b00, 2026-09-06 16:24:11.769315+09, 2026-09-06 16:24:11.769315+09).
2026-09-06 16:24:11.781 KST [19953] STATEMENT:  
	        insert into public.lukas_drawing_property_schemas(
	          id,revision_id,project_id,name,value_type,enum_options,applies_to,
	          required,version,created_by
	        ) values($1::uuid,$2::uuid,
	          $3::uuid,$4,$5,$6::jsonb,
	          $7::jsonb,false,1,$8::uuid)
	      
2026-09-06 16:24:11.813 KST [19942] LOG:  checkpoint starting: immediate force wait
2026-09-06 16:24:11.815 KST [19942] LOG:  checkpoint complete: wrote 35 buffers (0.2%); 0 WAL file(s) added, 0 removed, 1 recycled; write=0.001 s, sync=0.001 s, total=0.002 s; sync files=20, longest=0.001 s, average=0.001 s; distance=17562 kB, estimate=17562 kB; lsn=0/2641400, redo lsn=0/26413A8
2026-09-06 16:24:11.869 KST [19941] LOG:  received fast shutdown request
2026-09-06 16:24:11.869 KST [19941] LOG:  aborting any active transactions
2026-09-06 16:24:11.869 KST [19941] LOG:  background worker "logical replication launcher" (PID 19947) exited with exit code 1
2026-09-06 16:24:11.869 KST [19942] LOG:  shutting down
2026-09-06 16:24:11.869 KST [19942] LOG:  checkpoint starting: shutdown immediate
2026-09-06 16:24:11.870 KST [19942] LOG:  checkpoint complete: wrote 11 buffers (0.1%); 0 WAL file(s) added, 0 removed, 0 recycled; write=0.001 s, sync=0.001 s, total=0.001 s; sync files=4, longest=0.001 s, average=0.001 s; distance=3 kB, estimate=15806 kB; lsn=0/26421E0, redo lsn=0/26421E0
2026-09-06 16:24:11.872 KST [19941] LOG:  database system is shut down
