✔ canonical drawing room names round-trip lower-case UUID scopes only (1.518208ms)
✔ operation envelopes accept only the existing canonical drawing operation contract (2.066542ms)
✔ operation envelopes enforce protocol and bounded operation collections (2.187625ms)
✔ history lineage is bounded, paired, canonical, and exact (0.245375ms)
✔ server-only metadata and operation status reject client fields and malformed authority (0.265375ms)
✔ append validation preserves the immutable operation order and accepts only the verified actor (0.720875ms)
✔ same durable operation ID is a convergent idempotent order entry (0.210708ms)
✔ append validation accepts a bounded same-actor catch-up suffix (0.326542ms)
✔ append validation binds every new envelope to the canonical room revision (0.130083ms)
✔ awareness is bounded, strict, and carries only ephemeral drawing state (0.49ms)
(node:12291) ExperimentalWarning: localStorage is not available because --localstorage-file was not provided.
(Use `node --trace-warnings ...` to show where the warning was created)
✔ configuration fails closed without asymmetric auth and bounded service secrets (2.299875ms)
✔ JWT verification accepts RS256 and ES256 but rejects malformed claims and HS-only JWKS (110.626584ms)
✔ remote JWKS verification cache can be purged for signing-key rotation (23.521708ms)
✔ room authorization binds verified user, origin, room and authoritative capability (0.544542ms)
✔ empty documents are initialized by the server and complete client updates are clone-validated (10.475292ms)
✔ client ingress and persisted validation reject malformed actor history transitions (6.85875ms)
✔ service bootstrap reconstructs accepted history before a restart redo (1.196833ms)
✔ clone validation accepts concurrent Y.Array appends in either Yjs order (1.233542ms)
✔ clone validation accepts concurrent recovery of the same immutable operation ID (1.99525ms)
✔ all boundaries reject one-sided duplicate contribution multiplicities (1.377083ms)
✔ clone validation rejects every hidden mismatched envelope across 100 CRDT orders (58.429708ms)
✔ clone validation rejects delete-reinsert reordering of existing operation entries (0.555417ms)
✔ clone validation rejects equal-value writes to protected CRDT structures (0.923917ms)
✔ Awareness is bounded and identity is overwritten from verified context (0.447292ms)
✔ Awareness binds one clientId to its connection and bounds ten-second leases (2.282541ms)
✔ real HocuspocusProvider syncs and publishes one bounded cursor state (71.757458ms)
✔ production-shaped first boot keeps server metadata authoritative and converges its pending operation (155.27425ms)
✔ storage retries transient reads and uses exact generation/SHA CAS without stale overwrite (0.490125ms)
✔ a Task 3 CAS conflict reloads, merges, validates, and retries once (1.586583ms)
✔ store reconciliation applies authoritative merged bytes and checkpoint back to the live room (0.902916ms)
✔ accepted polling and signed outcome receipts are authoritative and idempotent (0.87925ms)
✔ poll reconciliation validates the complete batch before one atomic status transaction (0.466125ms)
✔ poll reconciliation preserves exact accepted history lineage (0.801959ms)
✔ signed outcomes persist before 204 semantics, survive an unloaded room, and replay idempotently (2.087792ms)
✔ polling persists server status with room scope and contains room lookup failures (1.921167ms)
✔ service hooks reauthorize token sync/messages/Awareness and passive connections (0.769042ms)
✔ Hocuspocus v4 decodes a real framed Sync/Update before collaboration validation (0.951916ms)
✔ health distinguishes readiness and graceful shutdown flushes exactly once (0.196583ms)
✔ the one-port server exposes real liveness and readiness HTTP probes (9.68925ms)
✔ internal endpoints reject a single valid JSON chunk above 16 KiB before parsing (6.099084ms)
✔ outcome endpoint distinguishes invalid signatures from retriable persistence failures (3.26275ms)
✔ service startup fails closed when asymmetric JWKS preflight fails (0.32425ms)
✔ collaboration OCI contract is Node 22 multi-stage, non-root, one-port and self-healthchecked (2.555292ms)
(node:12292) ExperimentalWarning: localStorage is not available because --localstorage-file was not provided.
(Use `node --trace-warnings ...` to show where the warning was created)
✔ comment form keeps only explicit mention-picker UUID selections (1.636667ms)
✔ canvas region form accepts signed finite world millimeters only (0.534625ms)
✔ workspace tab order exposes collaboration and bounded history panels (0.087667ms)
✔ activity history is one bounded chronological composite-keyset page (7.715375ms)
✔ history links preserve document scope and persistence rejection (0.2415ms)
✔ activity detail and provenance stay bounded and human-readable (0.205166ms)
✔ workspace owns real target/comment and checkpoint restore controls (1.630834ms)
✔ single-operation revert refuses another actor and stale dependencies (2.129125ms)
✔ checkpoint restore emits one exact compound delta with current versions (0.591ms)
✔ checkpoint restore resolves structural object targets for soft-lock checks (0.301292ms)
✔ checkpoint restore revives a modified tombstone into checkpoint content (0.424958ms)
✔ checkpoint canonical graph removes database-only layer and object fields (0.085375ms)
(node:12293) ExperimentalWarning: localStorage is not available because --localstorage-file was not provided.
(Use `node --trace-warnings ...` to show where the warning was created)
✔ structured projections preserve canonical object and layer map identity (9.452208ms)
✔ client bootstrap keeps base metadata local while an offline operation remains projectable (1.830708ms)
✔ projects base plus validated operations and publishes once per Yjs transaction (1.016125ms)
✔ concurrent different-object edits converge in opposite update arrival order (4.222458ms)
✔ authoritative outcome selects a same-object winner without quarantining the room (2.175125ms)
✔ keeps undo history actor-scoped and excludes acknowledged checkpoint operations (1.797833ms)
✔ prepareLocal is side-effect free and durable append is idempotent (1.508959ms)
✔ a durable new layer projects instead of becoming a provisional conflict (0.687666ms)
✔ bridge normalizes recorded undo and redo while every local and remote transaction projects once (2.916541ms)
✔ bridge durably projects atomic host and two-opening delete undo (13.016ms)
✔ persisted history reconstructs redo after reload and same-actor cross-tab sync (4.805667ms)
✔ compacted acknowledged add and undo authorize a pending redo over a fresh snapshot (1.59225ms)
✔ compacted redo stays provisional when its acknowledged result lineage is wrong (1.981542ms)
✔ durable enqueue race appends a provisional conflict and boot repair terminates with the remote winner (1.750166ms)
✔ authorization, freeze, and disposal stop mutation without authoring server status (1.254ms)
✔ a service-released failed review restores draft writability (0.496208ms)
✔ malformed or oversized updates quarantine evidence and preserve the last projection (3.66475ms)
✔ waits for local persistence before reporting sync (0.268708ms)
✔ SSR never opens drawing IndexedDB (0.067917ms)
✔ rejects an authoritative result-version mismatch (0.564ms)
✔ an invalid candidate cannot advance the accepted checkpoint boundary (1.488959ms)
✔ a forged inverse quarantines instead of becoming a provisional conflict (0.542083ms)
✔ duplicate authoritative sequences quarantine the projection (0.480208ms)
✔ same durable operation ID from two offline docs converges once in both arrival orders (2.091167ms)
✔ raw operation and order multiplicities must match before canonical dedupe (0.748042ms)
✔ same durable ID with any mismatched offline envelope quarantines in 100 CRDT orders (41.268458ms)
✔ unknown top-level Yjs collections quarantine the client projection (0.27425ms)
ℹ tests 82
ℹ suites 0
ℹ pass 82
ℹ fail 0
ℹ cancelled 0
ℹ skipped 0
ℹ todo 0
ℹ duration_ms 654.66275
