✔ P4 forward migrations preserve populated P0-P3 state before semantic writes (2006.425209ms)
✔ P5 upgrade preserves every legal P0-P4 source shape without inventing IFC identity (772.082167ms)
✔ P5 restores an immutable pre-P5 PDF checkpoint without rewriting its snapshot (784.30475ms)
✔ P5 private trigger guards and future private functions deny direct execution (1.663291ms)
✔ P5 source authority persists exact OCC, idempotent retry, soft delete and restore versions (58.293042ms)
✔ P5 review, template and approved-child paths preserve only active source lineage (55.774666ms)
✔ P5 source authority rejects file identity, active uniqueness and role violations atomically (19.637375ms)
✔ P5 revision-review anchors reject direct ordinary replacement and predecessor deactivation (8.022709ms)
✔ P5 legacy non-revision anchors retain generic add and deactivate behavior (2.44125ms)
✔ P5 relink atomically preserves predecessor lineage across one exact file edge (7.597ms)
✔ P4 final name authority rejects legacy-valid poison transactionally before constraints (693.112958ms)
✔ P4 shared geometry corpus matches strict Zod and SQL authorities (48.648ms)
✔ P4 shared randomized object-name corpus has exact Zod, SQL helper, authenticated RPC, and reload parity (296.333375ms)
✔ P4 global exact-name authority accepts and strictly reloads every persisted name consumer (66.51125ms)
✔ P4 shared property-schema corpus matches SQL and duplicate RPC mutations leave no poisoned revision (9.534458ms)
✔ P4 persists generated hosted references and validates the final operation graph (13.374417ms)
✔ P4 widens property applicability but keeps semantic geometry out of blocks (2.20625ms)
✔ P4 mixed semantic operations require an exact complete base-version ledger (53.141291ms)
✔ P4 persists mixed wall updates with explicit opening deletion exactly once (19.59225ms)
✔ P4 accepts an opening-first compound host deletion and rejects host-only deletion (8.415625ms)
✔ P4 approved template clone remaps hosted IDs without changing source bytes (24.638791ms)
✔ P7 organization template import remaps all references and restores locked layers (38.529583ms)
✔ P3 collaboration bootstrap is one canonical capability-scoped payload (6.980042ms)
✔ collaboration history lineage is authoritative across RPC retry, lookup, and bootstrap (8.388917ms)
✔ legacy six-argument apply is the null-lineage form of the authoritative RPC (4.412625ms)
✔ operation lineage foreign key rejects cross-actor service writes (8.405417ms)
✔ history authority migration validates existing same-actor lineage without rewriting it (652.295ms)
✔ P3 collaboration state is private, exact-byte hashed, bounded, monotonic, and draft-only (19.447584ms)
✔ P3 collaborative review requires the exact service-frozen accepted manifest and is idempotent (26.77375ms)
✔ P3 stale release cannot report success or release a newer freeze (5.085834ms)
✔ P3 cross-instance lease admits one owner and fences stale takeover (7.470583ms)
✔ P3 preload lease fences every generic state store before detached freeze begins (5.984375ms)
✔ P3 preload lease fences absent-state initialization and expired preload is cleaned (3.627833ms)
✔ P2 navigation persists exact layer-only reorder and inverse through the RPC (9.646125ms)
✔ production canvas and layer commands round-trip through outbox, RPC, undo, and redo (36.217375ms)
✔ P2 navigation database invariant refuses removal of the last page (2.461083ms)
✔ release hardening gives one non-null source one document and keeps blank documents repeatable (5.247625ms)
✔ release hardening binds an idempotency key to the canonical stored request (5.7565ms)
✔ release hardening makes inaccessible and random revision targets indistinguishable (6.533791ms)
✔ release hardening reports a real stale object version with a stable conflict code (5.392417ms)
✔ real PGlite errors drive terminal conflict and transient retry through server and outbox (6.64475ms)
✔ release migration duplicate preflight fails before installing the unique index (555.091ms)
✔ task 9 table identity preflight fails closed on legacy duplicate JSON before upgrade (621.328333ms)
▶ runtime migration rejects malformed domain and inverse JSON
  ✔ missing and untrimmed object names (4.5875ms)
  ✔ geometry with a missing mandatory key (2.56725ms)
  ✔ empty style (2.602792ms)
  ✔ Konva-shaped and mismatched inverse payloads (4.710417ms)
✔ runtime migration rejects malformed domain and inverse JSON (14.783833ms)
✔ runtime migration rejects incomplete PDF evidence (4.320958ms)
✔ runtime add_objects rejects an existing soft-deleted ID (6.699875ms)
✔ runtime delete inverse is exactly replayable through add_objects (7.858917ms)
✔ runtime object rename and snapshot preserve the canonical name (6.964459ms)
✔ runtime layers enforce trimmed uniqueness, source immutability, and an editable fallback (8.762458ms)
▶ authenticated direct layer SQL cannot bypass canonical layer integrity
  ✔ authenticated inserts are revoked for every layer kind (1.914625ms)
  ✔ authenticated updates cannot change custom or source layers (1.610584ms)
  ✔ trusted updates preserve a visible unlocked user layer (3.820375ms)
  ✔ authenticated delete is revoked and has no policy path (1.565834ms)
  ✔ trusted direct deletes still cannot break layer invariants (1.716542ms)
✔ authenticated direct layer SQL cannot bypass canonical layer integrity (10.87ms)
▶ authorized draft parent deletion cascades through system and custom layers
  ✔ page deletion (4.998291ms)
  ✔ document deletion (5.110166ms)
✔ authorized draft parent deletion cascades through system and custom layers (10.22ms)
✔ approved parent deletion remains denied (6.451625ms)
✔ generated undo and redo operations parse on the server and replay through the RPC (17.226375ms)
✔ style-aware delete and restore stay exact and monotonic on a hidden unlocked layer (20.9045ms)
✔ style helpers persist through command history, outbox, RPC, undo, and redo (25.035709ms)
✔ block helper persists atomic selection conversion through outbox, RPC, undo, and redo (46.976083ms)
✔ strict structure mutation denies deleting a style referenced only by a block primitive (16.552709ms)
✔ command-produced explicit add_layer uses its canonical creation base version (3.101292ms)
✔ additive upgrade backfills a pre-name approved state without rewriting evidence (562.749667ms)
✔ runtime delete rejects a non-replayable inverse version (5.44475ms)
✔ runtime operation retry is idempotent with a validated inverse (3.877459ms)
✔ runtime review freeze rejects inserts into the locked revision (4.842875ms)
▶ runtime privileged child and approval guards reject missing membership
  ✔ child guard rejects unauthenticated and nonmember actors (4.156083ms)
  ✔ approval guard rejects unauthenticated and nonmember actors (3.583958ms)
✔ runtime privileged child and approval guards reject missing membership (7.914625ms)
▶ runtime issue links are same-project, idempotent, append-only, and draft-only
  ✔ editor retry returns one authoritative link (7.692584ms)
  ✔ cross-project issue is rejected (5.026ms)
  ✔ read-only project roles cannot link (4.228417ms)
  ✔ missing and foreign targets have one fail-closed response (9.344958ms)
  ✔ review_requested revision cannot be linked (5.240167ms)
  ✔ approved revision cannot be linked (6.08475ms)
  ✔ authenticated direct writes have no mutation grant (4.3595ms)
  ✔ trusted direct insert still enforces the authenticated actor (3.94375ms)
  ✔ trusted direct updates and deletes remain append-only (4.845708ms)
✔ runtime issue links are same-project, idempotent, append-only, and draft-only (51.2225ms)
✔ authenticated editors mutate drawing objects only through the operation RPC (12.218833ms)
✔ inspector renders linked issues read-only and draft editor controls accessibly (8.437041ms)
✔ style library stays readable for viewers and describes referenced delete denial (0.898917ms)
✔ block library and instance inspector remain readable while approved viewers receive no mutation controls (1.440958ms)
✔ semantic block navigation exposes hidden active-canvas instances but no off-canvas buttons or edits (1.408458ms)
✔ viewer layer panel keeps read surfaces but omits every mutation control (0.346959ms)
✔ performance selection target intersects exactly one tolerance-expanded object (3.59925ms)
✔ 1440x900 performance gestures move the isolated target off-canvas until fit view resets it (1.499625ms)
✔ P2 upgrade backfills one authoritative paper canvas and binds every legacy layer (2.465834ms)
✔ P2 mutate_structure is strict, atomic, conflict-safe, and exactly idempotent (14.419375ms)
✔ reference-aware object deletion is one idempotent RPC transaction with exact undo and redo (30.779291ms)
✔ reference-aware restore rejects every noncanonical object field and preserves the tombstone (28.362583ms)
✔ table SQL and RPC boundaries reject duplicate identity and incompatible property targets (12.393458ms)
✔ task 9 keeps only the canonical apply function executable (0.279291ms)
✔ P2 hardening records canvas layers, validates tables/properties/numbers, and permits atomic page swaps (35.140042ms)
✔ P2 legacy RPCs persist referenced style overrides and explicit layer placement with exact inverses (15.069083ms)
✔ P2 layer moves reject nonempty cross-page ancestry but allow valid same-page canvas moves (13.971542ms)
✔ P2 layer payload JSON and stored sort order use strict bounded domains (7.7255ms)
✔ P2 review rejects active objects whose stored page differs from their layer page (7.227292ms)
✔ P2 structure tombstones restore monotonically and reserve raw IDs across entity kinds (10.738875ms)
✔ P2 block compounds must exactly represent their editable source objects (21.401ms)
✔ P2 authority rejects transformed create-block compounds for rectangle and text geometry (10.1945ms)
✔ P2 authority denies block instance delete and restore on an ineligible layer without an operation row (18.51375ms)
✔ P2 block instance deletion returns the exact stored result when retried after the row is absent (13.401292ms)
✔ P2 block idempotency key reuse reports binding conflict before missing target state (9.625167ms)
✔ P2 block wrapper declares the authoritative revision-first concurrent lock order (3.893542ms)
✔ P2 review writes a deterministic complete v2 snapshot and freezes every P2 child (6.93975ms)
✔ P2 approved template clone generates fresh identities inside the source project (17.362042ms)
✔ P2 explicit-source template clones keep documents source-free and preserve frozen canvas anchors (10.621125ms)
✔ cloned block-instance lineage survives delete and undo while forged action lineage is rejected atomically (24.914792ms)
✔ template clone request IDs return one destination and bind their payload (6.284ms)
✔ template clone bindings cannot be forged through document rows and never create ledger authority (3.077542ms)
✔ template clone ledger rows are append-only and only the public four-argument RPC is executable (6.745541ms)
✔ template clone rejects corrupt snapshots atomically and makes viewer denial non-enumerating (6.400708ms)
✔ P2 tables deny authenticated direct DML and cascade only through a draft parent (7.464208ms)
✔ P2 template lookup makes foreign approved and random revisions uniformly unavailable (4.631709ms)
✔ final ledger upgrade ignores clone bindings forged before its guard (636.517917ms)
✔ P2 upgrade leaves an approved v1 snapshot byte-stable and promotes its clone with a default canvas (639.661ms)
✔ P2 upgrade deterministically repairs legacy canvases without editable layers (606.585042ms)
✔ forward P2 reconciliation repairs a recorded hardening history that skipped the ordered repair (600.546625ms)
✔ P2 review refuses a page whose canvas lost every editable layer (4.65ms)
✔ P3 comments persist only explicit same-project mentions with idempotent evidence (7.602792ms)
✔ P3 canvas anchors preserve signed finite world millimeters and composite identity (6.92425ms)
✔ P3 approved checkpoint restore is an idempotent fresh child draft with lineage (13.641583ms)
✔ P3 reviewer can restore an approved checkpoint into a child draft (6.851042ms)
✔ P3 approved restore locks the document before child sequence allocation (0.711542ms)
✔ P3 checkpoint restore rejects a valid arbitrary delta outside its canonical snapshot (11.427875ms)
✔ P3 checkpoint restore applies an ordinary object change without block conversion (15.328625ms)
✔ P3 checkpoint restore deletes an object added after the checkpoint (16.861458ms)
✔ P3 checkpoint restore revives exact source and issue references with a mixed object delta (21.533541ms)
✔ P3 checkpoint restore rejects a hash-valid cross-project reference graph atomically (9.964417ms)
✔ P3 checkpoint restore combines a layer update with another structure collection (15.881208ms)
✔ P3 checkpoint restore revives a dependent canvas layer and object (24.327209ms)
✔ P3 checkpoint restore keeps objects on a checkpoint-locked hidden layer (16.6685ms)
✔ P3 checkpoint restore stages a deleted canvas before moving its surviving layer (19.856334ms)
✔ P3 checkpoint restore revives older object content and removes later block state (17.672666ms)
✔ P3 checkpoint restore revives older non-object tombstone content (13.872334ms)
✔ a fresh Supabase-compatible PostgreSQL replays every committed migration (1611.727333ms)
✔ the local P7 fixture satisfies real PostgreSQL gate prerequisites (0.913625ms)
✔ library migration defines exact registry, immutable version, and provenance ancestry (2.967875ms)
✔ published bytes are hash-bound, immutable, and imported through an exact retry ledger (1.772542ms)
✔ library RLS is organization exact and public mutation authority is RPC-only (1.219375ms)
✔ imports copy into the existing canonical tables without a second drawing schema (1.544ms)
✔ workspace template copy remaps every canonical internal edge and drops project-scoped evidence (1.393833ms)
✔ PGlite executes publish, immutable copy import, exact retry, and cross-organization denial (1205.263959ms)
✔ PGlite denies direct lifecycle/content mutation and preserves published SHA (756.962875ms)
✔ real PostgreSQL proves organization library RLS and trigger authority (11.486042ms)
✔ organization invitations have exact expiry, acceptance, revocation, and retry authority (2.513333ms)
✔ plans, seats, trials, quotas, and feature entitlements are immutable versions (0.976084ms)
✔ role and entitlement changes are append-only audited and direct privilege escalation is fenced (0.873167ms)
✔ project membership and organization move are exact RPC authorities (1.220333ms)
✔ organization administration list RPCs expose deterministic bounded keysets (1.665834ms)
✔ library access and feature quotas are enforced at the database boundary (1.758125ms)
✔ quantity and BOQ reads and RPCs are fenced by quantity_lineage entitlement (4.959708ms)
✔ PGlite executes exact invitation, seat, audit, and cross-organization authorities (1097.064875ms)
✔ PGlite feature versions fence drawing and collaboration database authorities (677.369167ms)
✔ PGlite conservatively rejects every approved and lineage project move (596.6365ms)
✔ real PostgreSQL organization authority is optional locally and required mode never becomes synthetic PASS (69.105833ms)
✔ retention migration replaces project deletion with guarded archive authority (3.186667ms)
✔ policy, hold, lifecycle, and restore evidence are append-only organization records (1.90125ms)
✔ trusted purge is service-only and proves expiry, holds, and protected dependencies (1.716709ms)
✔ restore records bind provider identity, database, storage, Yjs, approval, and lineage evidence (0.885ms)
✔ PGlite archives and holds approved project evidence through exact organization RPCs (1232.764584ms)
✔ PGlite preserves immutable manifest until Storage deletion is proven (762.588709ms)
✔ PGlite export evidence is exact, idempotent, append-only, and cross-org denied (686.129834ms)
✔ PGlite preserves Revit download evidence as append-only after Task 5 (683.598667ms)
✔ PGlite restore recording retries one request and permits a new rehearsal (677.047291ms)
✔ PGlite legal hold blocks trusted purge until release and empty dependency proof (691.094208ms)
✔ real PostgreSQL proves retention RLS, grants, and invoker guards (20.678375ms)
ℹ tests 175
ℹ suites 0
ℹ pass 175
ℹ fail 0
ℹ cancelled 0
ℹ skipped 0
ℹ todo 0
ℹ duration_ms 11685.970708
