
> supaplate@1.0 test:drawing-workspace
> node --test tests/drawing-workspace-*.test.mjs tests/drawing-fixture-cleanup.test.mjs

✔ drawing E2E cleanup attempts every resource and reports residue risk (1.327ms)
✔ P3 cleanup attempts room and aggregate fixture teardown without masking either (0.432833ms)
✔ world objects become canonically ordered primitives relative to the deterministic selection origin (8.642292ms)
✔ block transforms and bounds enclose every geometry at 30 degrees with signed nonzero scales (7.234458ms)
✔ multiline text bounds use the renderer line-height contract after rotation and nonuniform scale (0.432458ms)
✔ dimension bounds include the deterministic rendered label rectangle (0.379625ms)
✔ calibrated dimension bounds reserve deterministic space for every finite numeric label (0.402417ms)
✔ production render adapter orders committed and hit items together and dispatches the visual topmost overlap (1.650125ms)
✔ block hit testing skips rotated sparse empty corners and reveals the real object below (1.291334ms)
✔ render order is a stable host dependency graph across randomized layer and UUID order (4.068916ms)
✔ the exact 10k authoritative graph projects only viewport objects for render hit snap and accessibility work (83.465209ms)
✔ viewport projection keeps every visual edge that can cross a pan or zoom boundary (0.397583ms)
✔ host ordering work grows sub-quadratically without a machine clock (23.249709ms)
✔ the exact 10k render adapter retains every authoritative item (61.286709ms)
✔ a hosted opening inherits hidden host visibility across layers (0.563417ms)
✔ render models resolve live style definitions with primitive overrides and fail closed (0.589958ms)
✔ create from selection is one exact atomic structure command with undo and redo (6.443583ms)
✔ block conversion atomically cleans selected object properties and schedule rows (4.175708ms)
✔ block conversion validator rejects a rotated or scaled creation instance (0.281375ms)
✔ block conversion rejects partial, stale, cross-layer, inactive, hidden, and locked selections without mutation (0.627834ms)
✔ definition and instance commands preserve identity, transforms, guards, copy, and exact deletion (0.8975ms)
✔ shift selection replaces the current selection when candidate kind changes (0.125625ms)
✔ mixed instance-object shortcuts fail before producing any partial command (0.366708ms)
✔ instance clipboard is a deep snapshot and pastes on the current active canvas layer (0.349542ms)
✔ production cache and unified adapter handle one thousand instances without selection recompute and invalidate definitions and styles (180.758041ms)
✔ active-canvas transient state and hit candidates include eligible instances as one target and fail closed (0.684ms)
✔ semantic active-canvas block selection remains inspectable when its layer is hidden and locked (0.141917ms)
(node:58572) ExperimentalWarning: localStorage is not available because --localstorage-file was not provided.
(Use `node --trace-warnings ...` to show where the warning was created)
✔ collaboration lifecycle identity uses only user, project, and revision IDs (0.511209ms)
✔ transactional bootstrap status and canWrite override a stale draft workspace row (0.385625ms)
✔ provider disconnect is visibly degraded and reconnect becomes connected (0.059917ms)
✔ P4 concurrent semantic operations converge and preserve hosted opening projection (27.687666ms)
✔ P4 concurrent same-wall edits use the existing version conflict path (1.655041ms)
✔ failed local initialization disposes each partial resource and a retry leaves one live attempt (0.420833ms)
✔ deferred local persistence installs one coherent checkpoint before edit and provider readiness (0.234083ms)
✔ a source mark during deferred checkpoint sync cannot connect the provider (0.065209ms)
✔ continuously advancing checkpoints terminate bounded and fail closed (14.281167ms)
✔ a slow checkpoint apply completes atomically before readiness (23.312959ms)
✔ adapter construction failure closes the already-open persistence and document (0.461667ms)
✔ document cleanup still runs when persistence disposal itself fails (0.252333ms)
✔ command bridge persists before appending and only then exposes the provider update (0.484084ms)
✔ command bridge never publishes when durable enqueue fails (0.267375ms)
✔ boot repair pairs outbox-only and Yjs-only operations without duplicates (0.507292ms)
✔ authoritative outcomes repair committed-unshared operations and clear the outbox (0.337208ms)
✔ workspace collaboration bootstrap is one authenticated transactional RPC (0.356667ms)
✔ snapshot bootstrap sources are strict canonical evidence before client hydration (0.377708ms)
✔ trusted bootstrap and checkpoint boundaries canonicalize only the exact P4 source producer (0.702958ms)
✔ lost-receipt bootstrap reconstructs exact persisted undo lineage (0.179875ms)
✔ React server signs one idempotent collaboration outcome receipt (0.562292ms)
✔ an accepted RPC with a lost receipt remains retryable under the same operation ID (11.219208ms)
✔ canonical drawing objects require an exact trimmed name (2.361792ms)
✔ canonical loaded layers reject corrupt source state without widening browser input (0.406417ms)
✔ mutate_structure records strict forward and inverse payloads (2.783833ms)
✔ property-value undo resolves locked object and block owners from its recorded inverse (1.950958ms)
✔ add appends an operation with an inverse and leaves its input state unchanged (0.248584ms)
✔ update moves an object and records the version it was based on (0.306958ms)
✔ update records and restores an object's trimmed name (0.217333ms)
✔ style preset reset replaces the stored override and undo redo preserves it (0.652084ms)
✔ delete removes an object and records an add inverse (0.246625ms)
✔ adding a copy uses its supplied new ID without changing the source object (0.242958ms)
✔ object mutations on a locked layer fail with the domain lock error (0.485583ms)
✔ undo appends an inverse without deleting another actor's separate command (0.22925ms)
✔ add undo redo realizes exact tombstone bases and monotonic versions (0.250875ms)
✔ delete undo redo advances through tombstone restore and tombstone versions (0.338875ms)
✔ undo returns a conflict when another actor changed its target object (0.181708ms)
✔ undo then redo append new operations and keep the original history target (0.29825ms)
✔ a redone operation can be undone again without a false version conflict (0.271084ms)
✔ redo reapplies a version-aware selection move against the post-undo version (0.302667ms)
✔ update_layer appends a valid inverse and supports actor-scoped undo and redo (0.231917ms)
✔ undo of a layer update conflicts when another actor changed that layer (0.0825ms)
✔ add_layer remains non-undoable without a delete_layer command (0.07175ms)
✔ layer commands trim unique names and preserve one active editable user layer (0.315584ms)
✔ inspector builds one version-aware all-or-nothing multi-object command (0.460458ms)
✔ inspector text changes are available only when every target is text (0.188583ms)
✔ line click-click snaps both committed points and emits one add command (0.29725ms)
✔ polyline multi-click plus Enter snaps every vertex into one command (0.107416ms)
✔ rectangle drag normalizes an up-left drag after snapping (0.043583ms)
✔ circle center-radius drag commits the snapped Euclidean radius (0.050416ms)
✔ text Enter ignores empty input and commits non-empty text at a snapped origin (0.055458ms)
✔ dimension commits explicit calibrated or visibly uncalibrated evidence (0.123417ms)
✔ dimension adapter applies the canonical perpendicular offset (0.062208ms)
✔ Shift constrains line and dimension endpoints to 45-degree increments (0.097709ms)
✔ Escape cancels without a command and Backspace removes the last polyline point (0.062125ms)
✔ repeat mode keeps the completed drawing tool active (0.044125ms)
✔ tool event adapter converts Stage-relative screen points to world points before canonical snap (0.330458ms)
✔ tool event adapter models drag preview and pointer capture through release (0.086167ms)
✔ tool event adapter ignores Chrome pointer detail and commits one terminal polyline vertex (0.097833ms)
✔ double-click cannot create a polyline command with fewer than two vertices (0.052209ms)
✔ tool event adapter owns Enter, Backspace, Escape, and text submission (0.164792ms)
✔ edit downgrade invalidates a live tool session before any later commit (0.053834ms)
✔ layer switch cancels drag and releases capture instead of committing into the new layer (0.052542ms)
✔ selection adapter confirms candidate clicks against domain bounds and Shift toggles (0.575792ms)
✔ marquee uses world-space intersection and canonical rotated bounds (0.142291ms)
✔ direct and marquee selection exclude hidden and locked layers (0.218041ms)
✔ selection drag keeps preview transient and emits one snapped multi-object update (0.121916ms)
✔ drag snapshots selected versions and rejects a mid-drag version change (0.112375ms)
✔ drag rejects same-version geometry replacement instead of moving newer geometry (0.064417ms)
✔ drag sync releases capture when one snapshot layer becomes ineligible (0.088125ms)
✔ an advisory peer lock preserves selection but blocks and cancels only its drag (0.099125ms)
✔ remote selection bounds include canonical block-instance render items (0.07825ms)
✔ selection handles stay screen-sized across zoom levels (0.040291ms)
✔ selection hit bounds expand thin canonical bounds by a fixed screen tolerance (0.072416ms)
✔ selection candidates expand hits only after hidden and locked exclusion (0.070041ms)
✔ arrow moves use millimeters and mutation commands filter locked or hidden objects (0.262458ms)
✔ copy strips identity and paste creates strict fresh objects at 20 mm (0.292ms)
✔ referenced-style copy fails closed unless it explicitly resolves to portable inline style (0.177916ms)
(node:58573) ExperimentalWarning: localStorage is not available because --localstorage-file was not provided.
(Use `node --trace-warnings ...` to show where the warning was created)
✔ workspace duplicate preserves a referenced style within its document (868.697417ms)
✔ workspace block mutation adapter no-ops hidden, locked, and mixed selections until every owning layer is editable (0.9045ms)
✔ duplicate and Delete create add and delete commands without mutating originals (0.190875ms)
✔ workspace shortcuts support Cmd and Ctrl variants with guarded focus (5.243667ms)
✔ native dialog descendants own Backspace, Delete, and Cmd shortcuts (0.191209ms)
✔ command registry filters Korean labels and stable IDs case-insensitively (0.138708ms)
✔ command menu Enter only runs the selected enabled command and Escape closes (0.1025ms)
✔ editing context fails closed unless capability and an active layer both allow edits (0.122917ms)
✔ P4 forward migrations preserve populated P0-P3 state before semantic writes (3819.603542ms)
✔ P5 upgrade preserves every legal P0-P4 source shape without inventing IFC identity (835.351959ms)
✔ P5 restores an immutable pre-P5 PDF checkpoint without rewriting its snapshot (840.438958ms)
✔ P5 private trigger guards and future private functions deny direct execution (2.06525ms)
✔ P5 source authority persists exact OCC, idempotent retry, soft delete and restore versions (55.742333ms)
✔ P5 review, template and approved-child paths preserve only active source lineage (59.73475ms)
✔ P5 source authority rejects file identity, active uniqueness and role violations atomically (23.166833ms)
✔ P5 revision-review anchors reject direct ordinary replacement and predecessor deactivation (4.902625ms)
✔ P5 legacy non-revision anchors retain generic add and deactivate behavior (2.526459ms)
✔ P5 relink atomically preserves predecessor lineage across one exact file edge (7.628708ms)
✔ P4 final name authority rejects legacy-valid poison transactionally before constraints (723.8665ms)
✔ P4 shared geometry corpus matches strict Zod and SQL authorities (55.980625ms)
✔ P4 shared randomized object-name corpus has exact Zod, SQL helper, authenticated RPC, and reload parity (348.355375ms)
✔ P4 global exact-name authority accepts and strictly reloads every persisted name consumer (74.752625ms)
✔ P4 shared property-schema corpus matches SQL and duplicate RPC mutations leave no poisoned revision (13.87125ms)
✔ P4 persists generated hosted references and validates the final operation graph (16.206209ms)
✔ P4 widens property applicability but keeps semantic geometry out of blocks (3.029458ms)
✔ P4 mixed semantic operations require an exact complete base-version ledger (54.968833ms)
✔ P4 persists mixed wall updates with explicit opening deletion exactly once (21.966458ms)
✔ P4 accepts an opening-first compound host deletion and rejects host-only deletion (9.668292ms)
✔ P4 approved template clone remaps hosted IDs without changing source bytes (29.413041ms)
✔ P7 organization template import remaps all references and restores locked layers (43.253125ms)
✔ P3 collaboration bootstrap is one canonical capability-scoped payload (8.307958ms)
✔ collaboration history lineage is authoritative across RPC retry, lookup, and bootstrap (10.053375ms)
✔ legacy six-argument apply is the null-lineage form of the authoritative RPC (6.624084ms)
✔ operation lineage foreign key rejects cross-actor service writes (10.121125ms)
✔ history authority migration validates existing same-actor lineage without rewriting it (693.403208ms)
✔ P3 collaboration state is private, exact-byte hashed, bounded, monotonic, and draft-only (22.687709ms)
✔ P3 collaborative review requires the exact service-frozen accepted manifest and is idempotent (32.615417ms)
✔ P3 stale release cannot report success or release a newer freeze (5.253416ms)
✔ P3 cross-instance lease admits one owner and fences stale takeover (9.616667ms)
✔ P3 preload lease fences every generic state store before detached freeze begins (8.993125ms)
✔ P3 preload lease fences absent-state initialization and expired preload is cleaned (4.11975ms)
✔ P2 navigation persists exact layer-only reorder and inverse through the RPC (10.319459ms)
✔ production canvas and layer commands round-trip through outbox, RPC, undo, and redo (42.084208ms)
✔ P2 navigation database invariant refuses removal of the last page (2.7255ms)
✔ release hardening gives one non-null source one document and keeps blank documents repeatable (5.755458ms)
✔ release hardening binds an idempotency key to the canonical stored request (7.620125ms)
✔ release hardening makes inaccessible and random revision targets indistinguishable (9.324917ms)
✔ release hardening reports a real stale object version with a stable conflict code (5.918041ms)
✔ real PGlite errors drive terminal conflict and transient retry through server and outbox (7.905709ms)
✔ release migration duplicate preflight fails before installing the unique index (590.069334ms)
✔ task 9 table identity preflight fails closed on legacy duplicate JSON before upgrade (676.262292ms)
▶ runtime migration rejects malformed domain and inverse JSON
  ✔ missing and untrimmed object names (5.037292ms)
  ✔ geometry with a missing mandatory key (2.919209ms)
  ✔ empty style (3.380333ms)
  ✔ Konva-shaped and mismatched inverse payloads (4.4305ms)
✔ runtime migration rejects malformed domain and inverse JSON (16.180375ms)
✔ runtime migration rejects incomplete PDF evidence (5.31675ms)
✔ runtime add_objects rejects an existing soft-deleted ID (9.163458ms)
✔ runtime delete inverse is exactly replayable through add_objects (9.479416ms)
✔ runtime object rename and snapshot preserve the canonical name (8.542209ms)
✔ runtime layers enforce trimmed uniqueness, source immutability, and an editable fallback (9.536542ms)
▶ authenticated direct layer SQL cannot bypass canonical layer integrity
  ✔ authenticated inserts are revoked for every layer kind (2.007833ms)
  ✔ authenticated updates cannot change custom or source layers (1.629875ms)
  ✔ trusted updates preserve a visible unlocked user layer (4.774083ms)
  ✔ authenticated delete is revoked and has no policy path (2.333833ms)
  ✔ trusted direct deletes still cannot break layer invariants (2.1545ms)
✔ authenticated direct layer SQL cannot bypass canonical layer integrity (13.24875ms)
▶ authorized draft parent deletion cascades through system and custom layers
  ✔ page deletion (6.195959ms)
  ✔ document deletion (5.708166ms)
✔ authorized draft parent deletion cascades through system and custom layers (12.081042ms)
✔ approved parent deletion remains denied (7.295166ms)
✔ generated undo and redo operations parse on the server and replay through the RPC (21.873291ms)
✔ style-aware delete and restore stay exact and monotonic on a hidden unlocked layer (22.991209ms)
✔ style helpers persist through command history, outbox, RPC, undo, and redo (29.39375ms)
✔ block helper persists atomic selection conversion through outbox, RPC, undo, and redo (53.028708ms)
✔ strict structure mutation denies deleting a style referenced only by a block primitive (20.207416ms)
✔ command-produced explicit add_layer uses its canonical creation base version (3.676167ms)
✔ additive upgrade backfills a pre-name approved state without rewriting evidence (613.688667ms)
✔ runtime delete rejects a non-replayable inverse version (6.392792ms)
✔ runtime operation retry is idempotent with a validated inverse (4.396208ms)
✔ runtime review freeze rejects inserts into the locked revision (6.541041ms)
▶ runtime privileged child and approval guards reject missing membership
  ✔ child guard rejects unauthenticated and nonmember actors (5.9215ms)
  ✔ approval guard rejects unauthenticated and nonmember actors (4.060916ms)
✔ runtime privileged child and approval guards reject missing membership (10.273083ms)
▶ runtime issue links are same-project, idempotent, append-only, and draft-only
  ✔ editor retry returns one authoritative link (8.54225ms)
  ✔ cross-project issue is rejected (5.883958ms)
  ✔ read-only project roles cannot link (4.635291ms)
  ✔ missing and foreign targets have one fail-closed response (11.018708ms)
  ✔ review_requested revision cannot be linked (6.508625ms)
  ✔ approved revision cannot be linked (7.089458ms)
  ✔ authenticated direct writes have no mutation grant (5.085542ms)
  ✔ trusted direct insert still enforces the authenticated actor (4.496583ms)
  ✔ trusted direct updates and deletes remain append-only (7.749166ms)
✔ runtime issue links are same-project, idempotent, append-only, and draft-only (61.678792ms)
✔ authenticated editors mutate drawing objects only through the operation RPC (15.226083ms)
✔ inspector renders linked issues read-only and draft editor controls accessibly (9.241375ms)
✔ style library stays readable for viewers and describes referenced delete denial (1.079833ms)
✔ block library and instance inspector remain readable while approved viewers receive no mutation controls (1.62225ms)
✔ semantic block navigation exposes hidden active-canvas instances but no off-canvas buttons or edits (1.530416ms)
✔ viewer layer panel keeps read surfaces but omits every mutation control (0.371083ms)
✔ performance selection target intersects exactly one tolerance-expanded object (4.017292ms)
✔ 1440x900 performance gestures move the isolated target off-canvas until fit view resets it (2.175458ms)
✔ P2 upgrade backfills one authoritative paper canvas and binds every legacy layer (2.98575ms)
✔ P2 mutate_structure is strict, atomic, conflict-safe, and exactly idempotent (14.88775ms)
✔ reference-aware object deletion is one idempotent RPC transaction with exact undo and redo (35.194791ms)
✔ reference-aware restore rejects every noncanonical object field and preserves the tombstone (31.294583ms)
✔ table SQL and RPC boundaries reject duplicate identity and incompatible property targets (14.7245ms)
✔ task 9 keeps only the canonical apply function executable (0.351541ms)
✔ P2 hardening records canvas layers, validates tables/properties/numbers, and permits atomic page swaps (40.188542ms)
✔ P2 legacy RPCs persist referenced style overrides and explicit layer placement with exact inverses (18.059666ms)
✔ P2 layer moves reject nonempty cross-page ancestry but allow valid same-page canvas moves (16.170958ms)
✔ P2 layer payload JSON and stored sort order use strict bounded domains (8.75925ms)
✔ P2 review rejects active objects whose stored page differs from their layer page (9.155792ms)
✔ P2 structure tombstones restore monotonically and reserve raw IDs across entity kinds (13.610125ms)
✔ P2 block compounds must exactly represent their editable source objects (26.817958ms)
✔ P2 authority rejects transformed create-block compounds for rectangle and text geometry (11.390625ms)
✔ P2 authority denies block instance delete and restore on an ineligible layer without an operation row (21.37275ms)
✔ P2 block instance deletion returns the exact stored result when retried after the row is absent (15.273666ms)
✔ P2 block idempotency key reuse reports binding conflict before missing target state (12.131917ms)
✔ P2 block wrapper declares the authoritative revision-first concurrent lock order (4.307125ms)
✔ P2 review writes a deterministic complete v2 snapshot and freezes every P2 child (7.492083ms)
✔ P2 approved template clone generates fresh identities inside the source project (19.070792ms)
✔ P2 explicit-source template clones keep documents source-free and preserve frozen canvas anchors (13.136625ms)
✔ cloned block-instance lineage survives delete and undo while forged action lineage is rejected atomically (25.313917ms)
✔ template clone request IDs return one destination and bind their payload (7.809542ms)
✔ template clone bindings cannot be forged through document rows and never create ledger authority (3.144208ms)
✔ template clone ledger rows are append-only and only the public four-argument RPC is executable (7.830042ms)
✔ template clone rejects corrupt snapshots atomically and makes viewer denial non-enumerating (6.997333ms)
✔ P2 tables deny authenticated direct DML and cascade only through a draft parent (9.321708ms)
✔ P2 template lookup makes foreign approved and random revisions uniformly unavailable (7.157209ms)
✔ final ledger upgrade ignores clone bindings forged before its guard (671.205208ms)
✔ P2 upgrade leaves an approved v1 snapshot byte-stable and promotes its clone with a default canvas (663.01425ms)
✔ P2 upgrade deterministically repairs legacy canvases without editable layers (627.077291ms)
✔ forward P2 reconciliation repairs a recorded hardening history that skipped the ordered repair (616.884834ms)
✔ P2 review refuses a page whose canvas lost every editable layer (4.89075ms)
✔ P3 comments persist only explicit same-project mentions with idempotent evidence (9.000334ms)
✔ P3 canvas anchors preserve signed finite world millimeters and composite identity (8.134334ms)
✔ P3 approved checkpoint restore is an idempotent fresh child draft with lineage (14.505625ms)
✔ P3 reviewer can restore an approved checkpoint into a child draft (8.7435ms)
✔ P3 approved restore locks the document before child sequence allocation (1.063959ms)
✔ P3 checkpoint restore rejects a valid arbitrary delta outside its canonical snapshot (13.968083ms)
✔ P3 checkpoint restore applies an ordinary object change without block conversion (16.710334ms)
✔ P3 checkpoint restore deletes an object added after the checkpoint (19.770583ms)
✔ P3 checkpoint restore revives exact source and issue references with a mixed object delta (23.050334ms)
✔ P3 checkpoint restore rejects a hash-valid cross-project reference graph atomically (11.804625ms)
✔ P3 checkpoint restore combines a layer update with another structure collection (14.982959ms)
✔ P3 checkpoint restore revives a dependent canvas layer and object (24.632875ms)
✔ P3 checkpoint restore keeps objects on a checkpoint-locked hidden layer (18.404375ms)
✔ P3 checkpoint restore stages a deleted canvas before moving its surviving layer (21.165291ms)
✔ P3 checkpoint restore revives older object content and removes later block state (19.254084ms)
✔ P3 checkpoint restore revives older non-object tombstone content (14.552875ms)
✔ workspace migration binds sources by project and SHA and freezes approved revisions (10.167208ms)
✔ P4 remains a forward-only semantic upgrade on the frozen workspace authority (12.07625ms)
✔ workspace creates only the ten approved P0/P1 tables with domain checks (18.545042ms)
✔ additive layers-inspector upgrade carries the full object and layer contract (7.321209ms)
✔ additive issue-link migration exposes only the guarded append-only RPC (7.976458ms)
✔ additive issue-link migration closes direct object DML and target enumeration (9.774667ms)
✔ parent deletion cascades are distinguished from direct layer deletion in both install paths (7.479584ms)
✔ capability mapping, RLS, and grants expose only project-scoped operations (6.601292ms)
✔ guards validate domain JSON and preserve approved and append-only records (12.518959ms)
✔ every revision child INSERT serializes with review on the parent row (1.993792ms)
✔ capability and role checks fail closed inside each privileged function (2.77125ms)
✔ domain and inverse validation fails closed (6.564916ms)
✔ document creation and operation RPCs are atomic, authorized, and idempotent (2.815375ms)
✔ review RPCs hash canonical stable ordering and enforce maker-checker (6.118417ms)
✔ security-definer helpers and public RPCs have explicit execution privileges (3.011125ms)
✔ trigger privilege modes match their required authority (0.926208ms)
✔ every workspace foreign-key path has a covering index (4.058209ms)
✔ P2 migration adds the seven project-scoped structure tables and authoritative canvases (3.404125ms)
✔ P2 migration hardens structure mutation, snapshot v2, and approved same-project cloning (2.400125ms)
✔ P2 migration uses locked guards, least privilege, and covering indexes (3.901709ms)
✔ P2 hardening keeps structural writes RPC-only and records exact layer/source contracts (1.489625ms)
✔ P2 compatibility migrations backfill stable editable layers and close RPC ancestry gaps (2.1805ms)
✔ P2 forward history reconciliation repairs skipped data and preserves P0/P1 layer eligibility (1.062333ms)
✔ drawing workspace has one complete serial production contract (25.777083ms)
✔ release documentation keeps local evidence separate from external gates (23.009917ms)
✔ canonical export traversal isolates one canvas and keeps visible locked layers (10.106541ms)
✔ canonical export traversal resolves live object and block styles (0.478542ms)
✔ canonical export traversal interleaves tied layers by item id and preserves block definition order (0.4305ms)
✔ SVG export is byte-stable with escaped XML and stable canvas bounds (0.600417ms)
✔ SVG export preserves canonical multiline text layout (0.19575ms)
✔ SVG text uses deterministic fixed-width clipping for long multiline content (0.196625ms)
✔ SVG export rejects XML 1.0-invalid C0 controls without stripping text (0.300334ms)
✔ PNG export has deterministic 1x, 2x, and 4x dimensions (0.775792ms)
✔ exports use stable cross-layer host ordering across randomized UUIDs (24.983709ms)
✔ semantic export matches the live canvas render metrics and label layout (0.6585ms)
✔ one complete semantic accessibility label is shared by live and SVG output (0.394583ms)
✔ long semantic labels share deterministic bounded lines across live, SVG, PNG, and PDF plans (8.466416ms)
✔ P4 mixed geometry has one canonical SVG PNG and PDF render plan (4.0175ms)
✔ P4 export rejects an unresolved hosted opening before any partial artifact work (0.409833ms)
✔ PNG text clips to the fixed layout and draws uncompressed multiline text (0.170917ms)
✔ dimension export uses page calibration identity for direct and transformed block geometry (0.918375ms)
✔ PNG export requires the matching PDF.js background canvas (0.36675ms)
✔ PNG export intentionally excludes canonical background metadata when requested (0.228583ms)
✔ PNG export reports tainted and failed background encoding explicitly (0.613375ms)
✔ PNG encoding rejects promptly when the export signal is cancelled (0.1935ms)
✔ PDF export writes canonically ordered paper pages, dimensions, images, and metadata (2.754667ms)
✔ PDF export excludes model canvases unless they are explicitly selected (29.842792ms)
✔ PDF export propagates one cancellation signal through background work (0.468166ms)
✔ PDF export races non-cancellable image embedding work against cancellation (3.037958ms)
✔ real browser export preserves source evidence and renders ordered SVG, PNG, and PDF pixels (1641.790834ms)
✔ P0/P1 geometry default names remain unchanged (2.131708ms)
✔ world coordinates round-trip independently from viewport pixels (0.115625ms)
✔ pointer-centered zoom preserves the world point and clamps finite zoom (0.199959ms)
✔ PDF source contain placement preserves portrait and landscape aspect ratios (0.138667ms)
✔ canvas cursor follows Space and pan transitions without stale ref state (0.066666ms)
✔ pan gesture activates only for pan tool, Space, or middle button (0.126917ms)
✔ pan gesture moves from its start viewport and ends on release, cancel, or blur (0.072917ms)
✔ PDF calibration converts normalized page distance to millimeters (0.076708ms)
✔ snapping uses a screen-pixel tolerance converted through zoom (0.107042ms)
✔ geometry bounds enclose every P0/P1 geometry (2.303541ms)
✔ geometry rejects non-finite coordinates, degenerate lengths, and NUL text (1.365667ms)
✔ calibration rejects coincident points and non-positive physical lengths (0.079292ms)
✔ object snapping wins ties and leaves distant points unchanged (0.063083ms)
✔ rectangle snap points are its real rotated corners (0.182833ms)
✔ snap points expose meaningful canonical points for every geometry (0.07475ms)
✔ authenticated storage policies cannot replace derivative artifacts (1738.870417ms)
✔ review freeze pins one exact content-addressed derivative per revision source (2.052916ms)
✔ revision derivative bindings are project-scoped immutable read evidence (2.3685ms)
✔ IFC derivative table binds immutable artifacts to an immutable IFC source (6.351458ms)
✔ IFC derivative RLS is project-scoped and exposes no client mutation path (3.9005ms)
✔ ready derivative publication revokes direct service writes behind one narrow RPC (5.940959ms)
✔ approved revisions cannot lose their IFC derivative evidence (3.636209ms)
✔ PGlite enforces immutable source identity and approved derivative denial (1475.840083ms)
✔ manifest mesh identity is the global node and primitive tuple (2.509084ms)
✔ an approved revision keeps its pin and signs ready artifacts without a storage read (7.763083ms)
✔ the ready route fails closed on tampered content-addressed metadata before signing (13.879708ms)
✔ a protected revision without an exact derivative binding fails closed (0.232959ms)
✔ a draft deterministically resolves the newest ready derivative (0.281375ms)
✔ a draft exposes the latest failed status when no ready derivative exists (0.156ms)
▶ GLB node identity requires canonical extras and every primitive claim
  ✔ node name is not an identity fallback (11.04075ms)
  ✔ mesh node extras reject non-canonical identity fields (8.569375ms)
  ✔ manifest primitive index must be in range (1.74025ms)
  ✔ an unclaimed rendered primitive is rejected (13.520458ms)
✔ GLB node identity requires canonical extras and every primitive claim (35.611625ms)
▶ GLB ifcExpressId matches the complete primitive ownership of a node
  ✔ mixed node omits ifcExpressId (3.658417ms)
  ✔ mixed node cannot claim one ifcExpressId (2.745667ms)
  ✔ single owner ifcExpressId must match (1.858125ms)
✔ GLB ifcExpressId matches the complete primitive ownership of a node (8.724708ms)
▶ managed publication verifies canonical manifests and official GLB errors
  ✔ substituted manifest (0.304375ms)
  ✔ corrupt GLB (1.615542ms)
  ✔ external GLB URI (5.543666ms)
  ✔ primitive missing attributes (2.15425ms)
  ✔ invalid accessor reference (3.342292ms)
  ✔ invalid node reference (1.502292ms)
  ✔ invalid chunk length (1.231834ms)
  ✔ truncated informational report (2.957459ms)
  ✔ truncated report before invalid accessor (3.122375ms)
✔ managed publication verifies canonical manifests and official GLB errors (22.881125ms)
✔ managed publication rejects noncanonical manifest bytes before ready transition (0.483417ms)
✔ the loader refuses oversized artifact metadata before download (1.053708ms)
✔ managed ingestion publishes a content-addressed object without replacement (2.541166ms)
✔ managed ingestion reconciles a response-lost retry only from exact stored bytes (0.774917ms)
✔ managed ingestion rejects a conflict whose existing bytes do not match (0.759917ms)
✔ pair publication validates before attempting either artifact upload (0.650958ms)
✔ managed ready publication writes the exact verified upload result through one writer (4.374292ms)
✔ managed ready RPC writer accepts only the exact ready publication contract (0.387208ms)
✔ pair publication reconciles exact content-addressed artifacts (3.766042ms)
✔ pair publication retains an exact manifest orphan when a verified peer is corrupt (1.73125ms)
✔ drawing editor dependencies are permissive and noticed (10.338833ms)
✔ the official glTF validator ships its exact Apache license and upstream notices (6.955167ms)
✔ drawing export uses the exact unmodified MIT pdf-lib dependency (51.402459ms)
✔ drawing collaboration pins its MIT protocol closure without direct transport or state packages (53.200041ms)
✔ viewer delegates PDF.js primitives to the shared renderer (7.326125ms)
✔ document replacement cancels an active renderer before destruction (1.017083ms)
✔ PDF pages use the shared client renderer (1.436542ms)
✔ shared PDF opening stops before starting an aborted load (1.187625ms)
✔ P7 release inspects the actual drawing dependency closure and notices (13.989166ms)
✔ 1HK product source and public assets contain no Rayon name or asset (582.165459ms)
✔ 3-4-5 wall and diagonal grid lengths round to micromillimeters (1.084792ms)
✔ opening measurement is clear width and width times height (0.228208ms)
✔ clockwise and counter-clockwise polygons have identical perimeter and area (0.20175ms)
✔ half-square-millimeter area is retained exactly (0.626458ms)
✔ polygon perimeter preserves edge magnitudes and rounds only the final sum (0.084167ms)
✔ 90, 180, and 360 degree arcs use the fixed V1 PI rational (0.099666ms)
✔ large safe coordinates measure their delta without precision loss (0.057833ms)
✔ unavailable quantities are null rather than numeric zero (0.052125ms)
✔ measurement and formatting are byte-stable and locale-independent (0.249166ms)
✔ enqueue is durable before send and stores only the canonical operation (2.8835ms)
✔ a recorded mutate_structure operation parses and enqueues unchanged (2.221916ms)
✔ new outbox and server operations reject a block instance without lineage (9.5905ms)
✔ referenced-style updates survive the command, operation, outbox, and server boundaries (6.853875ms)
✔ enqueue rejects a malformed nested operation before durable storage (0.273375ms)
✔ a mismatched acknowledgement retains the operation and markAcked is idempotent (0.466834ms)
✔ flush orders the scoped revision and never accepts another revision (0.366667ms)
✔ connection failures retain data and schedule bounded exponential retries (0.502667ms)
✔ concurrent flush calls never double-send an operation (12.418125ms)
✔ owner and revision scope quarantines shared-browser entries (0.527167ms)
✔ adapter-assigned sequence preserves same-timestamp enqueue order (0.338125ms)
✔ an active flush drains operations durably enqueued before it completes (7.452875ms)
✔ same-realm outbox instances coordinate one scoped send (0.794417ms)
✔ dispose cancels scheduled retries and prevents the old instance from sending (0.6195ms)
✔ a replacement instance takes over after the disposed active flush rejects (7.626167ms)
✔ dispose aborts a hung send so the replacement can take over (1.169875ms)
✔ ownerless v1 rows stay quarantined until an editor confirms current-user attribution (0.338917ms)
✔ volatile persistence queues rapid commands and retries all failures in causal order (0.319208ms)
✔ a hung durable enqueue remains visibly saving (0.113084ms)
✔ reload recovery applies exact-base work and retains ambiguous stale work (0.933958ms)
✔ reload recovery never partially applies a conflicted multi-object operation (0.227208ms)
✔ reload recovery restores a pending custom layer with its creation-version base (0.229208ms)
✔ reload recovery replays a P2 structure batch as one atomic unit (0.611667ms)
✔ mixed semantic mutation survives pending crash recovery and chained undo redo (18.524125ms)
✔ mixed semantic recovery consumes an accepted prefix before pending undo (5.481417ms)
✔ mixed semantic recovery distinguishes stale state from a malformed bypass (4.245417ms)
✔ reference-aware object deletion enqueues once and pending recovery stays atomic (1.415792ms)
✔ pending reference restore reconstructs exact object and structure tombstones (1.236042ms)
✔ acknowledged reference delete is consumed before its pending undo on offline reload (1.319584ms)
✔ compacted acknowledged add and undo authorize the exact pending redo across reload realms (1.441834ms)
✔ compacted object redo rejects missing lineage, changed payload, and an active UUID owner (0.684167ms)
✔ compacted redo is bound to trusted outbox owner and current revision (1.376583ms)
✔ pending reference restore quarantines mismatched object and structure result versions (3.229291ms)
✔ P2 recovery restores a deleted tombstone at the authoritative inverse version (2.993ms)
✔ an acknowledged P2 create already present in the loader does not become conflict evidence (1.561417ms)
✔ recovery consumes an acknowledged fresh object add with no object base (7.992792ms)
✔ recovery consumes an acknowledged tombstone restore with the preceding base (12.894541ms)
✔ recovery reconciles acknowledged structure and object additions as one mixed prefix (0.664ms)
✔ acknowledged object additions quarantine noncanonical bases and result versions (1.37825ms)
✔ recovery consumes an acknowledged P2 create then update as one final-state chain (0.473709ms)
✔ recovery reconciles one mixed legacy and P2 acknowledged prefix against its final loader (0.677792ms)
✔ recovery consumes successive acknowledged P2 updates from their final authoritative version (0.475625ms)
✔ recovery consumes acknowledged P2 delete then restore against a final restored loader (0.618667ms)
✔ recovery consumes acknowledged P2 create then delete when the final loader is absent (0.42075ms)
✔ a partially reflected acknowledged P2 chain remains exact conflict evidence atomically (0.458458ms)
✔ a conflicted acknowledged prefix quarantines later pending work without changing the loader (0.776042ms)
✔ a final acknowledged P2 prefix is consumed before the remaining pending operation replays (0.756583ms)
✔ reload recovery does not apply later work from a blocked revision (0.1565ms)
✔ save status exposes only the four workspace states and never calls storage failure saved (0.063833ms)
✔ a failed durable enqueue sends nothing and the same operation can be retried (0.193708ms)
✔ workspace transport posts the canonical operation and requires the echoed acknowledgement id (0.278208ms)
✔ transient RPC action failures remain retryable (0.098583ms)
✔ online reload resends an uncertain acknowledgement before recovery (0.247583ms)
✔ online acknowledgement accepts a final authoritative legacy result version (0.278292ms)
✔ recovery reconciles successive legacy updates against their final effect (0.329208ms)
✔ true acknowledged ambiguity restores durable conflict evidence (0.239ms)
✔ IndexedDB upgrade preserves v1 records and installs close-on-versionchange (22.659792ms)
✔ legacy IndexedDB claim alone normalizes missing block-instance lineage and durably rewrites it (8.419208ms)
✔ legacy claim assigns sequences by causal v1 delivery order instead of UUID order (15.138125ms)
✔ versionchange invalidates the cached handle and the adapter reopens (4.300125ms)
✔ blocked IndexedDB initialization rejects and closes a late-success connection (1.297667ms)
✔ offline reload keeps a possibly committed operation pending without false conflict (0.351875ms)
✔ local persistence capability fails closed (0.044583ms)
✔ immutable revisions deny editor/admin persistence and legacy attribution (0.099ms)
✔ review preparation freezes edits before draining and confirms every scoped queue is empty (0.122458ms)
✔ review preparation refuses pending, terminal, volatile, and quarantined work without submitting (0.19175ms)
✔ operation transport distinguishes terminal rejection from conflict on HTTP 409 (0.131917ms)
✔ P2 production credentials fail closed without exposing values (1.03975ms)
✔ P2 performance fixture has exact deterministic release composition (93.8845ms)
✔ P2 production spec registers all twelve executable serial gates (30.951125ms)
✔ P2 fixture provisions an independent estimator-backed editor (15.922666ms)
✔ canvas exposes active-slice mount evidence to the browser gate (50.523083ms)
✔ Task 11 runs actual local PGlite upgrade and security evidence (5984.408416ms)
✔ Task 11 scripts and release records separate local and production evidence (1.775291ms)
✔ P3 production command fails closed for every external authority (1.62425ms)
✔ P3 fixture identities are deterministic, role-complete and secret-free (0.254917ms)
✔ P3 production spec registers executable mutation-resistant gates (71.896ms)
✔ P3 command and Playwright config keep local and production execution separate (3.374208ms)
✔ P3 crash repair keeps all four deterministic local boundaries executable (1.189709ms)
✔ P3 npm command exits UNEXECUTED before starting a credential-free server (819.294083ms)
✔ P3 collaboration migration exposes only the bounded service contracts (1.493ms)
✔ P3 collaboration private grants exclude every Data API role (0.357208ms)
✔ P3 collaboration publication changes are idempotent application-table additions (0.309667ms)
✔ P3 collaboration forward fix fences equal-checkpoint state stores (0.394958ms)
✔ P3 collaboration service authority is room-bound and excludes Data API roles (0.359958ms)
✔ collaboration history forward migration persists and compares exact lineage (0.401709ms)
✔ collaboration history authority migration closes legacy and direct-DML bypasses (0.581917ms)
✔ P3 review freeze is forward-only, private, manifest-bound, and DB-canonical (0.916583ms)
✔ P3 review rejection recovery is version-bound and forward-only (0.815083ms)
✔ P3 cross-instance freeze lease is private, bounded, and owner-fenced (0.894416ms)
✔ P3 preload lease fences every generic store under the revision lock (0.579333ms)
﹣ P3 public and service bootstraps share one snapshot across a concurrent operation commit (0.321834ms) # UNEXECUTED: disposable PostgreSQL concurrency fixture is not configured
✔ P3 replica inventory and observed identities reject duplicates and aliases (0.864625ms)
✔ P3 runbook is executable, least-privilege, and forward-safe (7.02525ms)
✔ P3 ACL audit exposes built-in PUBLIC execute when owner hardening is removed (1820.266167ms)
✔ P3 service smoke is executable and matches endpoint authentication contracts (11.18575ms)
✔ P3 service smoke fails closed before Playwright when authorities are absent (1829.760209ms)
✔ P3 rollout stays single-replica and rollback evidence is a separate operator gate (1.332041ms)
✔ P3 release record separates evidence classes and never invents production proof (1.193125ms)
✔ P3 field, matrix, and project status agree on local versus production completion (2.825167ms)
(node:58590) ExperimentalWarning: localStorage is not available because --localstorage-file was not provided.
(Use `node --trace-warnings ...` to show where the warning was created)
✔ comment form keeps only explicit mention-picker UUID selections (1.664667ms)
✔ canvas region form accepts signed finite world millimeters only (0.546791ms)
✔ workspace tab order exposes collaboration and bounded history panels (0.320709ms)
✔ activity history is one bounded chronological composite-keyset page (30.222625ms)
✔ history links preserve document scope and persistence rejection (0.254417ms)
✔ activity detail and provenance stay bounded and human-readable (0.2245ms)
✔ workspace owns real target/comment and checkpoint restore controls (6.349708ms)
✔ single-operation revert refuses another actor and stale dependencies (2.583125ms)
✔ checkpoint restore emits one exact compound delta with current versions (0.672917ms)
✔ checkpoint restore resolves structural object targets for soft-lock checks (0.349209ms)
✔ checkpoint restore revives a modified tombstone into checkpoint content (0.475625ms)
✔ checkpoint canonical graph removes database-only layer and object fields (0.085209ms)
✔ semantic references validate the completed graph, not input order (21.453792ms)
✔ hydration rejects missing, non-wall, and foreign-canvas opening hosts (0.392083ms)
✔ wall and opening edits are final-graph atomic and host-aware (0.930667ms)
✔ semantic translation moves authored coordinates but never XY-translates an opening (0.193ms)
✔ queued update intent rebases rapid moves and inspector fields onto the latest projection (0.615541ms)
✔ queued hosted-opening moves preserve each pointer delta on the latest offset (0.408416ms)
✔ semantic command outputs stay on the exact six-decimal grid without drift (8.546583ms)
✔ host walls require the explicit opening-first reference-aware delete command (6.968375ms)
✔ wall shrink updates valid dependents and deletes every invalid opening atomically (5.573125ms)
✔ checkpoint restore accepts opening-before-wall actions only when its final graph is valid (11.929792ms)
✔ clipboard preallocates IDs, remaps copied hosts, and validates retained hosts (0.820542ms)
✔ all semantic types accept custom properties and remain outside blocks (0.791875ms)
✔ P4 shared geometry corpus is mutation-resistant at the TypeScript authority (44.665041ms)
✔ P4 shared object-name corpus enforces exact UTF-16, trim, Unicode, and control rules (0.679792ms)
✔ P4 shared property-schema corpus requires distinct appliesTo targets (0.318584ms)
✔ P4 forward migration keeps semantic persistence private and additive (6.719625ms)
✔ P4 contract fixes stay private, additive, and behind the existing operation RPC (1.863292ms)
✔ P4 final name fix replaces the exact private helper and object constraint forward-only (1.252ms)
✔ P4 final global name authority preflights and constrains every strict persisted consumer (2.230417ms)
✔ P4 SQL contracts preserve primitive blocks while widening object properties (5.961583ms)
✔ the exact six P4 semantic geometry variants parse strictly (11.426833ms)
✔ P4 numbers reject unsafe ranges and a seventh decimal place (0.392958ms)
✔ walls, grids, openings, and arcs enforce their semantic invariants (0.933458ms)
✔ polygon boundaries reject closing duplicates, adjacent duplicates, and zero area (0.366292ms)
✔ a self-intersecting non-zero-area boundary is rejected by segment intersection (0.253125ms)
✔ an otherwise valid integer simple boundary rejects its 4097th point (45.981209ms)
✔ blocks remain restricted to the original six primitive geometries (0.426375ms)
✔ wall projection clamps to the segment and opening resolution is immutable (0.332875ms)
✔ opening resolution rejects missing, non-wall, out-of-wall, and over-height hosts (0.205333ms)
✔ opening resolution accepts exact six-decimal fit and window-height boundaries (0.242792ms)
✔ large equivalent arc angles have exact cardinal snap points and bounds (0.469334ms)
✔ canonical arc samples match snap geometry for huge, negative, and full-turn angles (0.389459ms)
✔ semantic narrow-phase hit tests reject empty bounds and accept rendered geometry (0.414209ms)
✔ ordinary decimal arc operands compose without losing fixed-point validity (0.243333ms)
✔ all 420 representative schema-valid decimal arcs have finite snaps and bounds (29.661084ms)
✔ every valid P4 type has finite snap points and bounds with opening context (0.252709ms)
✔ P4 release fixture is an exact deterministic 10,000-object semantic mix (87.824709ms)
✔ P4 hosted fixture carries the exact semantic graph without client measurements (0.240083ms)
✔ P4 local release manifest is complete ordered structured argv and fail-fast (31.737709ms)
✔ P4 package exposes separate fail-closed local and production commands (2.146916ms)
✔ P4 local release inputs exist in a committed checkout without developer residue (38.970792ms)
✔ P4 workspace has one canonical local Awareness publication authority (7.131167ms)
✔ P4 functional browser authority ignores inherited targets and rejects mutations (24.27025ms)
✔ P4 production preflight requires every exact P3 authority and distinct secrets (1.565208ms)
✔ P4 generated performance evidence is commit-bound and mutation-resistant (84.146583ms)
✔ P4 hosted server evidence rejects absent stale and erroneous authority (14.168459ms)
✔ P4 hosted evidence follows semantic identity across deterministic UUID and object permutations (11.453875ms)
▶ P4 hosted evidence rejects wrong missing duplicate type-swapped and stale semantic entries
  ✔ orphan measurement with a duplicate embedded object ID (0.0735ms)
  ✔ wrong Room total (0.064125ms)
  ✔ wrong Door caption (0.051875ms)
  ✔ missing Finish column (0.053375ms)
  ✔ extra schedule category (0.043667ms)
  ✔ missing schedule category (0.042792ms)
  ✔ reordered Room columns (0.043917ms)
  ✔ duplicate Door column (0.044916ms)
  ✔ missing Room cell (0.049666ms)
  ✔ reordered Room cells (0.043375ms)
  ✔ extra Finish cell (0.048167ms)
  ✔ extra Room schedule field (0.042625ms)
  ✔ extra measurement item field (0.044875ms)
  ✔ extra evidence top-level field (0.030709ms)
  ✔ reordered object lineage (0.0305ms)
  ✔ duplicate object lineage (0.020917ms)
  ✔ wrong measurement count (0.034583ms)
✔ P4 hosted evidence rejects wrong missing duplicate type-swapped and stale semantic entries (3.027042ms)
✔ P4 release runner disables inherited pagers and exits in a pseudo-TTY without input (203.373542ms)
✔ P4 production-build browser gate owns a dedicated non-development port (3.492416ms)
✔ P4 production command exits UNEXECUTED before Playwright without authorities (288.211541ms)
✔ P4 durable source evidence is byte-exact (2.45225ms)
✔ P4 evidence and status records keep measured local and production truth distinct (2.042625ms)
✔ wall and grid use two points, semantic defaults, and the existing Shift constraint (1.006375ms)
✔ opening selects the nearest eligible wall and emits one default hosted door (2.262ms)
✔ space and area collect points, support Backspace, and complete only valid closed boundaries (1.370292ms)
✔ arc uses center, radius/start, and sweep/end without committing a zero sweep (0.246292ms)
✔ semantic completion respects repeat mode and capability/layer downgrade cancellation (0.141333ms)
✔ same-ID layer lock, hide, source downgrade, and capability loss cancel sessions and release capture (0.114208ms)
✔ wall and grid reconcile competing object and grid snaps onto an exact Shift ray (0.180833ms)
✔ wall and grid serialize noncanonical Shift starts onto one exact signed micromillimetre ray (0.194791ms)
✔ semantic narrow-phase selection falls through an empty top bounding box (0.532166ms)
✔ selection resolves canonical geometry when the renderer supplies no hit hint (0.132542ms)
✔ a renderer hit hint does not scan unrelated selection candidates (3.112666ms)
✔ Canvas Shift selection and Awareness lock use the narrow-phase resolved target (0.256834ms)
✔ wall drag previews include visible hosted openings but commit only the wall (0.434459ms)
✔ an opening drag fails closed before render when its non-active layer becomes ineligible (0.253375ms)
✔ semantic render cache is identity-bounded and stores only opening and arc views (0.23475ms)
✔ PDF owned cleanup uses a bounded once-only fence per generation (0.1555ms)
✔ P5 migration versions and soft-deletes drawing sources behind partial active uniqueness (5.090083ms)
✔ P5 migration makes issue-anchor replacement atomic and guarded (1.639458ms)
✔ P5 source writes have exact grants, RLS and no public management API (2.363292ms)
✔ P5 relink authority closes direct DML without adding a public API (3.155584ms)
✔ P5 operation resource routes reuse the authenticated actions and notices close renderer licenses (2.795917ms)
✔ P5 browser scripts use installed Playwright and isolate pending manifest lifecycle (0.8455ms)
✔ P5 local release manifest composes the complete P4 gate before P5 browser evidence (0.527625ms)
✔ P5 gate runner is ordered and fail-fast (0.296625ms)
✔ P5 production authority fails closed for provider and exact Storage CORS origin (0.448584ms)
✔ P5 hosted command targets the new workspace source authority surface (1.36225ms)
✔ P5 IFC disposal evidence uses an owned harness observer without a window event (2.619833ms)
✔ P5 pinned source fixtures are byte-exact PDF and renderable IFC inputs (77.018209ms)
✔ P5 evidence validates exact workload, lifecycle, immutable hashes, and honest statuses (2.689666ms)
✔ source loader returns exact active PDF and IFC payloads (11.150708ms)
✔ source loader rejects cross-revision evidence (0.347292ms)
✔ PDF source bundle exposes exact predecessor metadata without signing it (13.108ms)
✔ PDF compare opt-in signs exactly one revalidated predecessor capability (3.814083ms)
✔ PDF compare lazy signer rejects stale edge or inactive page before signing (37.54475ms)
✔ PDF source bundle never guesses a predecessor without one exact supersedes edge (0.490541ms)
✔ workspace view state accepts only strict shareable 2D, 3D, and split values (0.620875ms)
✔ 2D source bundles validate the selected IFC without minting its URL (0.408666ms)
✔ an IFC primary also remains unsigned until 3D is requested (0.302875ms)
✔ source bundle signs PDF only and exposes IFC through its derivative descriptor (0.964ms)
✔ source bundle rejects foreign, mutable, wrong-kind, and malformed-SHA IFC selections before signing (0.904708ms)
✔ documentless source bundles validate explicit IFC selections without signing (1.063792ms)
✔ IFC fetch capability changes when signed URLs rotate without changing content identity (0.476375ms)
✔ backend ready derivative adapter preserves exact pinned hashes, byte sizes, and capabilities (0.473459ms)
✔ IFC focus treats supplied GlobalId as authoritative and only uses expressId when GlobalId is absent (0.093667ms)
✔ IFC first-usable geometry requires a mapped visible finite nonempty rendered mesh (1.07225ms)
✔ IFC initial fit waits until armed with a ready visible non-zero viewport and runs once (0.123084ms)
✔ single drawing selection creates an exact-file IFC focus target without transient URL state (1.7265ms)
✔ remote Awareness drawing selections resolve to same-SHA IFC highlights without schema changes (7.235459ms)
✔ controlled IFC focus frames the element before restoring its canonical camera (0.09725ms)
✔ mounted reverse focus and already-linked checks include the selected IFC SHA (29.38975ms)
▶ P6 applies over both historical-authority default-privilege states
  ✔ legacy defaults (2316.308584ms)
  ✔ hardened defaults (1084.262167ms)
✔ P6 applies over both historical-authority default-privilege states (3401.487458ms)
✔ P6 preserves a populated P0-P5 authority byte-for-byte and legacy BOQ replay (828.125125ms)
✔ quantity authority rejects stale identity and proves exact immutable replay (856.15475ms)
✔ every cross-project quantity and BOQ identity position fails closed (755.465208ms)
✔ direct bridge DML obeys anon, authenticated, service, and owner boundaries (758.734416ms)
✔ BOQ 1.1 authority enforces session, OCC, allocation, hash, and review boundaries (764.709833ms)
✔ BOQ child edits serialize across draft, rejection, review, approval, and supersession (743.931125ms)
✔ legacy BOQ children cannot relocate out of a frozen version (694.094291ms)
✔ material handoff independently verifies approval, ancestry, totals, and replay (729.82ms)
✔ P6 catalog proves fixed grants, search paths, triggers, and indexes (647.774917ms)
ℹ PGlite proves executable SQL and catalog shape; real RLS and lock/concurrency semantics are NOT PROVEN by this test.
✔ P6 SQL measurement matches every exact P4 golden boundary (647.087791ms)
✔ P6 real PostgreSQL authority matrix is complete (0.7215ms)
﹣ P6 real PostgreSQL gate is configured (0.054792ms) # SKIP
﹣ P6 real PostgreSQL proves isolated upgrade, RLS, races, immutability, and indexes (0.040792ms) # P6 real PostgreSQL gate is UNEXECUTED
✔ P6 export and GLB validation dependencies remain inside the reviewed notice closure (7.6845ms)
✔ P6 production authority fails closed until every hosted authority is exact (2.827667ms)
✔ production authority command exits nonzero UNEXECUTED before Playwright (195.904959ms)
✔ performance command exits nonzero UNEXECUTED without recorded real authority (100.337666ms)
✔ P6 local manifest is ordered, complete, and fail-fast (0.477917ms)
✔ P6 performance authority rejects undersized, unbounded, scanning, nondeterministic, and threshold-missed evidence (2.1515ms)
✔ P6 local pure workload is generated at the exact 10k/10k/2k cardinality (40.413291ms)
✔ P6 pure workload gate rejects threshold misses and nondeterminism (0.271416ms)
✔ P6 actual 100-run production-function workload is deterministic and within threshold (36293.007209ms)
✔ P6 release evidence is commit-bound and keeps missing production authorities UNEXECUTED (1.754959ms)
✔ P6 runner can record an honest commit-bound UNEXECUTED artifact (0.136666ms)
✔ P6 evidence refuses a dirty relevant tree (0.151875ms)
✔ P6 package commands use installed Playwright and exact release entrypoints (2.429875ms)
✔ material handoff action accepts stable IDs only (25.160417ms)
✔ material lineage route binds and preserves exact plan and BOQ line filters (0.44025ms)
✔ drawing quantity form accepts only stable intent identity and measurement kind (0.364042ms)
✔ quantity action scope binds the posted object to the current file document and revision (0.173875ms)
✔ quantity lineage URL identity is validated before workspace loading (10.9075ms)
✔ BOQ evidence URL requires one exact UUID ancestry tuple (0.440125ms)
✔ BOQ evidence focus accepts only the exact authorized persisted link (0.162209ms)
✔ BOQ object focus selects its non-default canvas and computes a bounded initial fit (0.167708ms)
✔ BOQ evidence focus is one-shot per exact authorized tuple (0.116292ms)
✔ PDF evidence focus consumes the persisted page and normalized region (0.216333ms)
✔ workspace loader binds the BOQ tuple before returning focus and never falls back (16.254292ms)
✔ quantity lineage loader binds the URL file, revision, and object before reading lineage (0.945208ms)
✔ validated reload selection survives initial transient sanitization while stale selection is removed (0.168583ms)
✔ verified BOQ mapping forms accept only IDs factor and base version (0.860583ms)
✔ verified BOQ delete, submit, and decision forms are strict (0.299791ms)
✔ verified BOQ Drawing mutations bind their targets to the current route project before RPC (7.340834ms)
✔ Drawing and BOQ inspectors expose persisted authority without monetary collaboration state (1.725208ms)
✔ P7 separates reviewer recommendation from approver final authority (4.985167ms)
✔ PGlite enforces reviewer then independent approver and denies role crossover (2098.735042ms)
✔ project exports are append-only, exact-byte hashed, and RPC-authorized (1.210459ms)
✔ every actual project export response crosses the audit boundary (0.755875ms)
✔ Revit release download keeps its existing server-side append-only SHA audit (0.522ms)
✔ anonymous Revit redirect records through the trusted ledger and fails closed (25.79575ms)
✔ server export helper hashes the exact response bytes and fails closed (7.718959ms)
✔ library migration defines exact registry, immutable version, and provenance ancestry (3.159541ms)
✔ published bytes are hash-bound, immutable, and imported through an exact retry ledger (2.706334ms)
✔ library RLS is organization exact and public mutation authority is RPC-only (3.455125ms)
✔ imports copy into the existing canonical tables without a second drawing schema (2.255333ms)
✔ workspace template copy remaps every canonical internal edge and drops project-scoped evidence (1.43325ms)
✔ PGlite executes publish, immutable copy import, exact retry, and cross-organization denial (2337.844416ms)
✔ PGlite denies direct lifecycle/content mutation and preserves published SHA (927.304167ms)
﹣ real PostgreSQL proves organization library RLS and trigger authority (0.3715ms) # SKIP
✔ organization library mutations accept stable authority inputs only (20.147334ms)
✔ workspace template drafts have no polymorphic entity and imports keep exact optional revision (0.405125ms)
✔ organization library search is bounded and cursor identity is exact (0.315125ms)
✔ every mutation binds the route organization into database authority (0.230834ms)
✔ organization library route is mounted in authenticated navigation (0.508542ms)
✔ organization invitations have exact expiry, acceptance, revocation, and retry authority (4.756917ms)
✔ plans, seats, trials, quotas, and feature entitlements are immutable versions (2.148ms)
✔ role and entitlement changes are append-only audited and direct privilege escalation is fenced (2.208959ms)
✔ project membership and organization move are exact RPC authorities (2.495959ms)
✔ organization administration list RPCs expose deterministic bounded keysets (3.772708ms)
✔ library access and feature quotas are enforced at the database boundary (2.406667ms)
✔ quantity and BOQ reads and RPCs are fenced by quantity_lineage entitlement (5.574125ms)
✔ PGlite executes exact invitation, seat, audit, and cross-organization authorities (2136.692042ms)
✔ PGlite feature versions fence drawing and collaboration database authorities (776.171958ms)
✔ PGlite conservatively rejects every approved and lineage project move (690.0995ms)
﹣ real PostgreSQL organization authority is optional locally and required mode never becomes synthetic PASS (0.416667ms) # DRAWING_P7_REAL_DATABASE_URL is unavailable
✔ organization administration accepts stable bounded authority inputs only (54.763084ms)
✔ every organization mutation binds the route organization into one exact RPC (0.293875ms)
✔ project features are revalidated from the exact project organization (1.618958ms)
✔ organization administration is mounted and project membership no longer scans all users (1.051208ms)
✔ registered and unregistered invitation delivery uses one neutral fail-closed provider path (0.761208ms)
✔ workspace dashboard hides organization administration from ordinary members (0.622375ms)
✔ organization invitations, projects, and destinations continue beyond 100 exact rows (3.762625ms)
✔ invitation login and magic-link preserve the exact safe acceptance return (0.606709ms)
✔ IFC and quantity lineage feature flags are revalidated by route actions and loaders (1.645458ms)
✔ P7 rejects the old handwritten summary and validates only the runner-produced raw capture (259.7745ms)
✔ P7 raw timing, committed selection, and build provenance mutations fail closed (103.597708ms)
✔ P7 cannot promote fabricated one-millisecond timings without the runner Playwright capture (106.488042ms)
✔ paired one-millisecond raw capture and evidence forgeries have no standalone execution authority (245.139166ms)
✔ P7 records a raw cold cache-miss boundary and derives its threshold status (0.157959ms)
✔ the browser capture records cold status without asserting a fixed outcome (0.2695ms)
✔ a later Playwright failure removes evidence written earlier in the run (0.699375ms)
✔ the runner removes an early MET artifact when a later Playwright test exits nonzero (171.641833ms)
✔ complete warm and interaction threshold misses remain durable NOT MET evidence (542.615958ms)
✔ P7 requires source-rendered PDF.js pixels and treats a cache hit as provisional (36.808084ms)
✔ P7 derives readiness and p95 from raw samples instead of trusting summaries (86.752666ms)
✔ invalid evidence removes a stale MET artifact instead of preserving it (0.703791ms)
✔ the runner artifact is inspectable but has no standalone execution authority (200.905084ms)
✔ P7 production authority requires hosted current deployment and three real distinct identities (4.787875ms)
✔ P7 release manifest covers every required authority and gathers all results (0.671541ms)
✔ P7 evidence is source and child-receipt bound and cannot pass with cold or production gaps (0.797583ms)
✔ P7 required mode exits nonzero and writes honest evidence when production authority is absent (64.243458ms)
✔ P7 production Playwright contract uses supplied identities and emits only runner-bound evidence (5.831125ms)
✔ P7 production receipt accepts only the current runner invocation and zero-loss immutable outcome (0.900667ms)
✔ P7 child receipts are repository-relative and cannot escape the checkout (0.461334ms)
✔ P7 evidence binds to the latest authority-source commit, not documentation HEAD (66.092708ms)
✔ persisted mutable child logs cannot be rewritten into program PASS (95.2ms)
✔ release validation invokes the current Task4 semantic authority (125.281167ms)
✔ production cannot exit zero while the combined local ledger is non-PASS (0.266041ms)
✔ release build authority combines all four typecheck and build gates fail closed (491.501375ms)
✔ real PostgreSQL and production-browser gates classify missing authority independently (0.1165ms)
✔ missing hosted browser authority preflights without starting a local dev server (0.074958ms)
✔ Task7 browser gates isolate legacy screenshot roots from user artifacts (0.068875ms)
✔ actual P3 and P0-P6 browser gates directly bind realtime and regression requirements (75.413541ms)
✔ release report and matrix are atomically derived from the current authoritative ledger (1.524333ms)
✔ release run invalidation replaces stale PASS documents before any gate executes (0.988916ms)
✔ a manifest assertion failure still leaves both release documents fail closed (2.799583ms)
✔ production authority rejection invalidates both documents before credential validation (1.073125ms)
✔ a partial document-pair write removes the other file instead of preserving stale authority (1.26875ms)
✔ release document readers reject a mismatched document pair (0.896708ms)
✔ program PASS requires and accepts only a trusted signed completion receipt (3.016416ms)
✔ visual receipt detects tampering anywhere in the client build tree (358.292458ms)
✔ missing managed provider authority stays UNEXECUTED while an executed miss is NOT_MET (0.1235ms)
✔ an application-controlled HTTPS telemetry body cannot confer provider authority (0.287875ms)
✔ restore inventory names the existing approval, BOQ, and material lineage tables (4.418416ms)
✔ missing managed authorities produce explicit UNEXECUTED evidence (22.058542ms)
✔ source and isolated restore must match every retained evidence domain (1.523792ms)
✔ provider-issued backup and restore identities gate PASS and recording (2.984708ms)
✔ provider status or any digest mismatch stays NOT MET (0.349875ms)
✔ checkout mismatch and unissued target restore identity cannot PASS (0.272333ms)
✔ retention migration replaces project deletion with guarded archive authority (6.472042ms)
✔ policy, hold, lifecycle, and restore evidence are append-only organization records (2.511041ms)
✔ trusted purge is service-only and proves expiry, holds, and protected dependencies (3.956917ms)
✔ restore records bind provider identity, database, storage, Yjs, approval, and lineage evidence (1.66125ms)
✔ PGlite archives and holds approved project evidence through exact organization RPCs (2169.9575ms)
✔ PGlite preserves immutable manifest until Storage deletion is proven (821.2715ms)
✔ PGlite export evidence is exact, idempotent, append-only, and cross-org denied (739.7225ms)
✔ PGlite preserves Revit download evidence as append-only after Task 5 (744.702875ms)
✔ PGlite restore recording retries one request and permits a new rehearsal (719.880209ms)
✔ PGlite legal hold blocks trusted purge until release and empty dependency proof (723.761791ms)
﹣ real PostgreSQL proves retention RLS, grants, and invoker guards (0.127083ms) # SKIP
✔ retention forms accept only stable identities and bounded policy values (50.756875ms)
✔ every admin mutation binds route organization into one exact RPC (0.457917ms)
✔ retention administration is mounted and archived projects leave the active workspace (0.581917ms)
✔ organization retention project listing exhausts deterministic ID pages beyond 100 (8.911958ms)
✔ property schema parsing rejects every duplicate appliesTo position without narrowing valid P4 targets (2.765833ms)
✔ native property input parsing preserves all five canonical value types (18.033041ms)
✔ property commands enforce exactly one applicable target (1.107625ms)
✔ required-property review failures are stable and null is incomplete (28.069375ms)
✔ schema evolution fails before it can invalidate an existing value (4.282583ms)
✔ target-reference cleanup removes values and schedule rows in one version-aware batch (2.678542ms)
✔ ordinary object deletion is one atomic reference-aware operation with one-step undo and redo (4.549ms)
✔ block-instance deletion cascades property and schedule references atomically (0.451542ms)
✔ multi-selection property edits are one atomic batch with exact bases and inverse (1.756708ms)
✔ property field selection identity synchronously discards prior dirty edits (0.273833ms)
✔ viewer property markup stays readable while every mutation control is absent (8.031041ms)
✔ workspace realtime subscriptions stay inside the active project and revision (0.76325ms)
✔ scheduler coalesces workspace changes for 250ms and records the delivered invalidation (0.194333ms)
✔ controller refreshes once after reconnect and whenever the tab returns (0.140959ms)
✔ workspace route is additive and keeps the collaboration room (0.919875ms)
✔ project original-file download is an authenticated resource route (0.091666ms)
✔ collaboration room exposes an accessible link to the additive workspace (4.408416ms)
✔ workspace screen offers blank and PDF-background creation without replacing the room (0.651417ms)
✔ workspace document renders the accessible editor shell (1.356917ms)
✔ same-session saved drawing objects become linkable without a loader reload (0.432125ms)
✔ workspace wires durable collaborative recovery and the four visible save states (1.519875ms)
✔ layers and inspector expose native labeled controls (4.039625ms)
✔ page tree and canvas-scoped layer controls use native labeled interactions (3.632041ms)
✔ review controls require capability, requested status, separate maker, and exact evidence (0.811333ms)
✔ revision decision form fields bind the exact immutable snapshot (0.230625ms)
✔ client module loading resolves, rejects, and ignores completion after disposal (1.168042ms)
✔ IFC workspace surface never accepts a raw source URL (0.333084ms)
✔ PDF and blank workspace surfaces remain a single canvas (0.127541ms)
✔ PDF image placement view model contains rendered pixels in page world bounds (0.148416ms)
✔ workspace route wires the verified source bundle and controlled IFC surface (4.43425ms)
✔ workspace exposes six authoring tools, transient previews, and an accessible native command menu (2.404833ms)
✔ workspace exposes grouped architectural tools and a focused semantic inspector (0.950666ms)
✔ workspace remounts Canvas with sanitized transient props at each authorization boundary (0.650042ms)
✔ route measurement loading propagates authorized bootstrap denial (0.757292ms)
✔ room schedule is a fixed full-revision projection with exact totals and ID ties (5.373ms)
✔ door and finish schedules filter and format only their fixed semantic sources (1.788125ms)
✔ semantic schedule output is byte-stable and keeps saved P2 schedules separate (3.2055ms)
✔ server evidence binds authorized revision checkpoint object IDs and rule version (1.414916ms)
✔ server evidence binds document snapshot revision and exact object versions (0.782292ms)
✔ same-ID geometry and every enclosing lineage mismatch make old evidence stale (0.817792ms)
✔ safe schedule preview isolates an invalid hosted-opening calculation (1.374375ms)
✔ IFC derivative manifest is strict and rejects ambiguous element mappings (26.101209ms)
✔ IFC derivative loader signs only a hash-bound ready artifact (7.766375ms)
✔ IFC derivative loader fails closed before signing mismatched evidence (12.59325ms)
✔ IFC derivative loader rejects a pending row with an unsupported contract version (2.887375ms)
✔ workspace object loading uses an ID keyset beyond the Supabase response cap (1.453667ms)
✔ bounded drawing row pagination has deterministic ID ties and removes duplicate rows (1.031041ms)
✔ keyset transport rejects duplicate rows, caps pages, and applies numeric canonical order (0.327542ms)
✔ P4 loader strictly converts semantic rows and fails closed for broken canvas ancestry (4.937583ms)
✔ P4 measurement evidence derives only from the authorized transactional checkpoint (3.209583ms)
✔ authorized measurement derivation returns a bounded error without evidence for an invalid graph (1.167042ms)
✔ P2 blank canvases do not sign an undefined legacy background and select the authoritative default canvas (1.162875ms)
✔ template clone accepts only project-bound source IDs and parses its authoritative response (0.425042ms)
✔ template clone rejects browser authority fields, foreign candidates, and non-draft destinations (0.720709ms)
✔ template candidates expose only approved project revisions with matching immutable snapshot evidence (0.459041ms)
✔ mutation parsing preserves a valid operation without accepting authority fields (0.897667ms)
✔ server parses and acknowledges the exact reference-aware object mutation contract (1.097792ms)
✔ blank canvas creation retains route source identity while omitting its PDF background (0.142958ms)
✔ stable domain SQLSTATEs map to terminal conflict or rejection while database retries stay transient (0.943333ms)
✔ mutation parsing rejects malformed canonical geometry before an RPC (0.279542ms)
✔ mutation parsing rejects unknown nested renderer fields instead of stripping them (0.186167ms)
✔ mutation parsing requires object names and rejects browser layer authority (0.189041ms)
✔ pasted add payload is exact canonical DrawingObject input for server parsing (1.299375ms)
✔ mutation parsing accepts only the approved narrow intent shapes (0.15775ms)
✔ review rejection immediately notifies collaboration authority for the live room (0.146ms)
✔ workspace loading binds immutable PDF evidence to its project and performs no insert (0.261583ms)
✔ workspace loading scopes searchable issues and current links to the project revision (3.387583ms)
✔ workspace loading fails closed when source-layer metadata is missing (0.16275ms)
✔ workspace loading rejects invisible or unlocked source metadata (0.163875ms)
✔ workspace loading rejects a page without an editable user layer (0.139209ms)
✔ workspace loading returns a null document without creating one (0.082709ms)
✔ review-requested workspace loads its exact project-bound snapshot evidence (0.19425ms)
✔ workspace source signing never mints a raw IFC capability and preserves exact PDF evidence (0.199292ms)
✔ document creation derives blank/background behavior from the authoritative file kind (0.0875ms)
✔ operation RPC receives exact client operation fields and exposes conflicts (0.46375ms)
✔ structure acknowledgements bind each SQL-valid forward action to its exact reverse-indexed inverse (8.634125ms)
✔ capability comes from project ownership or membership rows, never user metadata (0.153541ms)
✔ reviewer recommendation and approver final approval are separate action authorities (0.336584ms)
✔ trusted staff context is admin without membership while viewer and outsider stay constrained (0.16625ms)
✔ apply action echoes the server-validated client operation id for exact outbox acknowledgement (0.550541ms)
✔ action contract returns 409 for stale revision and pre-existing document preconditions (0.2285ms)
✔ action contract maps stable database conflict codes to 409 and validation failures to 400 (0.154042ms)
✔ issue linking uses the narrow RPC and returns its authoritative link (0.1135ms)
✔ issue-link action permits only editors on the current draft (0.402209ms)
✔ issue-link action delegates same-session saved object identity to the authoritative RPC (0.087834ms)
(node:60268) ExperimentalWarning: localStorage is not available because --localstorage-file was not provided.
(Use `node --trace-warnings ...` to show where the warning was created)
✔ drawing export audit refuses a followed login redirect as an artifact (1.420042ms)
✔ review rejection version fences the prior browser freeze request (0.095625ms)
✔ review submit stays disabled for pending, conflicted, or volatile work (0.114542ms)
✔ workspace SSR shell keeps an empty inspector collapsed for a canvas-first desktop (44.28ms)
✔ workspace makes modes, tools, and business lineage visible without icon guesswork (12.534ms)
✔ tablet toolbar gives labeled tools their intrinsic width (5.542458ms)
✔ architectural tool menu uses the existing portalled dropdown trigger (11.571417ms)
✔ quantity lineage status belongs only to the selected drawing object (0.110459ms)
✔ workspace dock shortcuts recover both desktop docks outside editable controls (0.119875ms)
✔ page and layer creation fail closed before the durable bridge is ready (11.86625ms)
✔ workspace creation and export copy stays Korean (0.70775ms)
✔ workspace SSR shell exposes one selected panel from seven accessible tabs (7.430375ms)
✔ workspace panel tabs wrap with arrows and jump with Home and End (0.1085ms)
✔ local preview uses project-owned drawing copy (6.531416ms)
✔ local preview exposes its inert connected realtime state in the workspace top bar (7.005917ms)
✔ workspace offers the native export dialog to editors and viewers (10.880208ms)
✔ one export deadline times out at 30 seconds and disposes its timer once (0.21025ms)
✔ user cancellation is idempotent and distinct from timeout (0.086834ms)
✔ real export lifecycle times out a stalled executor, clears its gate, and admits a second run (0.859875ms)
✔ real export lifecycle cancels a stalled disposer once without blocking the next run (0.767541ms)
✔ native download revokes its Blob URL exactly once even when click fails (0.437083ms)
✔ canonical block instances require immutable lineage (2.832166ms)
✔ structure actions reject unknown fields and restore exact prior entities (1.564167ms)
✔ canvas creation and deletion require exact recorded layer actions (11.318667ms)
✔ page and canvas factories record atomic structural creation and deterministic layer reorder (7.06575ms)
✔ page, canvas, and layer navigation commands reject duplicates, pin defaults, and normalize order (7.9815ms)
✔ canvas factories suffix editable layer names across the page and replay layer order history (1.103834ms)
✔ active canvas slices cache by canonical maps and deletion focus intents survive non-active removal (70.6445ms)
✔ standalone P2 layer creation uses legacy add_layer with canonical canvas fields (0.225084ms)
✔ structure reducer rejects deleting the last page (0.241ms)
✔ table rows require exactly one object or block instance target (0.439417ms)
✔ resolved style merges a referenced definition with finite validated overrides (0.265958ms)
✔ strict structure actions reject duplicate trimmed style definition names (0.198417ms)
✔ structure object actions require the matching block conversion batch (0.61875ms)
✔ block conversion batches pair a new instance with their new definition (0.179167ms)
✔ objects without a style reference retain complete inline styles (0.079958ms)
✔ structure reduction is atomic, ordered, and keeps inverse versions monotonic (0.230958ms)
✔ default canvases, cross-kind IDs, nested extras, and invalid calendar dates fail closed (0.504625ms)
✔ block conversion primitives must exactly represent the deleted objects (0.212083ms)
✔ block conversion rejects objects from a layer other than its instance layer (0.158667ms)
✔ translation-only block conversion preserves the canonical primitive through its inverse (0.663708ms)
✔ rotated and scaled block conversion is rejected before geometry or style mutation (0.158834ms)
✔ fresh structure entities start at version one and documents cannot lose their final page (0.195959ms)
✔ style resolution is memoized per definition version and invalidates on live definition changes (3.874708ms)
✔ definition-only changes replace the editable inspector draft defaults (0.710584ms)
✔ apply, reset overrides, and detach preserve the effective style for every selected object (0.438708ms)
✔ style commands trim names, preserve definition updates as structure actions, and deny referenced deletion (2.650041ms)
✔ font-size overrides are limited to text objects while normal style fields remain available (0.268834ms)
✔ style picker uses a stable mixed sentinel and tracks detach or external style replacement (0.082666ms)
✔ ten thousand references share one render-pass resolution and invalidate only for a new definition version (13.005917ms)
✔ schedule resolution preserves stored row and column order (5.289875ms)
✔ schedule resolution marks a missing target without evaluating anything (2.114791ms)
✔ schedule resolution validates property columns before missing rows and enforces appliesTo (0.52025ms)
✔ table commands reject incompatible target rows and duplicate column or row identity (1.4965ms)
✔ property formatting is deterministic for number, boolean, date, enum, and missing values (0.097ms)
✔ manual cells are restricted to text and number columns and formulas stay literal (0.419041ms)
✔ table mutation is one strict version-aware command with an exact inverse (1.024542ms)
✔ semantic inspector draft preserves dirty fields across local movement projections (0.475958ms)
✔ semantic inspector draft preserves unrelated projections and reports a same-field conflict (0.136709ms)
✔ semantic inspector draft clears when selection changes or the object is deleted (0.086458ms)
✔ schedule panel renders semantic read-only DOM and native labeled editor cells (25.701041ms)
✔ semantic schedules render read-only preview versus checkpoint-bound server evidence (6.44275ms)
✔ semantic inspector confirms only matching server object evidence (1.320042ms)
✔ semantic Schedule and inspector reject old same-ID evidence after a versioned geometry change (3.104958ms)
✔ semantic Schedule keeps accessible unconfirmed output when server and preview derivation fail (2.086125ms)
✔ template clone navigation is project, file, and document scoped (2.097458ms)
✔ template entry is an editor-only native dialog with an explicit source choice (3.227333ms)
✔ template follow-up actions preserve the clone document scope (0.7775ms)
ℹ tests 914
ℹ suites 0
ℹ pass 908
ℹ fail 0
ℹ cancelled 0
ℹ skipped 6
ℹ todo 0
ℹ duration_ms 37890.238625
