✔ IFC user picks resolve to unique, ambiguous, or no drawing match without guessing (9.06075ms)
✔ IFC reverse focus excludes stale SHA links before unique or ambiguous matching (0.201041ms)
✔ focus requires exact file identity unless a verified revision identity confirms GlobalId (0.445792ms)
✔ controlled request IDs and load generations suppress stale and repeated focus (0.151291ms)
✔ same-load request generations prevent out-of-order A to B to A focus (0.083292ms)
✔ identical premultiplied RGBA pages produce no preview markers (3.209292ms)
✔ the fixed threshold marks 32px tiles and discards isolated pixel noise (0.900166ms)
✔ adjacent tiles merge and marker order/capping stay stable (16.8255ms)
✔ rotation and aspect mismatches refuse automatic markers (0.345334ms)
✔ partial 32px edge tiles produce clipped normalized markers (0.109958ms)
✔ diff pages accept byte arrays only and reject malformed RGBA samples (0.210208ms)
✔ diff work is bounded and AbortController/generation cancellable (1.067458ms)
✔ final publication rejects concurrent generation changes for empty and changed diffs (217.794667ms)
✔ final publication rejects cancellation during rotation and aspect refusal (0.421167ms)
(node:13681) ExperimentalWarning: localStorage is not available because --localstorage-file was not provided.
(Use `node --trace-warnings ...` to show where the warning was created)
✔ source operations reuse the v1 four-collection Yjs ledger and project once (7.423291ms)
✔ same-triple concurrent source contributions use the existing conflict projection (2.340292ms)
✔ outbox crash recovery replays link then unlink without losing evidence versions (1.206708ms)
✔ source outbox retry resends the unchanged v1 structure operation (1.028542ms)
✔ checkpoint restore orders object/source additions and source/object deletions safely (0.55125ms)
✔ checkpoint relink releases the active source triple before its replacement (0.277ms)
✔ source loader returns exact active PDF and IFC payloads (9.404167ms)
✔ source loader rejects cross-revision evidence (0.315291ms)
✔ PDF source bundle exposes exact predecessor metadata without signing it (0.528125ms)
✔ PDF compare opt-in signs exactly one revalidated predecessor capability (0.274333ms)
✔ PDF compare lazy signer rejects stale edge or inactive page before signing (10.439625ms)
✔ PDF source bundle never guesses a predecessor without one exact supersedes edge (0.178791ms)
✔ workspace view state accepts only strict shareable 2D, 3D, and split values (0.265792ms)
✔ 2D source bundles validate the selected IFC without minting its URL (0.154917ms)
✔ an IFC primary also remains unsigned until 3D is requested (0.1215ms)
✔ source bundle signs PDF only and exposes IFC through its derivative descriptor (0.4ms)
✔ source bundle rejects foreign, mutable, wrong-kind, and malformed-SHA IFC selections before signing (0.397ms)
✔ documentless source bundles validate explicit IFC selections without signing (0.429625ms)
ℹ tests 32
ℹ suites 0
ℹ pass 32
ℹ fail 0
ℹ cancelled 0
ℹ skipped 0
ℹ todo 0
ℹ duration_ms 313.284625
