
$ /opt/homebrew/bin/supabase start --workdir /Users/h/Documents/GoAgent/.worktrees/universal-workspace-m1/.superpowers/sdd/2026-09-06-native-dwg-approved-resave-source/runtime-validation/shared-runtime.ugp7sy/platform/node_modules/.cache/1hk-m1-e2e/1hk-m1-supabase-rLHJVX --exclude studio,mailpit,imgproxy,logflare,vector,supavisor
Starting database...
Initialising schema...
Seeding globals from roles.sql...
Applying migration 20260814000000_lukas_qto_baseline.sql...
Applying migration 20260815045842_p0_platform_hardening.sql...
Applying migration 20260815050307_approved_takeoff_material_plans.sql...
Applying migration 20260815050931_takeoff_approval_sequence.sql...
Applying migration 20260815051818_material_site_events.sql...
Applying migration 20260815052116_epd_provenance.sql...
Applying migration 20260815052313_organizations_project_roles.sql...
Applying migration 20260815052858_ai_suggestion_import_contract.sql...
Applying migration 20260815053209_project_trigger_service_context.sql...
Applying migration 20260815053315_element_identity_classification_links.sql...
Applying migration 20260815053718_free_entitlements_download_audit.sql...
Applying migration 20260815054106_rls_function_and_identity_index_hardening.sql...
Applying migration 20260815054244_auth_policy_initplan_hardening.sql...
Applying migration 20260815054647_preserve_64bit_revit_element_ids.sql...
Applying migration 20260815054813_maker_checker_takeoff_approvals.sql...
Applying migration 20260815055049_suggestion_decision_sequence.sql...
Applying migration 20260820025118_verified_boq_v1.sql...
Applying migration 20260820040254_verified_boq_security_hardening.sql...
Applying migration 20260823090000_drawing_collaboration_room.sql...
Applying migration 20260823091000_drawing_revision_member_read.sql...
Applying migration 20260823092000_drawing_notifications.sql...
Applying migration 20260823093000_drawing_foreign_key_indexes.sql...
Applying migration 20260823094000_drawing_least_privilege_grants.sql...
Applying migration 20260823100000_drawing_issue_approvals.sql...
Applying migration 20260823101500_drawing_approval_foreign_key_index.sql...
Applying migration 20260824110000_drawing_workspace_core.sql...
Applying migration 20260824113000_drawing_workspace_layers_inspector_upgrade.sql...
Applying migration 20260824135829_drawing_workspace_issue_links.sql...
Applying migration 20260824154700_drawing_workspace_release_hardening.sql...
Applying migration 20260825010814_drawing_workspace_p2_structure.sql...
Applying migration 20260825030000_drawing_workspace_p2_legacy_layer_backfill.sql...
Applying migration 20260825033000_drawing_workspace_p2_contract_hardening.sql...
Applying migration 20260825040000_drawing_workspace_p2_compatibility_gaps.sql...
Applying migration 20260825050000_drawing_workspace_p2_history_reconciliation.sql...
Applying migration 20260825100000_drawing_workspace_p2_navigation_hardening.sql...
Applying migration 20260825110000_drawing_workspace_style_guard_sqlstate.sql...
Applying migration 20260825120000_drawing_workspace_block_exactness.sql...
Applying migration 20260825130000_drawing_workspace_template_snapshot_guard.sql...
Applying migration 20260825140000_drawing_workspace_template_clone_idempotency.sql...
Applying migration 20260825150000_drawing_workspace_block_instance_lineage.sql...
Applying migration 20260825160000_drawing_workspace_template_snapshot_authority.sql...
Applying migration 20260825170000_drawing_workspace_legacy_template_snapshot_clone.sql...
Applying migration 20260825180000_drawing_workspace_lineage_snapshot_writer.sql...
Applying migration 20260825190000_drawing_workspace_template_clone_security.sql...
Applying migration 20260825192113_drawing_workspace_p3_collaboration_state.sql...
Applying migration 20260825193714_drawing_workspace_p3_collaboration_state_fence.sql...
Applying migration 20260825200000_drawing_workspace_template_clone_final_ledger.sql...
Applying migration 20260825210000_drawing_workspace_task9_contract_fixes.sql...
Applying migration 20260825210528_drawing_workspace_p3_collaboration_service_authority.sql...
Applying migration 20260825234510_drawing_collaboration_history_lineage.sql...
Applying migration 20260826002019_drawing_collaboration_history_authority.sql...
Applying migration 20260826020804_drawing_workspace_p3_mentions_history.sql...
Applying migration 20260826025543_drawing_workspace_p3_activity_authority.sql...
Applying migration 20260826041744_drawing_workspace_p3_checkpoint_reference_authority.sql...
Applying migration 20260826043741_drawing_workspace_p3_review_freeze.sql...
Applying migration 20260826052305_drawing_workspace_p3_review_rejection_recovery.sql...
Applying migration 20260826063603_drawing_workspace_p3_cross_instance_freeze_lease.sql...
Applying migration 20260826073708_drawing_workspace_p3_preload_store_fence.sql...
Applying migration 20260826123529_drawing_workspace_p4_semantic_objects.sql...
Applying migration 20260826132102_drawing_workspace_p4_semantic_object_contract_fixes.sql...
Applying migration 20260826224252_drawing_workspace_p4_final_contract_fixes.sql...
Applying migration 20260826232400_drawing_workspace_p4_final_name_authority.sql...
Applying migration 20260827045411_drawing_workspace_p5_evidence_authority.sql...
Applying migration 20260827102503_drawing_workspace_p5_revision_relink_authority.sql...
Applying migration 20260827210000_drawing_workspace_p6_lineage.sql...
Applying migration 20260827231130_organization_drawing_libraries.sql...
Applying migration 20260828052729_drawing_workspace_retention_restore.sql...
Applying migration 20260828073233_drawing_workspace_organization_administration.sql...
Applying migration 20260828120000_drawing_workspace_approver_separation.sql...
Applying migration 20260828133524_drawing_ifc_immutable_derivatives.sql...
Applying migration 20260828135503_drawing_ifc_derivative_revision_binding.sql...
Applying migration 20260828141941_drawing_ifc_derivative_storage_hardening.sql...
Applying migration 20260829142509_drawing_verified_email_sessions.sql...
Applying migration 20260829150000_drawing_ifc_derivative_ready_publication_authority.sql...
Applying migration 20260830121759_allow_project_owner_insert_returning.sql...
Applying migration 20260830221413_drawing_object_source_entitlement_rls.sql...
Applying migration 20260831012000_lukas_qto_source_storage_immutable.sql...
Applying migration 20260831013500_lukas_qto_verified_upload_policy_explicit_deny.sql...
Applying migration 20260831015000_lukas_qto_verified_source_insert_gate.sql...
Applying migration 20260831124950_universal_workspace_m1.sql...
Applying migration 20260901000000_drawing_retention_purge_child_guards.sql...
Applying migration 20260901102617_m1_explicit_data_api_grants.sql...
Applying migration 20260901110735_m1_collaboration_role_assumption.sql...
Applying migration 20260901112430_m1_collaboration_service_store_state.sql...
Applying migration 20260901204406_drawing_required_property_blank_guard.sql...
Applying migration 20260901212715_drawing_primitive_deterministic_authority.sql...
Applying migration 20260901224223_drawing_export_revision_lineage.sql...
Applying migration 20260901224653_organization_price_book_reuse_evidence.sql...
Applying migration 20260902000000_drawing_revision_decision_entrypoint.sql...
Applying migration 20260902001000_drawing_document_retention_purge_guard.sql...
Applying migration 20260902002000_drawing_p6_primitive_measurement_parity.sql...
Applying migration 20260902003000_drawing_collaboration_checkpoint_review_boundary.sql...
Applying migration 20260902004000_drawing_workspace_m2_pdf_primary_attach_authority.sql...
Applying migration 20260902005000_drawing_workspace_m3_canonical_hardening.sql...
Applying migration 20260902012022_drawing_workspace_m4_verified_dxf_kind.sql...
Applying migration 20260902025441_drawing_workspace_m4_dxf_entity_source_authority.sql...
Applying migration 20260902030000_material_storage_authority.sql...
Applying migration 20260902072527_material_transaction_project_quota.sql...
Applying migration 20260902080000_material_blank_specification_contract.sql...
Applying migration 20260902080100_material_blank_specification_validate.sql...
Applying migration 20260902142901_drawing_operation_discard_authority.sql...
Applying migration 20260903012415_lukas_qto_source_upload_editor_authority.sql...
Applying migration 20260903071524_drawing_ifc_derivative_job_authority.sql...
Applying migration 20260903073620_drawing_ifc_derivative_retention_closure.sql...
Applying migration 20260903090000_drawing_ifc_derivative_audited_requeue.sql...
Applying migration 20260903100720_drawing_ifc_derivative_requeue_replay.sql...
Applying migration 20260904064308_drawing_revision_share_authority.sql...
Applying migration 20260904102443_drawing_export_approved_snapshot_required.sql...
Applying migration 20260904122447_drawing_share_server_issued_authority.sql...
Applying migration 20260905014005_drawing_dxf_plan_attestation_foundation.sql...
Applying migration 20260905014006_drawing_dxf_plan_attestation_enforcement.sql...
Applying migration 20260905065400_personal_drawing_quick_start.sql...
Applying migration 20260905091919_native_drawing_catalog_import.sql...
Applying migration 20260905103705_native_drawing_collaboration_bridge.sql...
Applying migration 20260905131704_drawing_released_freeze_recovery.sql...
Applying migration 20260905174308_drawing_native_dwg_source_authority.sql...
Applying migration 20260905185231_drawing_native_dwg_export_jobs.sql...
Applying migration 20260905210241_drawing_dwg_verified_source_ingestion.sql...
Applying migration 20260905234036_drawing_native_dwg_import_jobs.sql...
Applying migration 20260906011309_drawing_native_dwg_canonical_import.sql...
Applying migration 20260906043637_drawing_native_dwg_resave_source_authority.sql...
{"DB_URL":"postgresql://[redacted]@127.0.0.1:54309/postgres","API_URL":"http://127.0.0.1:54308","REST_URL":"http://127.0.0.1:54308/rest/v1","GRAPHQL_URL":"http://127.0.0.1:54308/graphql/v1","FUNCTIONS_URL":"http://127.0.0.1:54308/functions/v1","PUBLISHABLE_KEY":"[redacted]","SECRET_KEY":"[redacted]","JWT_SECRET":"[redacted]","ANON_KEY":"[redacted]","SERVICE_ROLE_KEY":"[redacted]","message":""}

[exit=0]

$ /opt/homebrew/bin/supabase status --workdir /Users/h/Documents/GoAgent/.worktrees/universal-workspace-m1/.superpowers/sdd/2026-09-06-native-dwg-approved-resave-source/runtime-validation/shared-runtime.ugp7sy/platform/node_modules/.cache/1hk-m1-e2e/1hk-m1-supabase-rLHJVX -o json
Stopped services: [supabase_inbucket_1hk-m1-5ec586ae supabase_imgproxy_1hk-m1-5ec586ae supabase_pg_meta_1hk-m1-5ec586ae supabase_studio_1hk-m1-5ec586ae supabase_analytics_1hk-m1-5ec586ae supabase_vector_1hk-m1-5ec586ae supabase_pooler_1hk-m1-5ec586ae]
{
  "ANON_KEY": "[redacted]",
  "API_URL": "http://127.0.0.1:54308",
  "DB_URL": "postgresql://[redacted]@127.0.0.1:54309/postgres",
  "FUNCTIONS_URL": "http://127.0.0.1:54308/functions/v1",
  "GRAPHQL_URL": "http://127.0.0.1:54308/graphql/v1",
  "JWT_SECRET": "[redacted]",
  "PUBLISHABLE_KEY": "[redacted]",
  "REST_URL": "http://127.0.0.1:54308/rest/v1",
  "SECRET_KEY": "[redacted]",
  "SERVICE_ROLE_KEY": "[redacted]"
}

[exit=0]

$ /opt/homebrew/bin/supabase status --workdir /Users/h/Documents/GoAgent/.worktrees/universal-workspace-m1/.superpowers/sdd/2026-09-06-native-dwg-approved-resave-source/runtime-validation/shared-runtime.ugp7sy/platform/node_modules/.cache/1hk-m1-e2e/1hk-m1-supabase-rLHJVX -o json
Stopped services: [supabase_inbucket_1hk-m1-5ec586ae supabase_imgproxy_1hk-m1-5ec586ae supabase_pg_meta_1hk-m1-5ec586ae supabase_studio_1hk-m1-5ec586ae supabase_analytics_1hk-m1-5ec586ae supabase_vector_1hk-m1-5ec586ae supabase_pooler_1hk-m1-5ec586ae]
{
  "ANON_KEY": "[redacted]",
  "API_URL": "http://127.0.0.1:54308",
  "DB_URL": "postgresql://[redacted]@127.0.0.1:54309/postgres",
  "FUNCTIONS_URL": "http://127.0.0.1:54308/functions/v1",
  "GRAPHQL_URL": "http://127.0.0.1:54308/graphql/v1",
  "JWT_SECRET": "[redacted]",
  "PUBLISHABLE_KEY": "[redacted]",
  "REST_URL": "http://127.0.0.1:54308/rest/v1",
  "SECRET_KEY": "[redacted]",
  "SERVICE_ROLE_KEY": "[redacted]"
}

[exit=0]

$ /opt/homebrew/bin/supabase status --workdir /Users/h/Documents/GoAgent/.worktrees/universal-workspace-m1/.superpowers/sdd/2026-09-06-native-dwg-approved-resave-source/runtime-validation/shared-runtime.ugp7sy/platform/node_modules/.cache/1hk-m1-e2e/1hk-m1-supabase-rLHJVX -o json
[0m[33mWarning[0m[2m:[0m [1mThe 'NO_COLOR' env is ignored due to the 'FORCE_COLOR' env being set.[0m
[0m      [2mat [0m[0m[1m[3mwarnOnDeactivatedColors[0m[2m ([0m[0m[36minternal:tty[0m[2m:[0m[33m33[0m[2m:[33m24[0m[2m)[0m
[0m      [2mat [0m[0m[1m[3mgetColorDepth[0m[2m ([0m[0m[36minternal:tty[0m[2m:[0m[33m42[0m[2m:[33m39[0m[2m)[0m
[0m      [2mat [0m[0m[1m[3mshouldColorize[0m[2m ([0m[0m[36minternal:util/colors[0m[2m:[0m[33m14[0m[2m:[33m109[0m[2m)[0m
[0m      [2mat [0m[0m[1m[3mrefresh[0m[2m ([0m[0m[36minternal:util/colors[0m[2m:[0m[33m18[0m[2m:[33m31[0m[2m)[0m
[0m      [2mat [0m[0m[1m[3minternal:util/colors[0m[2m ([0m[0m[36minternal:util/colors[0m[2m:[0m[33m24[0m[2m:[33m16[0m[2m)[0m
[0m      [2mat [0m[0m[1m[3minternal:assert/assertion_error[0m[2m ([0m[0m[36minternal:assert/assertion_error[0m[2m:[0m[33m2[0m[2m:[33m187[0m[2m)[0m
[0m      [2mat [0m[0m[1m[3mloadAssertionError[0m[2m ([0m[0m[36mnode:assert[0m[2m:[0m[33m28[0m[2m:[33m96[0m[2m)[0m
[0m      [2mat [0m[0m[1m[3mget[0m[2m ([0m[0m[36mnode:assert[0m[2m:[0m[33m70[0m[2m:[33m30[0m[2m)[0m
[0m      [2mat [0m[0m[1m[3mnode:assert[0m[2m ([0m[0m[36mnode:assert[0m[2m:[0m[33m588[0m[2m:[33m29[0m[2m)[0m
[0m      [2mat [0m[0m[2m<anonymous>[0m[2m ([0m[0m[36m/$bunfs/root/supabase[0m[2m:[0m[33m165[0m[2m:[33m39658[0m[2m)[0m
[0m      [2mat [0m[0m[2m<anonymous>[0m[2m ([0m[0m[36m/$bunfs/root/supabase[0m[2m:[0m[33m3[0m[2m:[33m525[0m[2m)[0m
[0m      [2mat [0m[0m[36m/$bunfs/root/supabase[0m[2m:[0m[33m1316[0m[2m:[33m24507[0m

Stopped services: [supabase_inbucket_1hk-m1-5ec586ae supabase_imgproxy_1hk-m1-5ec586ae supabase_pg_meta_1hk-m1-5ec586ae supabase_studio_1hk-m1-5ec586ae supabase_analytics_1hk-m1-5ec586ae supabase_vector_1hk-m1-5ec586ae supabase_pooler_1hk-m1-5ec586ae]
{
  "ANON_KEY": "[redacted]",
  "API_URL": "http://127.0.0.1:54308",
  "DB_URL": "postgresql://[redacted]@127.0.0.1:54309/postgres",
  "FUNCTIONS_URL": "http://127.0.0.1:54308/functions/v1",
  "GRAPHQL_URL": "http://127.0.0.1:54308/graphql/v1",
  "JWT_SECRET": "[redacted]",
  "PUBLISHABLE_KEY": "[redacted]",
  "REST_URL": "http://127.0.0.1:54308/rest/v1",
  "SECRET_KEY": "[redacted]",
  "SERVICE_ROLE_KEY": "[redacted]"
}

[exit=0]

$ /opt/homebrew/bin/supabase status --workdir /Users/h/Documents/GoAgent/.worktrees/universal-workspace-m1/.superpowers/sdd/2026-09-06-native-dwg-approved-resave-source/runtime-validation/shared-runtime.ugp7sy/platform/node_modules/.cache/1hk-m1-e2e/1hk-m1-supabase-rLHJVX -o json
[0m[33mWarning[0m[2m:[0m [1mThe 'NO_COLOR' env is ignored due to the 'FORCE_COLOR' env being set.[0m
[0m      [2mat [0m[0m[1m[3mwarnOnDeactivatedColors[0m[2m ([0m[0m[36minternal:tty[0m[2m:[0m[33m33[0m[2m:[33m24[0m[2m)[0m
[0m      [2mat [0m[0m[1m[3mgetColorDepth[0m[2m ([0m[0m[36minternal:tty[0m[2m:[0m[33m42[0m[2m:[33m39[0m[2m)[0m
[0m      [2mat [0m[0m[1m[3mshouldColorize[0m[2m ([0m[0m[36minternal:util/colors[0m[2m:[0m[33m14[0m[2m:[33m109[0m[2m)[0m
[0m      [2mat [0m[0m[1m[3mrefresh[0m[2m ([0m[0m[36minternal:util/colors[0m[2m:[0m[33m18[0m[2m:[33m31[0m[2m)[0m
[0m      [2mat [0m[0m[1m[3minternal:util/colors[0m[2m ([0m[0m[36minternal:util/colors[0m[2m:[0m[33m24[0m[2m:[33m16[0m[2m)[0m
[0m      [2mat [0m[0m[1m[3minternal:assert/assertion_error[0m[2m ([0m[0m[36minternal:assert/assertion_error[0m[2m:[0m[33m2[0m[2m:[33m187[0m[2m)[0m
[0m      [2mat [0m[0m[1m[3mloadAssertionError[0m[2m ([0m[0m[36mnode:assert[0m[2m:[0m[33m28[0m[2m:[33m96[0m[2m)[0m
[0m      [2mat [0m[0m[1m[3mget[0m[2m ([0m[0m[36mnode:assert[0m[2m:[0m[33m70[0m[2m:[33m30[0m[2m)[0m
[0m      [2mat [0m[0m[1m[3mnode:assert[0m[2m ([0m[0m[36mnode:assert[0m[2m:[0m[33m588[0m[2m:[33m29[0m[2m)[0m
[0m      [2mat [0m[0m[2m<anonymous>[0m[2m ([0m[0m[36m/$bunfs/root/supabase[0m[2m:[0m[33m165[0m[2m:[33m39658[0m[2m)[0m
[0m      [2mat [0m[0m[2m<anonymous>[0m[2m ([0m[0m[36m/$bunfs/root/supabase[0m[2m:[0m[33m3[0m[2m:[33m525[0m[2m)[0m
[0m      [2mat [0m[0m[36m/$bunfs/root/supabase[0m[2m:[0m[33m1316[0m[2m:[33m24507[0m

Stopped services: [supabase_inbucket_1hk-m1-5ec586ae supabase_imgproxy_1hk-m1-5ec586ae supabase_pg_meta_1hk-m1-5ec586ae supabase_studio_1hk-m1-5ec586ae supabase_analytics_1hk-m1-5ec586ae supabase_vector_1hk-m1-5ec586ae supabase_pooler_1hk-m1-5ec586ae]
{
  "ANON_KEY": "[redacted]",
  "API_URL": "http://127.0.0.1:54308",
  "DB_URL": "postgresql://[redacted]@127.0.0.1:54309/postgres",
  "FUNCTIONS_URL": "http://127.0.0.1:54308/functions/v1",
  "GRAPHQL_URL": "http://127.0.0.1:54308/graphql/v1",
  "JWT_SECRET": "[redacted]",
  "PUBLISHABLE_KEY": "[redacted]",
  "REST_URL": "http://127.0.0.1:54308/rest/v1",
  "SECRET_KEY": "[redacted]",
  "SERVICE_ROLE_KEY": "[redacted]"
}

[exit=0]

$ /opt/homebrew/bin/supabase stop --no-backup --project-id 1hk-m1-5ec586ae --workdir /Users/h/Documents/GoAgent/.worktrees/universal-workspace-m1/.superpowers/sdd/2026-09-06-native-dwg-approved-resave-source/runtime-validation/shared-runtime.ugp7sy/platform/node_modules/.cache/1hk-m1-e2e/1hk-m1-supabase-rLHJVX
{"project_id_filter":"1hk-m1-5ec586ae","backup":false,"message":"Stopped supabase local development setup."}

[exit=0]
