✔ canonical drawing room names round-trip lower-case UUID scopes only (2.135791ms)
✔ operation envelopes accept only the existing canonical drawing operation contract (1.676ms)
✔ operation receipt source is canonical and excludes the non-authoritative client clock (0.229208ms)
✔ operation envelopes enforce protocol and bounded operation collections (2.075334ms)
✔ history lineage is bounded, paired, canonical, and exact (0.182041ms)
✔ server-only metadata and operation status reject client fields and malformed authority (0.19275ms)
✔ authoritative operation status preserves a deleted result as null (0.064708ms)
✔ append validation preserves the immutable operation order and accepts only the verified actor (23.699166ms)
✔ same durable operation ID is a convergent idempotent order entry (0.241125ms)
✔ operation order bounds unique IDs separately from recovery contributions (46.434875ms)
✔ append validation accepts a bounded same-actor catch-up suffix (1.576125ms)
✔ append validation binds every new envelope to the canonical room revision (0.151791ms)
✔ awareness is bounded, strict, and carries only ephemeral drawing state (0.5005ms)
✔ hydrates every P2 collection into one canonical document state (12.543708ms)
✔ public hydration always validates rows and graph invariants (6.53525ms)
✔ public hydration authority cannot mint a proof for malformed nested entities (0.304625ms)
✔ canonical object parsing validates its outer row and selected geometry schema (0.278ms)
✔ schema-validated canonical entities are not cloned again (0.318417ms)
✔ store preserves canonical P2 state and falls back to the page default after active canvas deletion (3.475625ms)
✔ store leaves the prior snapshot intact when a structure batch conflicts (0.255208ms)
✔ post-validation nested mutation cannot bypass document replacement validation (0.196958ms)
✔ schema-validated hydration exposes one immutable authoritative proof (0.520875ms)
✔ hydration fails closed on a malformed P2 row (0.180666ms)
✔ hydration rejects orphaned, cross-revision, colliding, defaultless, and non-editable P2 graphs (1.010292ms)
✔ non-draft stores reject mutations before changing their snapshot (0.159833ms)
✔ transient state synchronously removes inactive, locked, and non-draft editing state (0.313791ms)
✔ read-only viewers preserve visible active-canvas selection without gaining an edit layer or tool (0.14325ms)
✔ read-only viewers retain the non-mutating pan tool without an edit layer (0.126417ms)
✔ transient selection inherits host visibility without pruning unrelated or locked-host selections (0.542083ms)
✔ definition-only store updates change every effective style without changing object versions (4.674292ms)
✔ transient authorization identity changes for canvas, draft, and capability boundaries (0.222917ms)
✔ transient authorization identity includes the effective layer eligibility and version (0.110708ms)
✔ authorization-boundary adapter never reuses rectangle or polyline selection input (0.090125ms)
✔ applies a three-phase DXF plan with exact recorded envelopes (8.483167ms)
✔ preserves and validates exact DXF history-group metadata (13.59975ms)
✔ undoes and redoes a multi-phase DXF import as one user history unit (25.398916ms)
✔ preflights a whole DXF history group atomically before returning operations (1.349917ms)
✔ re-attests a complete queued DXF group before releasing it (8.804667ms)
✔ re-attests user-selected queued DXF units without sending declared units (1.615083ms)
✔ does not re-attest non-DXF queued operations (0.073583ms)
✔ does not re-attest derived DXF undo or redo operations (3.874792ms)
✔ DXF send gate awaits one recovered attestation and invalidates a changed sibling (19.409458ms)
✔ fresh DXF send gates are exact and isolated by workspace lifecycle (1.6145ms)
✔ a failed DXF send-gate preparation never sends or poisons its retry cache (1.074667ms)
✔ fails closed for incomplete, reordered, duplicate, or inconsistent queued DXF groups (1.492459ms)
✔ fails closed when the re-prepared DXF plan changes its identity or operations (2.731334ms)
✔ fails closed when the queued operation is not exact group evidence (0.822917ms)
✔ posts queued DXF preparation through the existing form action and rejects unsafe responses (28.299417ms)
✔ fails closed on malformed or incomplete DXF history-group metadata (0.920916ms)
✔ resumes partial DXF group undo and redo transitions (10.559833ms)
✔ keeps an ungrouped command as one undo and redo unit (0.36ms)
✔ rejects DXF history groups with mixed actor or revision authority (0.642416ms)
✔ rejects a planned envelope whose inverse cannot be regenerated exactly (0.731542ms)
✔ resumes exact materialized prefixes after a canonical reload without receipts (19.930042ms)
✔ installs receipt-recovered DXF history in the live draft without re-enqueueing committed originals (19.872041ms)
✔ rejects graph-equal recovered DXF history with a forged inverse (4.987625ms)
✔ keeps a fresh DXF import undoable after its first authoritative checkpoint (66.405166ms)
✔ reconstructs fresh DXF history from a persisted Yjs ledger before its first checkpoint (43.2215ms)
✔ installs a newer checkpoint when an unseen same-user remote receipt explains its graph (14.265792ms)
✔ retains a same-user receipt that arrives while checkpoint digests are pending (42.469125ms)
✔ rejects a mismatched checkpoint after its late same-user receipt becomes visible (30.943792ms)
✔ rejects a checkpoint verification changed by an unrelated late operation (66.873959ms)
✔ retains unseen checkpoint receipts across operation and status arrival order (63.649291ms)
✔ blocks a newer checkpoint until its unseen receipt is verified (21.019833ms)
✔ quarantines an unseen checkpoint whose later receipt proves a graph mismatch (26.904ms)
✔ validates visible checkpoint receipts independently of an unrelated pending edit (23.257375ms)
✔ rolls back a verified checkpoint when projection replacement throws (13.965583ms)
✔ rolls back an ordinary checkpoint when projection replacement throws (0.557584ms)
✔ subscriber exceptions do not roll back a committed checkpoint (0.26125ms)
✔ rejects a mismatched checkpoint when every boundary receipt is locally visible (4.013375ms)
✔ keeps recovered DXF history through suffix, grouped undo, and grouped redo checkpoints (43.870875ms)
✔ absorbs receipt-proven DXF suffix checkpoints that arrive before local ACK state (63.984667ms)
✔ absorbs every partial grouped Undo checkpoint before local ACK state (61.741958ms)
✔ absorbs every partial grouped Redo checkpoint before local ACK state (283.821584ms)
✔ rejects inexact canonical checkpoint outcomes before changing recovered history (92.835042ms)
✔ rejects local ACK conflicts but accepts canonical receipts over stale server pending (94.807959ms)
✔ a later conflicting grouped receipt cannot leak an earlier checkpoint ACK (31.028833ms)
✔ ignores exact compacted receipts outside the new checkpoint boundary (39.75175ms)
✔ discards recovered DXF history when the authoritative graph changes (17.765542ms)
✔ does not preserve recovered DXF history around an unrelated pending edit (21.816334ms)
✔ classifies exact committed DXF plans after undo or redo without replaying original mutations (27.906ms)
✔ rejects canonical DXF receipt authority mismatches before history hydration (11.385833ms)
✔ rejects a DXF history member attached to another actor stack (1.030666ms)
✔ fails closed on a partial or different materialized DXF phase (1.348083ms)
✔ rejects adversarial DXF object/source compounds before recording (1.244042ms)
✔ supports exact prefix resume and an exact whole-plan retry (1.47825ms)
✔ rejects a reused operation ID with a different envelope or actor (0.594125ms)
✔ rejects non-exact, duplicate, and cross-revision plan input (0.538708ms)
✔ DXF import plan preserves exact local source lineage and only actual raw handles (40.82675ms)
✔ DXF import plan keeps each object and source atomic in forward and inverse operations (24.206084ms)
✔ DXF import plan stages editable layers before objects and restores source state last (19.622917ms)
✔ DXF import plan chunks atomic records within the live collaboration contract (2692.89175ms)
✔ DXF import plan IDs support exact retry, prefix resume, and explicit-unit retry (82.697917ms)
✔ DXF import plan fails closed before execution when total operation count is too large (16.618ms)
✔ DXF import plan fails closed before execution when the response plan is too large (29.087833ms)
✔ DXF adapter imports the pinned upstream extended-data fixture deterministically (126.725375ms)
✔ DXF extent sentinel exemption preserves coordinate and finite-number limits (126.190875ms)
✔ DXF adapter normalizes supported 2D entities and emits canonical deterministic operations (49.623208ms)
✔ DXF adapter uses declared units and never guesses a missing or unitless drawing unit (52.742667ms)
✔ DXF adapter resumes a missing-unit import only with an explicit allowed unit selection (38.030708ms)
✔ DXF adapter blocks a user-selected unit that conflicts with the declared unit (50.246791ms)
✔ DXF adapter reports unsupported, incomplete, curved, and unsafe INSERT entities instead of approximating them (25.932708ms)
✔ DXF adapter explicitly skips paper-space and hidden entities (19.110583ms)
✔ DXF adapter preserves off, frozen, and locked source layer state (21.088ms)
✔ DXF adapter resolves layer identity case-insensitively with stable table spelling (26.0145ms)
✔ DXF adapter reports case-folded duplicate layer table names (0.206125ms)
✔ DXF adapter reports normalized entity style semantics (27.422291ms)
✔ DXF adapter reports truecolor and INSERT style inheritance normalization (25.651875ms)
✔ DXF adapter inventories entity types that dxf-parser drops (21.351ms)
✔ DXF raw preflight counts points in entities that dxf-parser drops (19.443291ms)
✔ DXF raw preflight rejects unsafe coordinates in entities that dxf-parser drops (17.798125ms)
✔ DXF raw preflight rejects non-finite coordinates in entities that dxf-parser drops (0.265291ms)
✔ DXF raw preflight counts dropped HATCH pattern base points (30.252042ms)
✔ DXF raw preflight rejects unsafe dropped HATCH pattern coordinates (18.968125ms)
✔ DXF raw preflight rejects non-finite dropped HATCH pattern coordinates (0.418458ms)
✔ DXF adapter preserves only actual raw handles with section-relative entity identity (22.62075ms)
✔ DXF adapter preserves actual BLOCK child handles without borrowing INSERT handles (24.811417ms)
✔ DXF adapter fails closed when duplicate BLOCK names could corrupt raw lineage (0.249208ms)
✔ DXF adapter canonicalizes lowercase raw handles and rejects invalid handles (20.697917ms)
✔ DXF adapter bounds BLOCK symbols before parser expansion (0.208542ms)
✔ DXF adapter does not drop legacy POLYLINE header widths (0.088667ms)
✔ DXF adapter does not approximate horizontally scaled TEXT (0.051958ms)
✔ DXF adapter does not treat the default-alignment TEXT second point as a width (17.667875ms)
✔ DXF adapter bounds TEXT before parser and width expansion (1.151167ms)
✔ DXF adapter does not flatten semantic legacy POLYLINE VERTEX flags (0.241125ms)
✔ DXF raw preflight counts entity types that the parser discards (0.099833ms)
✔ DXF raw preflight caps detailed unsupported reports with an exact omitted count (19.476458ms)
✔ DXF report cap continues from raw inventory through parsed skips (16.647625ms)
✔ DXF report cap also bounds conversion details (17.664583ms)
✔ DXF raw preflight enforces the elapsed deadline before parser work (0.224834ms)
✔ DXF adapter flattens a bounded local block with an exact 2D transform and inherited layer (19.814208ms)
✔ DXF adapter fails closed on byte, entity, point, block-depth, coordinate, finite-number, NUL, and elapsed-work limits (69.793542ms)
✔ DXF adapter chunks deterministic operations to the existing collaboration byte and item contract (613.186666ms)
✔ DXF adapter blocks one entity that cannot fit the canonical collaboration operation (47.16875ms)
✔ DXF adapter never substitutes an origin for a missing BLOCK base point (21.241167ms)
✔ DXF parser runs in a terminable worker rather than the request event loop (3.606208ms)
✔ DXF parser remains a statically traced production dependency (2.50475ms)
✔ workspace action authorizes the exact DXF target before source download and parse (3.126042ms)
✔ DXF action waits for attestation and returns the existing browser plan unchanged (32.765583ms)
✔ DXF action does not load admin for blocked or empty plans (27.757167ms)
✔ DXF action bounds issuer and dynamic-admin failures as retryable source errors (25.051667ms)
✔ DXF plan preparation skips loader revalidation and is exposed as an editor control (2.495791ms)
✔ all bounded native DWG intents preserve unsaved workspace state (0.463458ms)
✔ blank workspace DXF upload preserves its workspace and preselects only a catalog source (2.245459ms)
✔ verified immutable project DXF is re-hashed before an atomic import plan is returned (87.713292ms)
✔ project prepare returns only an exact canonical persisted DXF prefix (43.982333ms)
✔ project prepare rejects non-prefix or mismatched canonical DXF receipts (142.262583ms)
✔ DXF source lookup, metadata, size, and stored SHA fail closed (0.585709ms)
✔ unitless DXF returns UNIT_REQUIRED and the exact explicit-unit retry succeeds (44.23625ms)
✔ DXF import form is exact and derives the unit label server-side (8.432542ms)
✔ DXF import scope blocks read-only, frozen, foreign revision and canvas before parsing bytes (1.455375ms)
✔ DXF attestation sends the exact immutable plan identities and operations to the issuer (27.071333ms)
✔ DXF attestation accepts exact, repeated, and committed-prefix receipts (18.95625ms)
✔ DXF attestation fails closed for issuer errors and invalid receipts (29.051709ms)
✔ DXF attestation maps a thrown issuer transport failure to a retryable source error (23.848583ms)
✔ request identity is reused only for the exact six-field source and reset for retry (0.52875ms)
✔ an uncertain request identity survives control unmount and reopen in session storage (0.528125ms)
✔ one in-flight request suppresses double click and ignores a stale scope response (0.179583ms)
✔ poll scheduling exists only for an open active job and aborts on close (0.124625ms)
✔ the rendered control honestly exposes pending, retrying, failed and completed states (24.276542ms)
✔ client status validation refuses unbounded errors and incomplete completed receipts (0.159083ms)
✔ unsupported imported or multi-canvas sources render actionable errors (0.678291ms)
✔ native DWG paths preserve exact scope and fixed artifact names (0.072833ms)
✔ browser control resumes status after replay returns the same accepted job (1125.1805ms)
✖ browser control ignores a duplicate click before mutating the live request (5236.0715ms)
✔ editor request derives immutable DWG SHA and document scope on the server (2.271583ms)
✔ blank unit selection is frozen as a null server scope override (0.254208ms)
✔ ordinary Supabase RPC builders are adapted inside the native request boundary (0.398334ms)
✔ viewer, frozen, wrong-project, wrong-canvas and stale-revision requests stop before file or native request (0.414292ms)
✔ unverified, non-DWG and wrong-project file results fail before native request (0.330208ms)
✔ status loads only stored public context and validates its exact current scope (0.446834ms)
✔ status rejects a mismatched stored project, document, revision, canvas or job (0.358625ms)
✔ prepare passes only the authenticated server actor and current job target (0.1165ms)
✔ unknown, duplicate, extra and malformed native forms are rejected without side effects (0.262542ms)
✔ applies a real native plan and preserves grouped undo and redo (58.203375ms)
✔ recovers an exact native materialized prefix from canonical receipts (16.422959ms)
✔ native send gate re-attests recovered originals but bypasses derived undo and redo (23.664084ms)
✔ native gate rejects mixed job or report identity before prepare or send (4.352792ms)
✔ native gate rejects mixed CAD kinds even on a source-free group phase (2.789833ms)
✔ nested DXF then native gates release valid originals through one transport (26.530333ms)
✔ native gate fails closed for incomplete, reordered, or altered groups (9.0525ms)
✔ native gate requires exact operation-attested experimental preparation (25.745334ms)
✔ native HTTP preparation sends only stable job scope and rejects unsafe responses (18.723459ms)
✔ strict public scope, status and receipt codecs reject extra and cross-identity data (2.421625ms)
✔ strict service claim codec binds scope, source and immutable image (1.749375ms)
✔ authenticated helpers send exact frozen RPC arguments and validate result evidence (36.043875ms)
✔ result and status helpers fail closed on null, changed, malformed or oversized evidence (5.298875ms)
✔ helpers require abortable RPC transport and map bounded database codes (0.353459ms)
✔ Docker forwarding shim preserves executable and tracker paths containing shell metacharacters (862.568917ms)
✔ worker cleanup allows the production SIGTERM lifecycle to finish (51.26425ms)
✔ worker cleanup force-stops a resistant child before narrowly cleaning its owned residue (96.130583ms)
✔ optional canonical callback preserves default evidence and nests its separate proof (0.458ms)
✔ native planner maps public report handles to exact canonical DWG sources (43.568958ms)
✔ native planner emits the same three atomic phases with exact inverses (48.736542ms)
✔ native object and source compounds apply atomically without becoming DXF (24.166042ms)
✔ native source schema rejects unknown keys and report, handle, source, or unit mismatches (46.637667ms)
✔ native planner fails closed for empty and oversized projections (2137.059542ms)
✔ request_native_dwg_import uses selected older draft through workspace producer and screen consumer (138.211167ms)
✔ native_dwg_import_status uses selected older draft through workspace producer and screen consumer (13.611959ms)
✔ prepare_native_dwg_import uses selected older draft through workspace producer and screen consumer (21.245708ms)
✔ request pointer is durable before network and a lost response reuses identity (1.092042ms)
✔ each actor/project/document/revision/canvas is isolated (0.103625ms)
✔ source identity and units create another request; explicit failed retry can too (0.1315ms)
✔ storage failures surface, preventing request without a durable pointer (0.241625ms)
✔ malformed, cross-scope, unversioned and extra payload pointers are ignored (0.142875ms)
✔ authenticated native preparation validates context before issuing exact operations (21.029917ms)
✔ authenticated actor and target mismatches fail before service credentials load (4.311125ms)
✔ malformed resolved auth transport is mapped to the safe actor error (5.797417ms)
✔ raw client reports and malformed authenticated envelopes are rejected (1.766417ms)
✔ report hash, byte count, source and scope corruption fail before attestation (31.504166ms)
✔ only an analyzed not-issued receipt can be promoted by preparation (18.106292ms)
✔ malformed service transport and attestation receipts never return partial authority (19.850042ms)
✔ same analyzed job prepares an identical operation-attested replay (3.422917ms)
✔ preparation recovers only the exact persisted canonical prefix (5.925625ms)
✔ changed stored native operation is rejected instead of accepted as replay (7.01575ms)
✔ worker is idle without a claim and publishes one strict immutable report (27.128583ms)
✔ source length, hash and header corruption fail before native parsing (2.181792ms)
✔ invalid or source-changed reports fail without publication (10.93075ms)
✔ reader failures are retried and bounded failure acknowledgement errors are safe (0.628917ms)
✔ cancellation before and after native read never publishes (0.430583ms)
✔ deadline before publication fails the attempt instead of publishing late (0.142084ms)
✔ stale and ambiguous completion are never retried or failed under another identity (0.6005ms)
✔ configured-origin transport authorizes an exact encoded path and exact body (40.765583ms)
✔ source transport accepts an exact chunked body but rejects redirects, lying lengths, short/oversized streams and stalls (49.801833ms)
✔ adapter rejects malicious origin, path and configuration before RPC or network (0.733916ms)
✔ publication adapter rejects a mismatched digest before sending the exact identity (0.40275ms)
✔ real Supabase RPC HTTP stays on the configured origin with service authorization (5.739208ms)
✔ real Supabase RPC redirect never forwards service authorization (2.070041ms)
✔ import CLI configuration requires an immutable image and explicit Docker socket (0.354667ms)
✔ real import CLI composes strict adapter config, claims idle and stops on SIGTERM (338.700875ms)
✔ projects native WCS primitives into millimeters while preserving exact native bindings (10.373625ms)
✔ same source and target retries preserve request, layer, object and binding identities (5.872666ms)
✔ unknown units require an explicit supported override and declared units cannot be changed (3.279458ms)
✔ source drift, duplicate native handles and inconsistent coverage fail closed (1.015834ms)
✔ strict report validation rejects unknown fields and projected extents outside the 9e9mm domain (2.222ms)
✔ strict report validation rejects a trailing high surrogate in native TEXT (0.235ms)
▶ strict report validation and projection reject native TEXT outside the plain-text contract
  ✔ U+0085 control (0.258417ms)
  ✔ U+2028 line separator (0.269083ms)
  ✔ U+2029 paragraph separator (0.495416ms)
  ✔ percent-percent expression (0.401166ms)
  ✔ field expression (0.255833ms)
  ✔ oversized UTF-16 length (0.217833ms)
✔ strict report validation and projection reject native TEXT outside the plain-text contract (2.412375ms)
✔ a nonzero full-turn native ARC projects as a 360 degree sweep (4.642541ms)
✔ native ARC rejects explicit sweeps larger than one full turn (0.510167ms)
✔ unsupported native handle samples cannot outnumber their exact group count (0.187959ms)
✔ native DWG resource routes expose only framework server entrypoints (0.743958ms)
✔ user helpers validate exact DTOs and send only the approved RPC arguments (1.813417ms)
✔ strict scope and artifact validation rejects unknown input before transport (2.058417ms)
✔ request route enforces method, exact origin, body bound, and route scope (4.899875ms)
✔ status route accepts only exact query scope and returns durable no-store state (0.892583ms)
✔ download verifies the exact managed object then reauthorizes before attachment (2.883ms)
✔ download route accepts GET with only the four query scope fields (0.417667ms)
✔ missing receipt, unknown kind, malformed path and hash mismatch never leak Storage bytes (0.97875ms)
✔ download rejects a revoked second authorization after verification without exposing bytes (38.159875ms)
✔ status helper rejects a receipt attached to another exact source (0.326375ms)
✔ route auth denial occurs before any service client creation and preserves bounded headers (0.347667ms)
✔ download cancels real Storage HTTP before headers and during body on deadline or request abort (457.057292ms)
✔ reader rejects mismatched original-byte identity through a bounded public failure (2.186958ms)
✔ reader rejects high-bit aliases of the six ASCII header bytes before native execution (63.32025ms)
✔ actual native process errors stay bounded and clean the owned temporary directory (545.288583ms)
✔ reader refuses to delete a replacement directory at its former owned path (505.356125ms)
✔ actual .NET reader returns an original-byte report consumable by the real projector (1809.399708ms)
✔ production create argv fixes confinement and the native command (78.242666ms)
✔ configuration, abort and exact raw source validation happen before Docker spawn (17.750042ms)
✔ successful transport requires owned stopped receipt, exact bytes and clean CLI environment (1210.695167ms)
✔ daemon profile deviations fail before start and remove only the owned container (7880.961083ms)
✔ live, nonzero, OOM, malformed, overflowing and source-mismatched reports never succeed (6473.487583ms)
✔ lost or malformed create receipts reconcile exact name once and clean owned identity (2650.854375ms)
✔ outer deadline and cancellation use separate cleanup authority (3190.963458ms)
✔ caller bytes are snapshotted before awaits and mutation prevents publication (648.834125ms)
✔ foreign ownership is never permission to start or delete (1264.860792ms)
✔ unenforced daemon limits and image-provided volumes are refused before create (3477.804709ms)
✔ validated Docker configuration is captured before caller mutation (741.941541ms)
✔ unexpected stderr, BOM and overflowing metadata fail closed (1838.724209ms)
✔ caller mutation while cleanup runs still prevents report publication (1087.630333ms)
✔ an extra network attachment or changed shared-memory limit prevents start (1281.545375ms)
✔ every CLI command uses a private empty config, avoiding hostile home fallback and cleaning on failure (1296.295ms)
✔ replacement of the owned CLI config directory is preserved and fails the read (679.825709ms)
✔ caller mutation during private config cleanup prevents publication (684.063958ms)
✔ caller cancellation during private config cleanup prevents publication (678.68325ms)
✔ converts only a changed centimeter LINE endpoint back to the original handle and native units (7.974792ms)
✔ retains an unchanged raw native endpoint instead of reconstructing it from six-decimal display geometry (6.488875ms)
✔ emits v2 CIRCLE geometry and converts a changed centimeter radius (3.435708ms)
✔ retains unchanged raw LWPOLYLINE vertices while converting changed vertices and closed (1.272084ms)
✔ rejects distinct projected LWPOLYLINE points that collapse to one native point (3.117125ms)
✔ retains raw ARC angle pairs for geometry-only edits, including wrapped angles (1.898666ms)
✔ converts edited ARC angles to a positive non-normalized full turn (1.527167ms)
✔ emits changed TEXT insert, height, and text in native units (38.109041ms)
✔ uses the frozen inch projection when compiling changed geometry (25.501416ms)
✔ emits null for an unchanged projection even when object order changes or versions increase (1.387084ms)
✔ a valid TEXT value change retains raw placement and edits sort by numeric native handle (34.201458ms)
▶ rejects new, missing, and duplicate object identities
  ✔ new object (0.83125ms)
  ✔ missing object (0.588958ms)
  ✔ duplicate object (4.425959ms)
✔ rejects new, missing, and duplicate object identities (10.251084ms)
▶ rejects immutable object metadata and geometry-kind changes
  ✔ name (0.754291ms)
  ✔ layer (0.705125ms)
  ✔ style (0.6465ms)
  ✔ style binding (0.7185ms)
  ✔ geometry kind (1.55325ms)
✔ rejects immutable object metadata and geometry-kind changes (5.124708ms)
✔ rejects TEXT width changes atomically after an otherwise valid edit (1.933333ms)
▶ rejects negative edited ARC sweeps and non-font TEXT style changes atomically
  ✔ negative sweep (1.575042ms)
  ✔ TEXT stroke (4.784666ms)
✔ rejects negative edited ARC sweeps and non-font TEXT style changes atomically (7.675625ms)
▶ rejects decreasing versions and invalid edited-object schema before compiling any request
  ✔ decreased version (2.634708ms)
  ✔ unknown object field (2.080792ms)
  ✔ zero-length LINE (11.7185ms)
✔ rejects decreasing versions and invalid edited-object schema before compiling any request (17.323708ms)
▶ rejects invalid selected-DWG plain TEXT values
  ✔ empty (1.869125ms)
  ✔ too long (2.38925ms)
  ✔ unpaired surrogate (0.91575ms)
  ✔ terminal high surrogate (4.255ms)
  ✔ control (0.721416ms)
  ✔ line separator (0.611333ms)
  ✔ CAD percent escape (0.596042ms)
  ✔ CAD field (0.599458ms)
✔ rejects invalid selected-DWG plain TEXT values (16.538459ms)
✔ rejects edited geometry outside the projected extent (0.99625ms)
✔ rejects more than 100,000 aggregate edited LWPOLYLINE vertices (441.527709ms)
✔ rejects a compact UTF-8 request above the native consumer's 2 MiB limit (44.151125ms)
✔ approved native template returns an unchanged CAD manifest and separate deterministic authority lineage (78.8115ms)
✔ approved native lineage orders same-id issue links by object id independently of input order (23.298125ms)
✔ approved literal canonical line projects exact independent CAD geometry (1.320791ms)
✔ loader calls the authenticated read-only RPC once with only exact named scope (7.538625ms)
▶ request and returned authority scope must match exactly
  ✔ project (40.291042ms)
  ✔ document (0.947917ms)
  ✔ revision (0.64175ms)
  ✔ version (0.565292ms)
  ✔ canvas (11.8305ms)
  ✔ digest (0.898209ms)
✔ request and returned authority scope must match exactly (55.912333ms)
▶ tampered or malformed PostgreSQL text never becomes an approved source
  ✔ tampered text (0.683541ms)
  ✔ wrong hash (0.551084ms)
  ✔ malformed hashed JSON (0.806ms)
✔ tampered or malformed PostgreSQL text never becomes an approved source (10.387125ms)
▶ revision, approval and canonical identity must remain approved and exact
  ✔ reviewed status (0.653416ms)
  ✔ draft status (0.519541ms)
  ✔ wrong decision (0.483375ms)
  ✔ revision sequence (0.73275ms)
  ✔ operation sequence (0.665ms)
  ✔ canonical project (0.613125ms)
  ✔ canonical document (0.603708ms)
✔ revision, approval and canonical identity must remain approved and exact (4.553458ms)
▶ native projection rejects missing profiles, sources, backgrounds, extra canvases and unsupported geometry
  ✔ missing persisted profile (11.523459ms)
  ✔ object source (7.979417ms)
  ✔ canvas background (6.100625ms)
  ✔ additional canvas (18.699166ms)
  ✔ unsupported entity (2.139875ms)
✔ native projection rejects missing profiles, sources, backgrounds, extra canvases and unsupported geometry (47.0225ms)
✔ canonical preimage is bounded before parsing (70.944791ms)
▶ strict malformed requests and payloads fail without calling RPC
  ✔ request 1 (0.177541ms)
  ✔ request 2 (0.075375ms)
  ✔ request 3 (0.115ms)
  ✔ request 4 (0.066666ms)
  ✔ request 5 (0.047625ms)
✔ strict malformed requests and payloads fail without calling RPC (2.951958ms)
▶ RPC exceptions, returned errors, nulls and malformed payloads use one bounded error with no fallback
  ✔ exception (0.146334ms)
  ✔ returned error (0.0855ms)
  ✔ null (0.092917ms)
  ✔ malformed (0.116ms)
✔ RPC exceptions, returned errors, nulls and malformed payloads use one bounded error with no fallback (1.012292ms)
✔ approved source stages all four verified identities before immutable upload and publication (75.624333ms)
✔ worker stays idle when no durable job is claimable (0.262875ms)
✔ tampered approved source is terminal before conversion or staging (0.295083ms)
✔ writer artifact and report tampering is terminal before staging (80.213833ms)
✔ forged database path stops all storage writes (41.890625ms)
✔ uncertain upload remains open even if the object becomes readable (4.942708ms)
✔ confirmed duplicate upload reconciles through exact readback (12.181459ms)
✔ uncertain or mismatching storage leaves the upload session open (66.882041ms)
✔ post-read deadline exhaustion cannot settle or publish (14.227584ms)
✔ expired claims fail with the fixed lease classification (0.448459ms)
✔ writer hashes ordered published bytes, uses a killed bounded process, and confines cleanup (1.197ms)
✔ writer refuses symlinked builds and never cleans an unconfined path (1.984959ms)
✔ Supabase adapter maps exact RPC arguments and rejects malformed DTOs (11.639875ms)
✔ Supabase lifecycle RPC builders receive the operation AbortSignal (0.608542ms)
✔ Supabase adapter sends exact lifecycle RPCs and bounded immutable Storage options (2.691833ms)
✔ worker rejects malformed claim and publication DTOs without exposing data (18.598291ms)
✔ writer rejects wrong or changing builds and cleans only its own directory (0.723958ms)
✔ writer failure waits for the bounded killed process and still cleans (0.196042ms)
✔ real writer process timeout hard-kills a SIGTERM-resistant child before rejecting (110.999333ms)
✔ writer canonicalizes the trusted macOS temporary parent before creating and cleaning (0.7225ms)
✔ explicit Storage transport bounds full response bodies and preserves upload uncertainty (304.995333ms)
✔ writer checks output size before reading an oversized file (1.404375ms)
✔ native worker config uses stable absolute environment names (20.390667ms)
Approved BOQ material handoff failed {
  requestId: '2dd679b4-61ae-4044-81ef-eb6a665e10e9',
  code: 'P6O01',
  stage: 'insert-handoff',
  projectId: '00000000-0000-4000-8000-000000000103',
  boqVersionId: '00000000-0000-4000-8000-000000000104',
  operationId: '00000000-0000-4000-8000-000000000121'
}
Approved BOQ material handoff failed {
  requestId: '97e03456-ffef-49ab-9ad7-7e1fbae93eaf',
  code: 'P6O01',
  stage: 'insert-handoff',
  projectId: '00000000-0000-4000-8000-000000000103',
  boqVersionId: '00000000-0000-4000-8000-000000000104',
  operationId: '00000000-0000-4000-8000-000000000119'
}
Approved BOQ material handoff failed {
  requestId: 'ff19306b-8f16-43d7-87c1-c4c8efc374c1',
  code: 'P6M01',
  stage: 'load-context',
  projectId: '00000000-0000-4000-8000-000000000103',
  boqVersionId: '00000000-0000-4000-8000-000000000104',
  operationId: '00000000-0000-4000-8000-000000000121'
}
Approved BOQ material handoff failed {
  requestId: '62d566e9-0e90-457b-a3da-4974eb75ea82',
  code: 'P6M01',
  stage: 'load-context',
  projectId: '00000000-0000-4000-8000-000000000103',
  boqVersionId: '00000000-0000-4000-8000-000000000104',
  operationId: '00000000-0000-4000-8000-000000000121'
}
Approved BOQ material handoff failed {
  requestId: '6d3dd9ce-e72b-4f9b-84cf-2e6a0a1edbc7',
  code: 'P6M01',
  stage: 'load-context',
  projectId: '00000000-0000-4000-8000-000000000103',
  boqVersionId: '00000000-0000-4000-8000-000000000104',
  operationId: '00000000-0000-4000-8000-000000000121'
}
Approved BOQ material handoff failed {
  requestId: '66bf5749-04b3-43aa-91ef-709b9d2804e3',
  code: 'P6M01',
  stage: 'load-context',
  projectId: '00000000-0000-4000-8000-000000000103',
  boqVersionId: '00000000-0000-4000-8000-000000000104',
  operationId: '00000000-0000-4000-8000-000000000121'
}
Approved BOQ material handoff failed {
  requestId: '4866dbe1-4f3e-48ef-893e-74ee4656784a',
  code: 'P6A01',
  stage: 'authorize',
  projectId: '00000000-0000-4000-8000-000000000103',
  boqVersionId: '00000000-0000-4000-8000-000000000104',
  operationId: '00000000-0000-4000-8000-000000000151'
}
Approved BOQ material handoff failed {
  requestId: '31645f7d-c23e-40fb-a2f6-8c30f5fea6f6',
  code: 'P6A01',
  stage: 'authorize',
  projectId: '00000000-0000-4000-8000-000000000103',
  boqVersionId: '00000000-0000-4000-8000-000000000104',
  operationId: '00000000-0000-4000-8000-000000000151'
}
Approved BOQ material handoff failed {
  requestId: '28d26325-b372-4e87-b29a-c11e355abecc',
  code: 'P6A01',
  stage: 'authorize',
  projectId: '00000000-0000-4000-8000-000000000103',
  boqVersionId: '00000000-0000-4000-8000-000000000104',
  operationId: '00000000-0000-4000-8000-000000000151'
}
Drawing quantity authority failed {
  requestId: '248c9767-0df9-462e-ac14-0cd4cad578fa',
  code: 'P6B04',
  projectId: '00000000-0000-4000-8000-000000000202',
  revisionId: '00000000-0000-4000-8000-000000000204',
  objectId: '00000000-0000-4000-8000-000000000205',
  linkId: '00000000-0000-4000-8000-000000000208'
}
Drawing quantity authority failed {
  requestId: 'f53c269f-9137-427b-914b-1e7a23768f3c',
  code: 'P6A01',
  projectId: '00000000-0000-4000-8000-000000000011',
  revisionId: '00000000-0000-4000-8000-000000000013',
  objectId: '00000000-0000-4000-8000-000000000014',
  linkId: '00000000-0000-4000-8000-000000000015'
}
Drawing quantity authority failed {
  requestId: 'b08874d2-ebe4-4bec-8e3e-2d6e03b2d948',
  code: 'P6A01',
  projectId: '00000000-0000-4000-8000-000000000011',
  revisionId: '00000000-0000-4000-8000-000000000013',
  objectId: '00000000-0000-4000-8000-000000000014',
  linkId: '00000000-0000-4000-8000-000000000015'
}
Drawing quantity authority failed {
  requestId: 'bd53ac4d-09b5-4282-a5b9-dc34c4b1da29',
  code: 'P6A01',
  projectId: '00000000-0000-4000-8000-000000000011',
  revisionId: '00000000-0000-4000-8000-000000000013',
  objectId: '00000000-0000-4000-8000-000000000014',
  linkId: '00000000-0000-4000-8000-000000000015'
}
Drawing quantity authority failed {
  requestId: 'd08e870d-b8e8-41b9-a530-588ff1858394',
  code: 'P6Q03',
  projectId: '00000000-0000-4000-8000-000000000016',
  revisionId: '00000000-0000-4000-8000-000000000018',
  objectId: '00000000-0000-4000-8000-000000000019',
  linkId: '00000000-0000-4000-8000-000000000020'
}
Drawing quantity authority failed {
  requestId: '83b1e3ac-2f98-464a-994f-b3ac4c21797a',
  code: 'P6Q03',
  projectId: '00000000-0000-4000-8000-000000000016',
  revisionId: '00000000-0000-4000-8000-000000000018',
  objectId: '00000000-0000-4000-8000-000000000019',
  linkId: '00000000-0000-4000-8000-000000000020'
}
Drawing quantity authority failed {
  requestId: '440f8019-bb00-4bca-b947-2e8132e83c61',
  code: 'P6Q03',
  projectId: '00000000-0000-4000-8000-000000000016',
  revisionId: '00000000-0000-4000-8000-000000000018',
  objectId: '00000000-0000-4000-8000-000000000019',
  linkId: '00000000-0000-4000-8000-000000000020'
}
✔ bounded BOQ material reads remain complete under an API cap of one (1.205ms)
✔ bounded material reads preserve existing rows across leading and trailing appends (11.908041ms)
✔ approved BOQ material handoff persists only selected authoritative material components (8.383292ms)
✔ material handoff failures log a bounded server stage without leaking the cause (0.706833ms)
✔ material manifest storage policy prevents a post-download delete from stranding a committed handoff (1.426042ms)
✔ content-addressed material manifest metadata is reused across operation IDs (0.635833ms)
✔ material manifest metadata reuse rejects foreign actors paths and noncanonical rows (1.314333ms)
✔ material handoff fails closed on non-material, stale, missing, duplicate, or non-positive selected components (1.428958ms)
✔ BOQ manifest storage path accepts only canonical UUIDs and lowercase file digests (0.511875ms)
✔ material lineage traverses approved BOQ through plan, transactions, carbon, and file digests (4.632584ms)
✔ material lineage resolves an exact transaction before the bounded link page (0.737625ms)
✔ material lineage fails closed for malformed, missing, and foreign-project transactions (8.933084ms)
✔ material lineage rejects conflicting plan and transaction scopes with a controlled 400 (0.134416ms)
✔ material lineage fails closed when the selected transaction disappears during resolution (0.1925ms)
✔ material lineage cursor returns every link once across bounded pages (38.550541ms)
✔ material lineage rejects an orphan BOQ line filter before querying (0.155709ms)
✔ material lineage reads every referenced carbon factor beyond one API page (4.659625ms)
✔ material lineage starts from one exact carbon factor and merges its baseline and transaction plan union (5.506042ms)
✔ material lineage merges more than 100 carbon-factor plans in exact timestamp order across cursor pages (17.571833ms)
✔ material lineage rejects malformed, missing, and foreign carbon factor identities (0.313208ms)
✔ material lineage returns an empty page for an unused factor and rejects factor scope conflicts (0.275458ms)
✔ procurement and site roles gain no BOQ material handoff write authority (22.403166ms)
✔ trusted quantity creation forwards only server-derived evidence (5.548375ms)
✔ quantity authority rejects native payload attempts to shadow row identity (0.76525ms)
✔ quantity creation rejects anonymous and read-only roles before database access (0.1995ms)
✔ owner, estimator, and verified staff reach trusted authority with server identity (0.2035ms)
✔ lineage pages by created_at and id with a hard 200 row bound (14.339917ms)
✔ quantity lineage marks material presence only for the exact project version and line (0.67725ms)
✔ quantity lineage reports each downstream material stage from exact linked plans (0.322625ms)
✔ quantity lineage batches more than 100 material plans and includes every transaction (2.015541ms)
✔ quantity lineage pages capped transactions and treats return alone as site activity (0.237792ms)
✔ quantity lineage fails closed on transaction query, shape, and scope faults (0.418667ms)
✔ quantity lineage rejects 10,001 matching transactions (135.147625ms)
✔ material presence batches at most 100 BOQ line identities (2.271459ms)
✔ material presence reads only linked version-line groups before its 10,000-row limit (14.161833ms)
✔ material presence shares its 10,000-row limit across exact version-line groups (107.901541ms)
✔ material presence remains complete under a capped PostgREST page (0.918166ms)
✔ exact BOQ evidence is included even when its quantity is older than the first page (9.788792ms)
✔ workspace resolution returns canonical lineage before building its exact route (0.830083ms)
✔ approved source-free BOQ lineage needs no evidence-file query (0.199084ms)
✔ workspace resolution rejects draft, unhashed, and unapproved lineage (0.415959ms)
✔ workspace resolution cannot omit an existing active evidence source (0.111334ms)
✔ 1.1 RPC input parser keeps fixed authoritative fields and rejects injection (4.376417ms)
✔ BOQ link put accepts only IDs factor and OCC version, supports partial and exact retry (0.318167ms)
✔ BOQ link put/delete bounds allocation, unit, authorization, project, and OCC failures (0.297ms)
✔ verified BOQ Drawing source loader caps sources and links at 200 (2.167375ms)
✔ verified BOQ Drawing links resolve exact immutable workspace ancestry in bulk (0.385333ms)
✔ verified BOQ Drawing source fallback is bound to the exact revision and object (0.177167ms)
✔ PDF document entry keeps its pathname while IFC evidence opens exact split focus (0.207458ms)
✔ verified BOQ source-free links expose the canonical workspace without a file query (0.139583ms)
✔ verified BOQ workspace links require an approved or superseded frozen version (0.353209ms)
✔ bulk evidence resolution fetches the complete bounded entry and anchor file union (56.373667ms)
✔ verified BOQ Drawing source loader always includes old mapped sources before filling the 200 row page (1.279709ms)
✔ verified BOQ Drawing source loader fails closed for cross-project RLS denial (0.103083ms)
✔ 1.1 submission calculates trusted input then compare-and-freezes exact hashes (5.520375ms)
✔ 1.1 submission fails closed on uncalculated input and finalize race (3.517167ms)
✔ 1.1 decision reruns frozen hashes, requires an independent reviewer, and forwards no hashes (1.155834ms)
✔ approved export reloads authoritative input and denies non-approved or stale snapshots before bytes (30.166333ms)
✔ approved export pages every WBS row instead of accepting a PostgREST-capped workbook (87.986917ms)
✔ approved export continues WBS pagination below the requested page size (72.239208ms)
✔ approved export batches the complete immutable evidence-file union (20.951084ms)
✔ approved export binds source anchor IDs to the frozen database input (0.2365ms)
✔ approved estimate replay confirms only hash-matched persisted drawing quantity and BOQ links (1.288375ms)
✔ approved estimate replay rejects hash, project, link, and snapshot mismatches (0.987ms)
✔ approved estimate replay rejects an unexpected persisted BOQ link instead of confirming a superset (0.6135ms)
✔ approved estimate replay rejects duplicate tuples and changed exact allocation factors (0.501709ms)
✔ approved estimate replay rejects an extra BOQ link backed by another drawing snapshot (0.241084ms)
✔ approved estimate replay preserves one persisted quantity split across BOQ lines (0.482875ms)
✔ P6 converts P4 length, area, and count exactly (1.043333ms)
✔ P6 rejects unavailable, wrong-rule, and volume measurements (0.263209ms)
✔ P6 conversion rejects quantities outside the approved numeric(29,12) contract (0.124083ms)
✔ P6 fingerprints the existing canonical P4 object fingerprint (0.450583ms)
✔ P6 derives exact material quantities with six-place half-away rounding (0.338042ms)
✔ P6 preserves an intentionally blank material specification (0.068666ms)
✔ P6 material handoff rejects incompatible, duplicate, negative, and overflowing components (0.207625ms)
✔ P6 rejects conflicting material identities in either input order (0.092833ms)
✔ P6 material plans are bytewise sorted and byte-identical across 100 runs (7.565958ms)
✔ DrawingObjectSource accepts only exact PDF, IFC, and DXF evidence keys (8.96575ms)
✔ DrawingObjectSource preserves exact DXF entity and conversion lineage (4.940458ms)
✔ source hashes, GlobalIds, cameras, and normalized regions are canonical (6.304167ms)
✔ camera canonicalization cannot turn finite input into non-finite evidence (0.580666ms)
✔ source-map validation checks final object/revision identity and active uniqueness (1.016166ms)
✔ source structure actions use exact bases, versions, inverses, and final graphs (1.178875ms)
✔ source canonical comparison ignores key order but detects value normalization and shape changes (0.943041ms)
✔ drawing routes expose ordinary server behavior without evaluating elevated credentials (1809.388167ms)
✔ canonical drawing objects require an exact trimmed name (2.445833ms)
✔ canonical loaded layers reject corrupt source state without widening browser input (0.247ms)
✔ mutate_structure records strict forward and inverse payloads (2.873875ms)
✔ PDF calibration converts exact input units and emits one versioned canvas action (0.660292ms)
✔ object and block assumptions persist or clear evidence reason in one structure command (2.391667ms)
✔ property-value undo resolves locked object and block owners from its recorded inverse (1.705375ms)
✔ add appends an operation with an inverse and leaves its input state unchanged (0.208334ms)
✔ update moves an object and records the version it was based on (0.283917ms)
✔ update records and restores an object's trimmed name (0.237458ms)
✔ style preset reset replaces the stored override and undo redo preserves it (0.65125ms)
✔ delete removes an object and records an add inverse (0.266791ms)
✔ adding a copy uses its supplied new ID without changing the source object (0.191458ms)
✔ object mutations on a locked layer fail with the domain lock error (0.356833ms)
✔ undo appends an inverse without deleting another actor's separate command (0.23075ms)
✔ add undo redo realizes exact tombstone bases and monotonic versions (0.237167ms)
✔ delete undo redo advances through tombstone restore and tombstone versions (0.340708ms)
✔ undo returns a conflict when another actor changed its target object (0.165291ms)
✔ undo then redo append new operations and keep the original history target (0.217625ms)
✔ a redone operation can be undone again without a false version conflict (0.230334ms)
✔ redo reapplies a version-aware selection move against the post-undo version (0.335209ms)
✔ update_layer appends a valid inverse and supports actor-scoped undo and redo (0.216125ms)
✔ undo of a layer update conflicts when another actor changed that layer (0.082833ms)
✔ add_layer remains non-undoable without a delete_layer command (0.061791ms)
✔ layer commands trim unique names and preserve one active editable user layer (0.311125ms)
✔ inspector builds one version-aware all-or-nothing multi-object command (0.463209ms)
✔ inspector text changes are available only when every target is text (0.182125ms)
✔ line click-click snaps both committed points and emits one add command (0.316709ms)
✔ object-snapped measurable tools commit six-decimal geometry (0.445167ms)
✔ polyline multi-click plus Enter snaps every vertex into one command (0.110875ms)
✔ rectangle drag normalizes an up-left drag after snapping (0.040208ms)
✔ circle center-radius drag commits the snapped Euclidean radius (5.234541ms)
✔ text Enter ignores empty input and commits non-empty text at a snapped origin (0.184708ms)
✔ dimension commits explicit calibrated or visibly uncalibrated evidence (0.203667ms)
✔ dimension adapter applies the canonical perpendicular offset (0.089542ms)
✔ Shift constrains line and dimension endpoints to 45-degree increments (15.587167ms)
✔ Escape cancels without a command and Backspace removes the last polyline point (0.567125ms)
✔ repeat mode keeps the completed drawing tool active (0.266ms)
✔ tool event adapter converts Stage-relative screen points to world points before canonical snap (11.326708ms)
✔ tool event adapter models drag preview and pointer capture through release (1.294334ms)
✔ tool event adapter ignores Chrome pointer detail and commits one terminal polyline vertex (2.053917ms)
✔ double-click cannot create a polyline command with fewer than two vertices (0.128875ms)
✔ tool event adapter owns Enter, Backspace, Escape, and text submission (0.22225ms)
✔ edit downgrade invalidates a live tool session before any later commit (0.071917ms)
✔ layer switch cancels drag and releases capture instead of committing into the new layer (0.063208ms)
✔ selection adapter confirms candidate clicks against domain bounds and Shift toggles (0.620834ms)
✔ marquee uses world-space intersection and canonical rotated bounds (0.138833ms)
✔ direct and marquee selection exclude hidden and locked layers (0.222708ms)
✔ selection drag keeps preview transient and emits one snapped multi-object update (0.119125ms)
✔ drag snapshots selected versions and rejects a mid-drag version change (0.111042ms)
✔ drag rejects same-version geometry replacement instead of moving newer geometry (0.059625ms)
✔ drag sync releases capture when one snapshot layer becomes ineligible (0.083208ms)
✔ an advisory peer lock preserves selection but blocks and cancels only its drag (0.088458ms)
✔ remote selection bounds include canonical block-instance render items (0.075875ms)
✔ selection handles stay screen-sized across zoom levels (0.036209ms)
✔ selection hit bounds expand thin canonical bounds by a fixed screen tolerance (0.070917ms)
✔ selection candidates expand hits only after hidden and locked exclusion (0.068084ms)
✔ arrow moves use millimeters and mutation commands filter locked or hidden objects (0.270792ms)
✔ copy strips identity and paste creates strict fresh objects at 20 mm (0.799208ms)
✔ referenced-style copy fails closed unless it explicitly resolves to portable inline style (0.253083ms)
✔ workspace duplicate preserves a referenced style within its document (670.435208ms)
✔ workspace storage failures expose a bounded diagnostic without dumping arbitrary values (0.265583ms)
✔ workspace block mutation adapter no-ops hidden, locked, and mixed selections until every owning layer is editable (0.945375ms)
✔ duplicate and Delete create add and delete commands without mutating originals (0.195958ms)
✔ workspace shortcuts support Cmd and Ctrl variants with guarded focus (0.23225ms)
✔ native dialog descendants own Backspace, Delete, and Cmd shortcuts (0.094042ms)
✔ command registry filters Korean labels and stable IDs case-insensitively (0.113667ms)
✔ command menu Enter only runs the selected enabled command and Escape closes (0.0925ms)
✔ editing context fails closed unless capability and an active layer both allow edits (0.123875ms)
✔ a privileged direct group cannot wrap an unchanged baseline layer (2373.529417ms)
✔ canonical operation proof survives a session timezone change (59.627166ms)
✔ issuer authority, target bindings, complete topology, and exact re-attestation fail closed (94.387208ms)
✔ issuer rejects inherited layer_delete phases without issuing partial proofs (28.222417ms)
✔ issuer rejects inherited object_source_delete phases without issuing partial proofs (24.912833ms)
✔ additive rollout reconciles exact committed prefixes with absent or unconsumed proofs (98.402833ms)
✔ re-attestation rejects rogue, sparse, and reordered legacy group members atomically (75.488ms)
✔ reference-aware original, undo, and redo rewrites cannot introduce a novel DXF source (90.507125ms)
✔ a real server plan requires service attestation and rejects a one-coordinate mutation atomically (42.062417ms)
✔ an explicitly discarded DXF plan operation stays terminal before attestation recovery (26.97725ms)
✔ canonical DXF three-phase plan persists, resumes, finalizes v1 to v2, and rejects mixed compounds (36.252542ms)
✔ DXF history group metadata is required and exact for new imports (16.447542ms)
✔ ungrouped P2 layer rename, reorder, and canvas moves are not DXF finalization (28.118209ms)
✔ ungrouped layer deletion stays on the generic P2 structure authority (19.053833ms)
✔ grouped finalization cannot attest an ordinary preexisting layer (7.180792ms)
✔ freezing and frozen rooms reject new grouped operation application (22.164083ms)
✔ freeze leases reject incomplete groups and fence later grouped appends (18.632959ms)
✔ freezing and frozen rooms reject direct grouped operation append (14.969291ms)
✔ freezing and frozen rooms reject privileged grouped ledger rewrites (47.308083ms)
✔ freeze completion rechecks group completeness after a racing append (18.843916ms)
✔ exact direct grouped undo cannot claim a layer mutation that never happened (43.126584ms)
✔ a privileged empty grouped payload fails at the provenance boundary (5.9425ms)
✔ a privileged fake later operation cannot bridge a history version gap (20.532666ms)
✔ two privileged direct ordinary operations cannot bridge a history version gap (17.718834ms)
✔ grouped layer history rejects an undo targeting another valid layer (34.045ms)
✔ grouped layer history rejects an undo with another valid phase (24.112917ms)
✔ grouped compound history rejects an undo targeting another valid object-source pair (31.304292ms)
✔ exact direct grouped compound history cannot omit object or source mutations (31.692583ms)
✔ DXF history groups fence partial import, undo, redo, and a second undo (255.474542ms)
✔ completed grouped imports remain valid after ordinary layer and object edits (42.49125ms)
✔ the actual INSERT adapter plan persists raw BLOCK-child source lineage (32.832667ms)
✔ DXF source insert reload, strict JSON, retry, and direct DML authority (21.403666ms)
✔ wrong kind, project, SHA, mutable file, and mixed payload fail atomically (16.511833ms)
✔ put object plus source is atomic and its exact inverse deletes source before object (58.751083ms)
✔ an edited DXF object deletes only with its current canonical inverse (23.8475ms)
✔ checkpoint restore and approved clones preserve exact DXF lineage (92.638417ms)
✔ BOQ anchor JSON is exact for DXF and byte-compatible for PDF and IFC (61.805416ms)
The "theme" cookie is not signed, but session cookies should be signed to prevent tampering on the client before they are sent back to the server. See https://reactrouter.com/explanation/sessions-and-cookies#signing-cookies for more information.
✔ every private route guard keeps the requested return address (2.556958ms)
✔ every request-derived private auth redirect preserves Supabase headers (1.525333ms)
✔ private layout redirects anonymous deep links with refreshed session cookies (1.593542ms)
✔ private layout keeps refreshed cookies for authenticated requests (0.439625ms)
✔ public layout preserves refreshed cookies for both redirect and success (0.300625ms)
✔ private leaf actions redirect unauthenticated requests with their return address (0.427041ms)
✔ workspace and project actions authenticate before parsing request bodies (0.392167ms)
✔ the root boundary explains an oversized upload instead of hiding the 413 (5.667042ms)
✔ the root boundary preserves a route-specific 413 explanation (0.834083ms)
✔ the root boundary explains a JavaScript failure in Korean (1.212958ms)
✔ the root boundary uses Korean copy when the failure has no route payload (0.676208ms)
✔ a real non-workspace private match removes public navigation and footer (4.614542ms)
✔ public route matches retain the marketing navigation and footer (17.495166ms)
✔ PDF is an upload kind with page-based help and exact browser acceptance (0.089792ms)
✔ project upload form renders the selected PDF option, help, and exact accept (10.04175ms)
✔ IFC upload matching and browser acceptance remain supported (0.046416ms)
✔ DXF import stays separate from the first-class stored DWG original (6.695917ms)
✔ DWG uploader and both responsive file lists expose native workspace entry (7.364209ms)
✔ verified PDF, IFC, DXF, and DWG uploads all continue in the canonical workspace start (0.147291ms)
✔ workspace-return uploads preserve PDF, DXF, and native DWG kinds (14.071792ms)
✔ a workspace DWG upload returns to the canonical workspace with native preselection (0.331916ms)
✔ a workspace DXF upload returns only to the exact same-project workspace and selects the verified file (3.761083ms)
✔ a workspace PDF upload returns to the exact source-free workspace for attachment (0.10925ms)
✔ verified PDF finalization preserves the validated workspace return (7.848208ms)
✔ browser upload recovery receives a confirmed same-origin destination instead of an early redirect (1.010875ms)
✔ authenticated browser recovery carries refreshed session headers without reauthenticating the stale request (0.8085ms)
✔ read-only project files hide upload controls that the server will reject (3.066167ms)
✔ only owner, staff, and estimator roles may register official artifacts (0.102458ms)
✔ a PDF larger than the Vercel body limit goes only to the Storage adapter (1.221ms)
✔ browser, verifier and finalizer share the same trimmed original filename (0.123916ms)
✔ DXF upload validates extension and MIME before Storage while DWG can remain an other source (0.330167ms)
✔ project upload action trusts only a service-side verification record and atomically finalizes metadata (2.09475ms)
✔ verified DXF finalization preserves a validated workspace handoff and rejects open redirects before consumption (1.663375ms)
✔ verified DWG cannot be mislabeled as a DXF import and remains retryable (0.244667ms)
✔ verified DWG finalization preserves an authorized canonical workspace handoff (0.359667ms)
✔ first-class DWG finalization rejects forged evidence and unauthorized workspace targets (0.939333ms)
✔ upload finalization rejects a browser-only verification claim without touching Storage (0.328959ms)
✔ replaying a consumed verification returns the same immutable file without deleting bytes (0.420375ms)
✔ reviewer and site roles cannot register official preflight or takeoff artifacts (2.21825ms)
✔ atomic finalization failure preserves the verified object for a safe retry (0.291ms)
✔ private route tree retains both the legacy room and the workspace (0.0465ms)
✔ drawing documents open canonically, original sources remain usable, and empty projects start without upload (18.963708ms)
✔ read-only drawing lists never expose workspace creation or legacy source creation traps (2.404166ms)
✔ project root exposes the canonical workspace start and labels a file-and-drawing empty project (8.687542ms)
✔ read-only project root routes the workspace card to the drawing list (3.768083ms)
✔ project root loader preserves zero drawing rows for the canonical empty entry (4.408708ms)
✔ workspace dashboard opens documents canonically, starts empty projects, and preserves preview routing (31.304875ms)
✔ workspace dashboard renders Korean calendar dates identically across server timezones (12.904166ms)
✔ creating a project redirects directly to the canonical workspace start (0.694542ms)
✔ workspace action redirects anonymous requests and preserves session cookies (0.315333ms)
✔ workspace action redirects anonymous malformed requests before validation (0.214625ms)
✔ workspace action keeps malformed authenticated requests at 400 (0.207666ms)
✔ authenticated users create a blank drawing without project or contact input (0.69925ms)
✔ quick-start template and file choices ensure storage without creating a blank document (0.457375ms)
✔ quick-start rejects unknown, duplicate, and forged fields before RPC (0.413709ms)
✔ quick-start authenticates before reading the request body (0.108666ms)
✔ quick-start rejects anonymous sessions before reading the request body (0.0995ms)
✔ quick-start failure is bounded and retries with the original request identity (5.955459ms)
✔ dashboard exposes one quick-start disclosure and real recent drawing links (6.106583ms)
✔ workspace preview shows disabled quick-start choices without production forms (4.440542ms)
✔ read-only dashboard project cards open the drawing list instead of workspace creation (5.309084ms)
✔ workspace loader renders only drawing document IDs as canonical dashboard destinations (8.242667ms)
✔ workspace loader authorizes organization roles with the current user's uncapped memberships (0.728167ms)
✔ workspace loader does not mistake another owner's personal organization for the user's default (0.195917ms)
✔ workspace loader filters projects and metrics to a validated selected organization (0.178541ms)
✔ workspace loader keeps directly shared projects reachable outside organization scope (0.153625ms)
✔ staff shared scope excludes RLS-visible projects without direct membership (0.185292ms)
✔ workspace dashboard renders one active space menu with an accessible selector and drawer (7.306542ms)
✔ shared workspace scope never implies organization management authority (5.862875ms)
✔ every start choice has a contextual submit name and the failed field owns its error (2.558333ms)
✔ bounded catalog recovery notices leave blank and PDF creation usable (1.317417ms)
✔ workspace start presents verified IFC, DXF, and DWG uploads as canonical source choices (1.770459ms)
✔ enqueue is durable before send and stores only the canonical operation (4.988041ms)
✔ flush reports only durable acknowledgements so loader data can revalidate once (0.827958ms)
✔ a transport failure after a durable ACK reports that partial batch once before retry (0.782958ms)
✔ a recorded mutate_structure operation parses and enqueues unchanged (3.226459ms)
✔ new outbox and server operations reject a block instance without lineage (16.748292ms)
✔ referenced-style updates survive the command, operation, outbox, and server boundaries (1.056542ms)
✔ enqueue rejects a malformed nested operation before durable storage (0.287416ms)
✔ a mismatched acknowledgement retains the operation and markAcked is idempotent (0.550416ms)
✔ a mismatched second ACK still reports the earlier durable ACK without retry (0.44025ms)
✔ flush orders the scoped revision and never accepts another revision (0.433709ms)
✔ server-proven conflict dispositions settle the causal suffix and allow a fresh flush (0.756625ms)
✔ connection failures retain data and schedule bounded exponential retries (8.824917ms)
✔ concurrent flush calls never double-send an operation (13.699375ms)
✔ owner and revision scope quarantines shared-browser entries (0.406166ms)
✔ adapter-assigned sequence preserves same-timestamp enqueue order (2.441375ms)
✔ an active flush drains operations durably enqueued before it completes (4.316125ms)
✔ same-realm outbox instances coordinate one scoped send (0.342459ms)
✔ three outbox receivers atomically claim one shared Yjs recovery append (0.395917ms)
✔ an authoritative HTTP ACK is recorded before the active outbox row settles (0.378125ms)
✔ replayable operation history keeps one causal ACK-prefix and pending-suffix snapshot (0.324292ms)
✔ malformed persisted ACK tombstones fail closed before hiding local work (0.213375ms)
✔ cross-tab change notification is scoped and never echoes to its sender (0.26175ms)
✔ cross-tab channel closes on dispose and unsupported browsers fall back (0.176792ms)
✔ dispose cancels scheduled retries and prevents the old instance from sending (0.204833ms)
✔ a replacement instance takes over after the disposed active flush rejects (1.235417ms)
✔ dispose aborts a hung send so the replacement can take over (0.932209ms)
✔ ownerless v1 rows stay quarantined until an editor confirms current-user attribution (0.355166ms)
✔ volatile persistence queues rapid commands and retries all failures in causal order (0.3115ms)
✔ a hung durable enqueue remains visibly saving (0.103667ms)
✔ reload recovery applies exact-base work and retains ambiguous stale work (0.929584ms)
✔ reload recovery never partially applies a conflicted multi-object operation (0.220667ms)
✔ reload recovery restores a pending custom layer with its creation-version base (0.21075ms)
✔ reload recovery replays a P2 structure batch as one atomic unit (0.607667ms)
✔ mixed semantic mutation survives pending crash recovery and chained undo redo (32.003125ms)
✔ mixed semantic recovery consumes an accepted prefix before pending undo (4.059208ms)
✔ mixed semantic recovery distinguishes stale state from a malformed bypass (3.966375ms)
✔ reference-aware object deletion enqueues once and pending recovery stays atomic (1.275ms)
✔ pending reference restore reconstructs exact object and structure tombstones (1.1365ms)
✔ acknowledged reference delete is consumed before its pending undo on offline reload (1.440333ms)
✔ compacted acknowledged add and undo authorize the exact pending redo across reload realms (3.854792ms)
✔ compacted object redo rejects missing lineage, changed payload, and an active UUID owner (2.100083ms)
✔ compacted redo is bound to trusted outbox owner and current revision (28.095375ms)
✔ pending reference restore quarantines mismatched object and structure result versions (3.64325ms)
✔ P2 recovery restores a deleted tombstone at the authoritative inverse version (4.231584ms)
✔ an acknowledged P2 create already present in the loader does not become conflict evidence (0.61875ms)
✔ recovery consumes an acknowledged fresh object add with no object base (0.410083ms)
✔ recovery consumes an acknowledged tombstone restore with the preceding base (0.68475ms)
✔ recovery reconciles acknowledged structure and object additions as one mixed prefix (0.707ms)
✔ acknowledged object additions quarantine noncanonical bases and result versions (1.646042ms)
✔ recovery consumes an acknowledged P2 create then update as one final-state chain (0.5685ms)
✔ recovery reconciles one mixed legacy and P2 acknowledged prefix against its final loader (0.815333ms)
✔ recovery consumes successive acknowledged P2 updates from their final authoritative version (0.592292ms)
✔ recovery consumes acknowledged P2 delete then restore against a final restored loader (10.086375ms)
✔ recovery consumes acknowledged P2 create then delete when the final loader is absent (2.412625ms)
✔ a partially reflected acknowledged P2 chain remains exact conflict evidence atomically (6.948125ms)
✔ a conflicted acknowledged prefix quarantines later pending work without changing the loader (1.362625ms)
✔ a final acknowledged P2 prefix is consumed before the remaining pending operation replays (0.930625ms)
✔ reload recovery does not apply later work from a blocked revision (0.175542ms)
✔ save status exposes only the four workspace states and never calls storage failure saved (0.069709ms)
✔ a failed durable enqueue sends nothing and the same operation can be retried (0.206459ms)
✔ workspace transport posts the canonical operation and requires the echoed acknowledgement id (0.538583ms)
✔ transient RPC action failures remain retryable (0.087125ms)
✔ online reload resends an uncertain acknowledgement before recovery (0.298375ms)
✔ online acknowledgement accepts a final authoritative legacy result version (0.285542ms)
✔ recovery reconciles successive legacy updates against their final effect (0.352417ms)
✔ true acknowledged ambiguity restores durable conflict evidence (0.479833ms)
✔ IndexedDB upgrade preserves v1 records and installs close-on-versionchange (85.636292ms)
✔ an expired IndexedDB recovery lease is automatically taken over and committed (17.07925ms)
✔ legacy recovery claims without a lease timestamp are reclaimable (2.201209ms)
✔ legacy IndexedDB claim alone normalizes missing block-instance lineage and durably rewrites it (3.051375ms)
✔ legacy claim assigns sequences by causal v1 delivery order instead of UUID order (20.689542ms)
✔ versionchange invalidates the cached handle and the adapter reopens (3.0145ms)
✔ blocked IndexedDB initialization rejects and closes a late-success connection (0.52075ms)
✔ offline reload keeps a possibly committed operation pending without false conflict (1.796167ms)
✔ local persistence capability fails closed (0.056583ms)
✔ immutable revisions deny editor/admin persistence and legacy attribution (0.114875ms)
✔ review preparation freezes edits before draining and confirms every scoped queue is empty (0.1325ms)
✔ review preparation refuses pending, terminal, volatile, and quarantined work without submitting (0.204375ms)
✔ operation transport distinguishes terminal rejection from conflict on HTTP 409 (0.142833ms)
✔ conflict discard transport accepts only the exact ordered server dispositions (0.340375ms)
✔ conflict discard transport rejects a reordered, malformed, or retry response (0.250791ms)
✔ conflict discard transport chunks a legacy suffix beyond one server batch (3.824291ms)
✔ source loader returns exact active PDF, IFC, DXF, and native DWG payloads (39.322167ms)
✔ source loader rejects cross-revision evidence (0.368666ms)
✔ source loader rejects native payload attempts to shadow row identity (0.207709ms)
✔ only signed source capability failures use the panel-local unavailable error (0.56175ms)
✔ failed PDF capability retains the authorized catalog and loaded IFC (0.884084ms)
✔ failed IFC capability retains the authorized catalog and loaded PDF (0.266792ms)
✔ PDF source bundle exposes exact predecessor metadata without signing it (0.165667ms)
✔ PDF compare opt-in signs exactly one revalidated predecessor capability (0.269959ms)
✔ PDF compare lazy signer rejects stale edge or inactive page before signing (16.844625ms)
✔ PDF source bundle never guesses a predecessor without one exact supersedes edge (6.531292ms)
✔ workspace view state accepts only strict shareable 2D, 3D, and split values (4.901291ms)
✔ 2D source bundles validate the selected IFC without minting its URL (0.259416ms)
✔ source-free workspaces list project PDF, IFC, DXF, and DWG sources without minting capabilities (0.173167ms)
✔ DWG remains catalog-only and cannot become a primary background source (0.251208ms)
✔ source-free workspaces load a derivative only for the selected IFC (0.225583ms)
✔ an IFC primary also remains unsigned until 3D is requested (0.073125ms)
✔ source bundle signs PDF only and exposes IFC through its derivative descriptor (0.173791ms)
✔ source bundle rejects foreign, mutable, wrong-kind, and malformed-SHA IFC selections before signing (0.315166ms)
✔ canonical block instances require immutable lineage (1.59925ms)
✔ structure actions reject unknown fields and restore exact prior entities (1.581334ms)
✔ canvas creation and deletion require exact recorded layer actions (1.606458ms)
✔ page tree derives every deletion reason from one shared occupancy index (0.471917ms)
✔ page and canvas factories record atomic structural creation and deterministic layer reorder (11.450209ms)
✔ page, canvas, and layer navigation commands reject duplicates, pin defaults, and normalize order (7.133042ms)
✔ canvas factories suffix editable layer names across the page and replay layer order history (0.988292ms)
✔ active canvas slices cache by canonical maps and deletion focus intents survive non-active removal (137.429125ms)
✔ standalone P2 layer creation uses legacy add_layer with canonical canvas fields (1.412417ms)
✔ structure reducer rejects deleting the last page (0.970042ms)
✔ table rows require exactly one object or block instance target (1.280084ms)
✔ resolved style merges a referenced definition with finite validated overrides (1.667459ms)
✔ strict structure actions reject duplicate trimmed style definition names (0.575625ms)
✔ structure object actions require the matching block conversion batch (2.0875ms)
✔ block conversion batches pair a new instance with their new definition (0.297042ms)
✔ objects without a style reference retain complete inline styles (0.387583ms)
✔ structure reduction is atomic, ordered, and keeps inverse versions monotonic (0.725167ms)
✔ default canvases, cross-kind IDs, nested extras, and invalid calendar dates fail closed (1.156125ms)
✔ block conversion primitives must exactly represent the deleted objects (0.545625ms)
✔ block conversion rejects objects from a layer other than its instance layer (0.430875ms)
✔ translation-only block conversion preserves the canonical primitive through its inverse (3.982333ms)
✔ rotated and scaled block conversion is rejected before geometry or style mutation (1.47875ms)
✔ fresh structure entities start at version one and documents cannot lose their final page (0.264292ms)
✔ a fresh empty ledger clones its validated authoritative graph only once (7.092667ms)
✔ a fresh empty ledger reuses an immutable validated hydration without cloning (1.358292ms)
✔ an immutable base proof does not weaken offline ledger replay validation (2.834541ms)
✔ a fabricated authoritative proof is rejected (0.54125ms)
✔ canonical Yjs history hydrates a homogeneous native DWG import group (9.181583ms)
✔ canonical Yjs history rejects native sources labeled as a DXF import (7.828208ms)
✔ canonical Yjs history rejects source kinds alternating across chunks (24.776584ms)
✔ an offline ledger keeps the replay clone and full projection validation path (0.845416ms)
✔ a malformed authoritative base cannot enter the trusted projection path (0.94375ms)
✔ structured projections preserve canonical object and layer map identity (4.319ms)
✔ client bootstrap keeps base metadata local while an offline operation remains projectable (1.130958ms)
✔ projects base plus validated operations and publishes once per Yjs transaction (0.753291ms)
✔ concurrent different-object edits converge in opposite update arrival order (5.707417ms)
✔ authoritative outcome selects a same-object winner without quarantining the room (2.306833ms)
✔ authoritative deletion replays a null result without quarantining the room (0.935167ms)
✔ keeps undo history actor-scoped and excludes acknowledged checkpoint operations (5.671666ms)
✔ prepareLocal is side-effect free and durable append is idempotent (2.102458ms)
✔ a durable new layer projects instead of becoming a provisional conflict (24.889584ms)
✔ bridge normalizes recorded undo and redo while every local and remote transaction projects once (2.881042ms)
✔ bridge durably projects atomic host and two-opening delete undo (12.962666ms)
✔ persisted history reconstructs redo after reload and same-actor cross-tab sync (8.773167ms)
✔ compacted acknowledged add and undo authorize a pending redo over a fresh snapshot (1.18275ms)
✔ compacted redo stays provisional when its acknowledged result lineage is wrong (2.213834ms)
✔ durable enqueue race appends a provisional conflict and boot repair terminates with the remote winner (5.389291ms)
✔ authorization, freeze, and disposal stop mutation without authoring server status (12.680291ms)
✔ a service-released failed review restores draft writability (1.145916ms)
✔ HTTP-only canonical authority ignores a stale realtime freeze without weakening revision freeze (1.57375ms)
✔ malformed or oversized updates quarantine evidence and preserve the last projection (4.070375ms)
✔ waits for local persistence before reporting sync (0.395333ms)
✔ local persistence is isolated by owner and revision without opening legacy v1 (0.11025ms)
✔ SSR never opens drawing IndexedDB (0.078084ms)
✔ rejects an authoritative result-version mismatch (0.505292ms)
✔ an invalid candidate cannot advance the accepted checkpoint boundary (1.356417ms)
✔ a forged inverse quarantines instead of becoming a provisional conflict (0.527958ms)
✔ duplicate authoritative sequences quarantine the projection (0.563084ms)
✔ same durable operation ID from two offline docs converges once in both arrival orders (1.296667ms)
✔ raw operation and order multiplicities must match before canonical dedupe (0.732375ms)
✔ one recovery contribution does not consume the 10,000 unique operation capacity (530.581458ms)
✔ repeated identical recovery contributions converge to one operation (0.912084ms)
✔ local HTTP acknowledgement overlays projection without authoring protected server status (0.733792ms)
✔ server-verified acknowledgement supersedes only a stale pending status (0.609208ms)
✔ server-verified acknowledgement cannot replace an immutable server ACK (0.463084ms)
✔ a canonical checkpoint absorbs stale ACK evidence without rewriting server status (0.350916ms)
✔ checkpoint absorption survives later canonical receipt revalidation (8.13525ms)
✔ checkpoint revalidation rejects a mismatched server ACK beyond the captured boundary (1.721625ms)
✔ same durable ID with any mismatched offline envelope quarantines in 100 CRDT orders (45.351166ms)
✔ unknown top-level Yjs collections quarantine the client projection (0.494709ms)
✔ DWG is a distinct extension-checked source with native workspace destinations (1.037542ms)
✔ DWG browser MIME is normalized before immutable direct storage and metadata (1.055084ms)
✔ verified evidence requires a DWG header and rejects version claims for every other kind (2.346292ms)
✔ finalized evidence requires a DWG header and rejects version claims for every other kind (1.445ms)
✔ actual browser SDK resumes a DWG across MIME reselection using its fingerprint-keyed URL storage (4.630917ms)
✔ actual browser SDK does not adopt DWG sessions with changed file identity, endpoint, or scope (5.247625ms)
✔ non-DWG uploads retain the actual browser SDK default MIME-sensitive fingerprint (0.55775ms)
✔ a matching persisted TUS session resumes and returns its actual object path (0.324ms)
✔ a stale TUS session falls back to the newly generated object path (0.230792ms)
✔ a retry HEAD for a fresh upload cannot restore a stale object path (0.214333ms)
✔ foreign TUS origins and parallel sessions are ignored despite a trusted object path (0.109833ms)
✔ a trusted foreign-project object path is rejected before TUS resume (0.100875ms)
✔ malformed persisted TUS metadata is ignored instead of blocking a fresh upload (0.109833ms)
✔ a numeric persisted object name is ignored and starts a fresh upload (0.132792ms)
✔ only the journaled TUS candidate resumes regardless of candidate order (0.111584ms)
✔ only the journaled TUS candidate resumes regardless of candidate order (0.080334ms)
✔ a trusted path without its matching TUS candidate starts a fresh upload (2.486542ms)
✔ an otherwise-valid old TUS candidate is ignored without a trusted path (0.20525ms)
✔ unavailable local resume storage does not block a fresh upload (0.133292ms)
✔ the resolved source path is journaled before TUS starts and follows a stale fallback (0.585875ms)
✔ a lost TUS creation response cannot strand file bytes before a resumable URL exists (0.098833ms)
✔ the TUS resume key is retained until the completed journal transition succeeds (0.127833ms)
✔ DWG journal and TUS resume retain one normalized MIME across browser MIME changes (0.929708ms)
✔ DWG pending journals reject workspace return targets and noncanonical stored MIME (0.124708ms)
✔ the pending-upload journal survives verification and is removed only after confirmed finalization (0.750209ms)
▶ required initial and completed journal writes fail closed when setItem throws
  ✔ initial (0.143833ms)
  ✔ completed (0.071541ms)
✔ required initial and completed journal writes fail closed when setItem throws (0.435334ms)
▶ required initial and completed journal writes fail closed when setItem returns false
  ✔ initial (0.086292ms)
  ✔ completed (0.071667ms)
✔ required initial and completed journal writes fail closed when setItem returns false (0.258208ms)
✔ verification journal writes fail closed before finalization when setItem throws (0.2615ms)
✔ verification journal writes fail closed before finalization when setItem returns false (0.277125ms)
✔ pending-upload journals reject records without a durable upload identity (0.128584ms)
✔ a stale tab cannot overwrite another upload identity's journal (0.1395ms)
✔ empty journal acquisition is serialized so only one tab can claim a project upload (0.176666ms)
✔ journal mutation fails closed when no cross-context lock is available (0.040625ms)
✔ a stale same-upload writer cannot regress completion, verification, or journal revision (0.131292ms)
✔ clearing one upload compares identities and cannot delete another tab's journal (0.072458ms)
✔ clearing a journal requires the latest revision even when the upload identity matches (0.097625ms)
✔ malformed or cross-project pending uploads are discarded before recovery (0.044875ms)
✔ browser finalization posts the journaled verification and accepts only the same project destination (1.542417ms)
✔ browser finalization uses a dedicated JSON resource route instead of the rendered files page (0.039917ms)
✔ browser finalization preserves an expired-verification status for recovery (0.180625ms)
✔ recovery persists the verifier identity before finalization and skips every uploaded byte (0.099459ms)
✔ an incomplete upload journal never verifies or finalizes before TUS resumes (0.071208ms)
✔ recovery with a persisted verification ID goes directly to idempotent finalization (0.045833ms)
✔ an expired persisted verification is replaced atomically after reverify without uploading bytes (0.101292ms)
✔ an expired verification refresh may retain its service identity while advancing the journal revision (0.132833ms)
✔ a failed reverify retains the expired verification journal for the next recovery (0.097042ms)
✔ 1.1 mixes legacy and Drawing sources with exact quantities (5.48525ms)
✔ 1.1 canonical input byte-sorts every source and normalizes decimals (0.398375ms)
✔ 1.1 canonical input preserves strict DXF entity and unit lineage (0.635416ms)
✔ 1.1 canonical input preserves native DWG report and handle lineage (0.521834ms)
✔ 1.1 canonical business ordering ignores anti-correlated database IDs (1.413417ms)
✔ split legacy allocations require one identical immutable source (0.588417ms)
✔ engine dispatch preserves 1.0 and rejects unavailable versions (0.390625ms)
✔ 1.1 fails closed on split, unit, ID, volume, adjusted, and review errors (0.821792ms)
✔ calculation and approval manifests bind canonical lineage and evidence (0.674458ms)
✔ manifest builders reject stale result and approval hashes (0.650042ms)
✔ download version selection never substitutes another revision for an explicit unknown ID (0.090083ms)
✔ approved XLSX strips invalid XML controls and chunks manifest cells below Excel limits (25.1955ms)
✔ approved XLSX chunks large legacy element-ID evidence into ordered rows (71.308ms)
✔ approved 1.1 export round-trips canonical CSV, XLSX, and lineage manifest without formulas (31.892459ms)
✔ 1.1 result and manifests are independent of order, locale, time, and random (26.065792ms)
✔ verified BOQ 1.1 renders four distinct quantity columns and Drawing mapping UI (9.28225ms)
✔ approved comparison UI renders every cause state and closure without a primary cause (4.833333ms)
✔ approved 1.1 comparison attributes each exact waterfall category (7.461584ms)
✔ approved comparison exposes exact raw and final quantity deltas by row and cause (2.265834ms)
✔ quantity cause waterfall separates adjustment and price without floating arithmetic (1.078708ms)
✔ added and removed rows use exact zero only for the absent side (1.4735ms)
✔ comparison fails closed instead of subtracting quantities with different units (1.045875ms)
✔ comparison keeps multiple visible causes and closes their exact row totals (1.839583ms)
✔ zero-amount semantic changes remain visible in their declared cause (4.027042ms)
✔ comparison reports added and removed rows without inventing a sixth cause (1.316417ms)
✔ a brand-new source and row enters RAW before mapping and price (0.975875ms)
✔ comparison ignores regenerated database IDs and byte-sorts business item codes (1.21925ms)
✔ 1.0 to 1.1 replay exposes the engine switch only as FORMULA (0.51075ms)
✔ byte-identical legacy-adapted inputs still expose a 1.0 to 1.1 engine switch (0.391542ms)
✔ comparison fails closed for unavailable engines ambiguous rows and invalid counterfactuals (0.523083ms)
✔ comparison rejects non-approved or tampered historical results (0.853583ms)
✔ stored approved hashes must match the exact historical replay (0.143167ms)
ℹ tests 900
ℹ suites 0
ℹ pass 899
ℹ fail 1
ℹ cancelled 0
ℹ skipped 0
ℹ todo 0
ℹ duration_ms 35890.797334

✖ failing tests:

test at tests/drawing-native-dwg-export-ui.test.mjs:491:1
✖ browser control ignores a duplicate click before mutating the live request (5236.0715ms)
  locator.waitFor: Timeout 5000ms exceeded.
  Call log:
  [2m  - waiting for getByRole('button', { name: '시험용 DWG 만들기' }) to be visible[22m
  
      at /Users/h/Documents/GoAgent/.worktrees/universal-workspace-m1/platform/tests/drawing-native-dwg-export-ui.test.mjs:519:18
      at async withBrowserControl (/Users/h/Documents/GoAgent/.worktrees/universal-workspace-m1/platform/tests/drawing-native-dwg-export-ui.test.mjs:428:7)
      at async TestContext.<anonymous> (/Users/h/Documents/GoAgent/.worktrees/universal-workspace-m1/platform/tests/drawing-native-dwg-export-ui.test.mjs:492:3) {
    name: 'TimeoutError',
    log: [ "  - waiting for getByRole('button', { name: '시험용 DWG 만들기' }) to be visible" ]
  }
