✔ reader rejects mismatched original-byte identity through a bounded public failure (1.110459ms)
✔ reader rejects high-bit aliases of the six ASCII header bytes before native execution (7.021625ms)
✔ actual native process errors stay bounded and clean the owned temporary directory (217.974917ms)
✔ reader refuses to delete a replacement directory at its former owned path (973.662042ms)
✔ actual .NET reader returns an original-byte report consumable by the real projector (930.022041ms)
✔ encoder snapshots exact bytes with a literal big endian 16 byte header and frozen identities (59.445125ms)
✔ encoder rejects unbound source, malformed metadata, handles, types, UTF8, BOM and bounded lengths (20.6275ms)
✔ encoder preserves native geometry and duplicate-key validation bytes without reserialization (0.41825ms)
✔ decoder accepts strict literal success frame and exact output identities (0.476083ms)
✔ decoder rejects malformed framing, UTF8/BOM, lengths, altered DWG and trailing bytes (0.461917ms)
✔ decoder rejects extra shape, changed bindings, handle order/count and authority-bearing status (1.316333ms)
✔ resaver fixes command, ownership and 2GiB without accepting profile overrides (60.256542ms)
✔ success streams literal frame and returns only verified bytes after both cleanup stages (817.383875ms)
✔ request and source mismatches, host configuration and abort fail before Docker spawn (1.935333ms)
✔ resaver refuses wrong image protocol and unenforced resources before create (2941.916042ms)
✔ actual receipt deviations prevent start and clean exact owned identity (6411.29725ms)
✔ stderr, nonzero, OOM, overflow, malformed and mismatched reports fail closed (10559.553958ms)
✔ uncertain create outcomes reconcile by owned name and foreign identity is preserved (3468.079917ms)
✔ source-mutation at start prevents publication after owned cleanup (697.071791ms)
✔ request-mutation at start prevents publication after owned cleanup (780.264291ms)
✔ abort at start prevents publication after owned cleanup (614.997708ms)
✔ source-mutation at removal prevents publication after owned cleanup (1186.420584ms)
✔ request-mutation at removal prevents publication after owned cleanup (1075.389959ms)
✔ abort at removal prevents publication after owned cleanup (1074.879958ms)
✔ source-mutation at config-cleanup prevents publication after owned cleanup (672.130875ms)
✔ request-mutation at config-cleanup prevents publication after owned cleanup (765.82225ms)
✔ abort at config-cleanup prevents publication after owned cleanup (676.984084ms)
✔ bounded outer deadline still performs independent cleanup (1595.059791ms)
✔ replaced private CLI directory is preserved and resave fails (997.208458ms)
✔ approved cloned LINE uses source handle and frozen centimeters; empty default layer and no-op survive (10.331084ms)
▶ rehashed malicious anchors and unsupported canonical edits fail instead of being normalized
  ✔ handle (1.712125ms)
  ✔ ownerHandle (2.548ms)
  ✔ layerHandle (1.028334ms)
  ✔ entityType (0.918625ms)
  ✔ sourceLayer (1.008125ms)
  ✔ unitCode (0.99725ms)
  ✔ unitSource (0.976667ms)
  ✔ analysisJobId (1.023333ms)
  ✔ reportSha256 (1.167625ms)
  ✔ sourceFileId (1.092875ms)
  ✔ sourceSha256 (1.414458ms)
  ✔ revisionId (0.351166ms)
  ✔ importerVersion (0.583583ms)
  ✔ missing source (1.332917ms)
  ✔ duplicate source (2.70375ms)
  ✔ missing object (0.361458ms)
  ✔ added object (1.186708ms)
  ✔ wrong object anchor (0.355375ms)
  ✔ renamed layer (0.911542ms)
  ✔ layer visibility (0.91075ms)
  ✔ layer lock (0.957583ms)
  ✔ layer kind (0.89975ms)
  ✔ layer order (0.853792ms)
  ✔ object relayer (0.851375ms)
  ✔ renamed object (1.007875ms)
  ✔ object style (1.022958ms)
  ✔ background (0.318833ms)
  ✔ extra page (0.378834ms)
✔ rehashed malicious anchors and unsupported canonical edits fail instead of being normalized (30.102ms)
▶ strict envelopes, snapshot/report hashes, approval and source scope are required
  ✔ snapshot bytes (0.1355ms)
  ✔ report bytes (0.136041ms)
  ✔ report size (0.104333ms)
  ✔ draft (0.211ms)
  ✔ unapproved (0.177167ms)
  ✔ foreign project (0.141375ms)
  ✔ wrong requested canvas (0.111417ms)
  ✔ wrong requested version (0.107708ms)
  ✔ unit override (0.506583ms)
  ✔ private source descriptor (0.143ms)
  ✔ caller edits (0.075458ms)
✔ strict envelopes, snapshot/report hashes, approval and source scope are required (2.169709ms)
✔ RPC loader forwards only validated scope and returns compiled results or a bounded error (1.380125ms)
▶ same analysis revision requires exact native layer, object and source identities after rehashing
  ✔ layer (7.061959ms)
  ✔ object (2.615667ms)
  ✔ source (2.505084ms)
  ✔ all (2.355917ms)
  ✔ document (1.646625ms)
  ✔ canvas (3.642875ms)
✔ same analysis revision requires exact native layer, object and source identities after rehashing (20.159167ms)
✔ approved original and clone compile all five geometry types with native handle ordering (20.824958ms)
✔ production create argv fixes confinement and the native command (58.763833ms)
✔ configuration, abort and exact raw source validation happen before Docker spawn (12.339583ms)
✔ successful transport requires owned stopped receipt, exact bytes and clean CLI environment (1126.43275ms)
✔ daemon profile deviations fail before start and remove only the owned container (9387.068959ms)
✔ live, nonzero, OOM, malformed, overflowing and source-mismatched reports never succeed (7069.252792ms)
✔ lost or malformed create receipts reconcile exact name once and clean owned identity (2875.156166ms)
✔ outer deadline and cancellation use separate cleanup authority (3152.541625ms)
✔ caller bytes are snapshotted before awaits and mutation prevents publication (947.883333ms)
✔ foreign ownership is never permission to start or delete (1359.501917ms)
✔ unenforced daemon limits and image-provided volumes are refused before create (4530.9175ms)
✔ validated Docker configuration is captured before caller mutation (940.340542ms)
✔ unexpected stderr, BOM and overflowing metadata fail closed (1894.775417ms)
✔ caller mutation while cleanup runs still prevents report publication (1072.0445ms)
✔ an extra network attachment or changed shared-memory limit prevents start (1285.11025ms)
✔ every CLI command uses a private empty config, avoiding hostile home fallback and cleaning on failure (1324.575125ms)
✔ replacement of the owned CLI config directory is preserved and fails the read (681.424375ms)
✔ caller mutation during private config cleanup prevents publication (669.64275ms)
✔ caller cancellation during private config cleanup prevents publication (775.961167ms)
✔ converts only a changed centimeter LINE endpoint back to the original handle and native units (9.472917ms)
✔ retains an unchanged raw native endpoint instead of reconstructing it from six-decimal display geometry (6.64825ms)
✔ emits v2 CIRCLE geometry and converts a changed centimeter radius (3.645208ms)
✔ retains unchanged raw LWPOLYLINE vertices while converting changed vertices and closed (2.468291ms)
✔ rejects distinct projected LWPOLYLINE points that collapse to one native point (2.553834ms)
✔ retains raw ARC angle pairs for geometry-only edits, including wrapped angles (3.241125ms)
✔ converts edited ARC angles to a positive non-normalized full turn (1.760708ms)
✔ emits changed TEXT insert, height, and text in native units (3.991625ms)
✔ compiles a nonzero-start full turn within the strict native angle bound (3.538542ms)
▶ rejects prospective TEXT content and height extents with frozen units without mutating a batch
  ✔ millimeter content growth (1.725042ms)
  ✔ millimeter height growth (1.237542ms)
  ✔ declared centimeter content growth (1.278042ms)
  ✔ selected centimeter height growth (1.369542ms)
✔ rejects prospective TEXT content and height extents with frozen units without mutating a batch (5.989875ms)
✔ uses the frozen inch projection when compiling changed geometry (2.72325ms)
✔ emits null for an unchanged projection even when object order changes or versions increase (0.971875ms)
✔ a valid TEXT value change retains raw placement and edits sort by numeric native handle (1.746417ms)
▶ rejects new, missing, and duplicate object identities
  ✔ new object (0.748167ms)
  ✔ missing object (0.757208ms)
  ✔ duplicate object (0.715417ms)
✔ rejects new, missing, and duplicate object identities (2.821917ms)
▶ rejects immutable object metadata and geometry-kind changes
  ✔ name (2.681292ms)
  ✔ layer (0.649083ms)
  ✔ style (0.708833ms)
  ✔ style binding (0.58925ms)
  ✔ geometry kind (0.533541ms)
✔ rejects immutable object metadata and geometry-kind changes (5.831916ms)
✔ rejects TEXT width changes atomically after an otherwise valid edit (0.889459ms)
▶ rejects negative edited ARC sweeps and non-font TEXT style changes atomically
  ✔ negative sweep (0.599959ms)
  ✔ TEXT stroke (0.536958ms)
✔ rejects negative edited ARC sweeps and non-font TEXT style changes atomically (1.576166ms)
▶ rejects decreasing versions and invalid edited-object schema before compiling any request
  ✔ decreased version (2.154291ms)
  ✔ unknown object field (0.911584ms)
  ✔ zero-length LINE (1.025375ms)
✔ rejects decreasing versions and invalid edited-object schema before compiling any request (4.616042ms)
▶ rejects invalid selected-DWG plain TEXT values
  ✔ empty (0.673917ms)
  ✔ too long (0.672542ms)
  ✔ unpaired surrogate (0.569209ms)
  ✔ terminal high surrogate (0.547583ms)
  ✔ control (0.614209ms)
  ✔ line separator (0.610667ms)
  ✔ CAD percent escape (0.67825ms)
  ✔ CAD field (0.68225ms)
✔ rejects invalid selected-DWG plain TEXT values (5.709584ms)
✔ rejects edited geometry outside the projected extent (1.153541ms)
✔ rejects more than 100,000 aggregate edited LWPOLYLINE vertices (149.093042ms)
✔ rejects a compact UTF-8 request above the native consumer's 2 MiB limit (14.206334ms)
✔ approved native template returns an unchanged CAD manifest and separate deterministic authority lineage (21.144541ms)
✔ approved native lineage orders same-id issue links by object id independently of input order (15.636042ms)
✔ approved literal canonical line projects exact independent CAD geometry (1.250542ms)
✔ loader calls the authenticated read-only RPC once with only exact named scope (4.340917ms)
▶ request and returned authority scope must match exactly
  ✔ project (1.214625ms)
  ✔ document (0.645917ms)
  ✔ revision (0.589542ms)
  ✔ version (0.557167ms)
  ✔ canvas (0.517083ms)
  ✔ digest (0.639167ms)
✔ request and returned authority scope must match exactly (4.577792ms)
▶ tampered or malformed PostgreSQL text never becomes an approved source
  ✔ tampered text (0.707833ms)
  ✔ wrong hash (0.597583ms)
  ✔ malformed hashed JSON (0.467375ms)
✔ tampered or malformed PostgreSQL text never becomes an approved source (1.953208ms)
▶ revision, approval and canonical identity must remain approved and exact
  ✔ reviewed status (0.569708ms)
  ✔ draft status (0.482791ms)
  ✔ wrong decision (0.457625ms)
  ✔ revision sequence (0.644459ms)
  ✔ operation sequence (0.621459ms)
  ✔ canonical project (0.600917ms)
  ✔ canonical document (0.60125ms)
✔ revision, approval and canonical identity must remain approved and exact (4.225416ms)
▶ native projection rejects missing profiles, sources, backgrounds, extra canvases and unsupported geometry
  ✔ missing persisted profile (0.944708ms)
  ✔ object source (4.216834ms)
  ✔ canvas background (2.942833ms)
  ✔ additional canvas (1.135459ms)
  ✔ unsupported entity (1.077625ms)
✔ native projection rejects missing profiles, sources, backgrounds, extra canvases and unsupported geometry (10.630417ms)
✔ canonical preimage is bounded before parsing (32.470167ms)
▶ strict malformed requests and payloads fail without calling RPC
  ✔ request 1 (0.149833ms)
  ✔ request 2 (0.066291ms)
  ✔ request 3 (0.09375ms)
  ✔ request 4 (0.051416ms)
  ✔ request 5 (0.043083ms)
✔ strict malformed requests and payloads fail without calling RPC (2.4475ms)
▶ RPC exceptions, returned errors, nulls and malformed payloads use one bounded error with no fallback
  ✔ exception (0.115209ms)
  ✔ returned error (0.07875ms)
  ✔ null (0.111875ms)
  ✔ malformed (0.135917ms)
✔ RPC exceptions, returned errors, nulls and malformed payloads use one bounded error with no fallback (0.955083ms)
ℹ tests 186
ℹ suites 0
ℹ pass 186
ℹ fail 0
ℹ cancelled 0
ℹ skipped 0
ℹ todo 0
ℹ duration_ms 39216.899291
