
Running 3 tests using 1 worker

(node:40933) Warning: The 'NO_COLOR' env is ignored due to the 'FORCE_COLOR' env being set.
(Use `node --trace-warnings ...` to show where the warning was created)


[1/3] [chromium] › e2e/drawing-workspace-shell.spec.ts:895:1 › architectural object tools remain accessible without page overflow on desktop and tablet
(node:40948) Warning: The 'NO_COLOR' env is ignored due to the 'FORCE_COLOR' env being set.
(Use `node --trace-warnings ...` to show where the warning was created)


[2/3] [chromium] › e2e/drawing-workspace-shell.spec.ts:895:1 › architectural object tools remain accessible without page overflow on desktop and tablet
  1) [chromium] › e2e/drawing-workspace-shell.spec.ts:895:1 › architectural object tools remain accessible without page overflow on desktop and tablet 

    Error: expect(locator).toBeFocused() failed

    Locator:  getByRole('button', { name: '건축 객체' })
    Expected: focused
    Received: inactive
    Timeout:  5000ms

    Call log:
      - Expect "toBeFocused" with timeout 5000ms
      - waiting for getByRole('button', { name: '건축 객체' })
        14 × locator resolved to <button type="button" aria-label="건축 객체" data-state="closed" aria-haspopup="menu" id="radix-_R_4vajj5_" aria-expanded="false" data-slot="dropdown-menu-trigger" class="inline-flex items-center justify-center whitespace-nowrap text-sm font-medium transition-all disabled:pointer-events-none disabled:opacity-50 [&_svg]:pointer-events-none [&_svg:not([class*='size-'])]:size-4 shrink-0 [&_svg]:shrink-0 cursor-pointer outline-none focus-visible:border-ring focus-visible:ring-ring/50 focus-visible:ring-[3px] …>…</button>
           - unexpected value "inactive"


      985 |     await page.keyboard.press("Escape");
      986 |     await expect(page.getByRole("menuitem", { name: "벽 도구" })).toBeHidden();
    > 987 |     await expect(semanticTrigger).toBeFocused();
          |                                   ^
      988 |     const overflow = await page.evaluate(() => {
      989 |       const toolbar = document.querySelector('[aria-label="캔버스 도구"]');
      990 |       return {
        at /Users/h/1hk-r2-restore-uvc74K/platform/e2e/drawing-workspace-shell.spec.ts:987:35

    Error Context: test-results/drawing-workspace-shell-ar-83ea9-rflow-on-desktop-and-tablet-chromium-repeat1/error-context.md


(node:40961) Warning: The 'NO_COLOR' env is ignored due to the 'FORCE_COLOR' env being set.
(Use `node --trace-warnings ...` to show where the warning was created)


[3/3] [chromium] › e2e/drawing-workspace-shell.spec.ts:895:1 › architectural object tools remain accessible without page overflow on desktop and tablet
  2) [chromium] › e2e/drawing-workspace-shell.spec.ts:895:1 › architectural object tools remain accessible without page overflow on desktop and tablet 

    Error: expect(locator).toBeFocused() failed

    Locator:  getByRole('button', { name: '건축 객체' })
    Expected: focused
    Received: inactive
    Timeout:  5000ms

    Call log:
      - Expect "toBeFocused" with timeout 5000ms
      - waiting for getByRole('button', { name: '건축 객체' })
        14 × locator resolved to <button type="button" aria-label="건축 객체" data-state="closed" aria-haspopup="menu" id="radix-_R_4vajj5_" aria-expanded="false" data-slot="dropdown-menu-trigger" class="inline-flex items-center justify-center whitespace-nowrap text-sm font-medium transition-all disabled:pointer-events-none disabled:opacity-50 [&_svg]:pointer-events-none [&_svg:not([class*='size-'])]:size-4 shrink-0 [&_svg]:shrink-0 cursor-pointer outline-none focus-visible:border-ring focus-visible:ring-ring/50 focus-visible:ring-[3px] …>…</button>
           - unexpected value "inactive"


      985 |     await page.keyboard.press("Escape");
      986 |     await expect(page.getByRole("menuitem", { name: "벽 도구" })).toBeHidden();
    > 987 |     await expect(semanticTrigger).toBeFocused();
          |                                   ^
      988 |     const overflow = await page.evaluate(() => {
      989 |       const toolbar = document.querySelector('[aria-label="캔버스 도구"]');
      990 |       return {
        at /Users/h/1hk-r2-restore-uvc74K/platform/e2e/drawing-workspace-shell.spec.ts:987:35

    Error Context: test-results/drawing-workspace-shell-ar-83ea9-rflow-on-desktop-and-tablet-chromium-repeat2/error-context.md


  2 failed
    [chromium] › e2e/drawing-workspace-shell.spec.ts:895:1 › architectural object tools remain accessible without page overflow on desktop and tablet 
    [chromium] › e2e/drawing-workspace-shell.spec.ts:895:1 › architectural object tools remain accessible without page overflow on desktop and tablet 
  1 passed (30.4s)
