✔ canonical drawing objects require an exact trimmed name (2.184875ms)
✔ canonical loaded layers reject corrupt source state without widening browser input (0.227042ms)
✔ mutate_structure records strict forward and inverse payloads (2.437292ms)
✔ PDF calibration converts exact input units and emits one versioned canvas action (0.550458ms)
✔ object and block assumptions persist or clear evidence reason in one structure command (0.872167ms)
✔ property-value undo resolves locked object and block owners from its recorded inverse (1.4985ms)
✔ add appends an operation with an inverse and leaves its input state unchanged (0.2005ms)
✔ update moves an object and records the version it was based on (0.255709ms)
✔ update records and restores an object's trimmed name (0.225542ms)
✔ style preset reset replaces the stored override and undo redo preserves it (0.633ms)
✔ delete removes an object and records an add inverse (0.202209ms)
✔ adding a copy uses its supplied new ID without changing the source object (0.171625ms)
✔ object mutations on a locked layer fail with the domain lock error (0.317792ms)
✔ undo appends an inverse without deleting another actor's separate command (0.215625ms)
✔ add undo redo realizes exact tombstone bases and monotonic versions (0.242542ms)
✔ delete undo redo advances through tombstone restore and tombstone versions (0.302ms)
✔ undo returns a conflict when another actor changed its target object (0.171791ms)
✔ undo then redo append new operations and keep the original history target (0.225458ms)
✔ a redone operation can be undone again without a false version conflict (0.215834ms)
✔ redo reapplies a version-aware selection move against the post-undo version (0.310583ms)
✔ update_layer appends a valid inverse and supports actor-scoped undo and redo (0.164875ms)
✔ undo of a layer update conflicts when another actor changed that layer (0.071666ms)
✔ add_layer remains non-undoable without a delete_layer command (0.056375ms)
✔ layer commands trim unique names and preserve one active editable user layer (0.308041ms)
✔ inspector builds one version-aware all-or-nothing multi-object command (0.456542ms)
✔ inspector text changes are available only when every target is text (0.171333ms)
✔ line click-click snaps both committed points and emits one add command (0.301875ms)
✔ object-snapped measurable tools commit six-decimal geometry (0.430958ms)
✔ polyline multi-click plus Enter snaps every vertex into one command (0.106875ms)
✔ rectangle drag normalizes an up-left drag after snapping (0.039334ms)
✔ circle center-radius drag commits the snapped Euclidean radius (0.034417ms)
✔ text Enter ignores empty input and commits non-empty text at a snapped origin (0.049709ms)
✔ dimension commits explicit calibrated or visibly uncalibrated evidence (0.136083ms)
✔ dimension adapter applies the canonical perpendicular offset (0.056167ms)
✔ Shift constrains line and dimension endpoints to 45-degree increments (0.089875ms)
✔ Escape cancels without a command and Backspace removes the last polyline point (0.06625ms)
✔ repeat mode keeps the completed drawing tool active (0.03675ms)
✔ tool event adapter converts Stage-relative screen points to world points before canonical snap (0.308333ms)
✔ tool event adapter models drag preview and pointer capture through release (0.088333ms)
✔ tool event adapter ignores Chrome pointer detail and commits one terminal polyline vertex (0.0875ms)
✔ double-click cannot create a polyline command with fewer than two vertices (0.042666ms)
✔ tool event adapter owns Enter, Backspace, Escape, and text submission (0.148667ms)
✔ edit downgrade invalidates a live tool session before any later commit (0.052083ms)
✔ layer switch cancels drag and releases capture instead of committing into the new layer (0.055333ms)
✔ selection adapter confirms candidate clicks against domain bounds and Shift toggles (0.52325ms)
✔ marquee uses world-space intersection and canonical rotated bounds (0.132375ms)
✔ direct and marquee selection exclude hidden and locked layers (0.202958ms)
✔ selection drag keeps preview transient and emits one snapped multi-object update (0.110958ms)
✔ drag snapshots selected versions and rejects a mid-drag version change (0.10325ms)
✔ drag rejects same-version geometry replacement instead of moving newer geometry (0.058667ms)
✔ drag sync releases capture when one snapshot layer becomes ineligible (0.078417ms)
✔ an advisory peer lock preserves selection but blocks and cancels only its drag (0.083375ms)
✔ remote selection bounds include canonical block-instance render items (0.071417ms)
✔ selection handles stay screen-sized across zoom levels (0.033125ms)
✔ selection hit bounds expand thin canonical bounds by a fixed screen tolerance (0.066834ms)
✔ selection candidates expand hits only after hidden and locked exclusion (0.065083ms)
✔ arrow moves use millimeters and mutation commands filter locked or hidden objects (0.215ms)
✔ copy strips identity and paste creates strict fresh objects at 20 mm (0.265959ms)
✔ referenced-style copy fails closed unless it explicitly resolves to portable inline style (0.161958ms)
✔ workspace duplicate preserves a referenced style within its document (430.503ms)
✔ workspace storage failures expose a bounded diagnostic without dumping arbitrary values (0.249917ms)
✔ workspace block mutation adapter no-ops hidden, locked, and mixed selections until every owning layer is editable (0.890791ms)
✔ duplicate and Delete create add and delete commands without mutating originals (0.174291ms)
✔ workspace shortcuts support Cmd and Ctrl variants with guarded focus (0.204792ms)
✔ native dialog descendants own Backspace, Delete, and Cmd shortcuts (0.084709ms)
✔ command registry filters Korean labels and stable IDs case-insensitively (0.109709ms)
✔ command menu Enter only runs the selected enabled command and Escape closes (0.08925ms)
✔ editing context fails closed unless capability and an active layer both allow edits (0.113417ms)
✔ P0/P1 geometry default names remain unchanged (0.790916ms)
✔ world coordinates round-trip independently from viewport pixels (0.102167ms)
✔ pointer-centered zoom preserves the world point and clamps finite zoom (0.180625ms)
✔ PDF source contain placement preserves portrait and landscape aspect ratios (0.136208ms)
✔ canvas cursor follows Space and pan transitions without stale ref state (0.069375ms)
✔ pan gesture activates only for pan tool, Space, or middle button (0.121ms)
✔ pan gesture moves from its start viewport and ends on release, cancel, or blur (0.115416ms)
✔ PDF calibration converts normalized page distance to millimeters (0.117958ms)
✔ snapping uses a screen-pixel tolerance converted through zoom (0.1245ms)
✔ geometry bounds enclose every P0/P1 geometry (1.412667ms)
✔ geometry rejects non-finite coordinates, degenerate lengths, and NUL text (1.705792ms)
✔ calibration rejects coincident points and non-positive physical lengths (0.082ms)
✔ object snapping wins ties and leaves distant points unchanged (0.057417ms)
✔ rectangle snap points are its real rotated corners (0.157334ms)
✔ snap points expose meaningful canonical points for every geometry (0.0705ms)
✔ collaboration entitlement disables network transports without disabling the local editor (6.150583ms)
✔ cross-tab outbox wakeups reuse reconciliation without re-enqueueing settled operations (4.782166ms)
✔ queued DXF operations recover one exact attestation before transport (2.443708ms)
✔ a terminal conflict freezes editing and exposes an authoritative suffix reset (1.779083ms)
✔ an authoritative conflict settlement reloads even when local cache cleanup fails (0.510375ms)
✔ P2 revision fallback projects nested page envelopes to canonical pages (4.532167ms)
✔ audited export launcher stays disabled until outbox and canonical save are settled (6.891375ms)
✔ audited export waits for the acknowledged checkpoint to be installed after revalidation (0.082625ms)
✔ drawing export keeps one pending request identity until success or options change (0.084125ms)
✔ drawing export audit refuses a followed login redirect as an artifact (0.871792ms)
✔ drawing export audit refuses a successful response with the wrong content type (0.182292ms)
✔ estimate result rail renders server amounts, gap names, and BOQ navigation accessibly (5.017459ms)
✔ viewer estimate rail keeps read-only BOQ access without the rate mutation entry (1.766791ms)
✔ estimate result rail exposes the approved binding control names (3.214834ms)
✔ workspace shell mounts accessible result and object inspector panels (25.349416ms)
✔ estimate result rail keeps assumption reasons and confirmed exports distinct (2.643583ms)
✔ scale control exposes bounded source-free, PDF calibration, and read-only states (0.536666ms)
✔ assumption evidence validates and stale reasons clear in the same property value batch (0.172709ms)
✔ review rejection version fences the prior browser freeze request (0.041083ms)
✔ review submit stays disabled until local commands and every save boundary are settled (0.053334ms)
✔ navigation protection includes commands queued before durable outbox storage (1.969666ms)
✔ workspace query mutations merge with the latest same-route navigation intent (0.112459ms)
✔ save guard contract: history revert enters the tracked mutation queue (0.58525ms)
✔ save guard contract: checkpoint restore enters the tracked mutation queue (0.429458ms)
✔ save guard contract: external settled ACK starts revalidation before reconciliation awaits (0.45125ms)
✔ save guard contract: DXF readiness stays closed during router revalidation (0.722791ms)
✔ DXF import waits for the latest acknowledged checkpoint to be installed (0.495542ms)
✔ review preparation freezes admission before draining accepted commands and persistence (0.233875ms)
✔ review freeze blocks mutation commands from toolbar and keyboard entry points (0.098875ms)
✔ workspace SSR shell opens the object inspector by default for author mode (12.099083ms)
✔ workspace makes modes, tools, and business lineage visible without icon guesswork (11.783167ms)
✔ business lineage points to the earliest missing link (0.22975ms)
✔ split view remains a real two-pane workspace on tablet widths (0.814542ms)
✔ tablet toolbar gives labeled tools their intrinsic width (0.3485ms)
✔ architectural tool menu uses the existing portalled dropdown trigger (8.120875ms)
✔ quantity lineage status belongs only to the selected drawing object (0.086791ms)
✔ quantity lineage never reuses stale rows while a new selection loads (0.052542ms)
✔ material lineage belongs only to an exact selected object BOQ link (0.055667ms)
✔ every measurable primitive can request its quantity lineage (0.845541ms)
✔ selecting another measurable object clears stale exact BOQ evidence scope (0.6525ms)
✔ entering a creation tool clears stale URL selection authority (0.593667ms)
✔ selection lineage URL sync waits for an authoritative object checkpoint (0.106958ms)
✔ a mutation tracks a pending single-object lineage selection before its URL commits (0.075959ms)
✔ exact BOQ lineage focus applies once per tuple and then yields to user selection (0.116042ms)
✔ authorized deep-link selection survives collaboration authorization initialization (0.073833ms)
✔ losing write authority preserves the viewer's object selection (0.581042ms)
✔ lineage object existence follows the installed authoritative checkpoint (0.056709ms)
✔ lineage URL clears synchronously only from the installed document state (0.042083ms)
✔ lineage focus requires the object's active layer ancestry (0.073375ms)
✔ lineage focus clears every URL authority field after its object is deleted (0.034292ms)
✔ workspace dock shortcuts recover both desktop docks outside editable controls (0.079833ms)
✔ split view preserves the lineage inspector and collapses only the left dock on compact desktop widths (0.052708ms)
✔ page and layer creation fail closed before the durable bridge is ready (16.231125ms)
✔ workspace creation and export copy stays Korean (0.419625ms)
✔ workspace SSR shell exposes independent tool and inspector tablists accessibly (7.554916ms)
✔ workspace panel tabs wrap with arrows and jump with Home and End (0.131958ms)
✔ inspector tabs wrap with arrows and jump with Home and End (0.046417ms)
✔ local preview uses project-owned drawing copy (6.512458ms)
✔ local preview exposes its inert connected realtime state in the workspace top bar (7.66475ms)
✔ workspace offers the native export dialog to editors and viewers (11.924708ms)
✔ source-free documents keep the blank canvas and audited export launcher (30.610334ms)
✔ source renderer failure stays local while canvas and result inspector remain mounted (31.200791ms)
✔ a PDF or IFC capability failure does not hide the independent DXF upload path (0.87125ms)
✔ draft editors can upload a first or revised DXF while viewers and approved revisions cannot (85.619458ms)
✔ one export deadline times out at 30 seconds and disposes its timer once (0.212791ms)
✔ user cancellation is idempotent and distinct from timeout (0.085791ms)
✔ real export lifecycle times out a stalled executor, clears its gate, and admits a second run (0.473375ms)
✔ real export lifecycle cancels a stalled disposer once without blocking the next run (0.227459ms)
✔ native download revokes its Blob URL exactly once even when click fails (0.167084ms)
✔ P5 synthetic derivative descriptor is byte-exact to its public assets (2.362542ms)
✔ P2 local drawing preview is registered outside the authenticated workspace (0.168583ms)
✔ P5 local PDF resources serve real no-store bytes only on development loopback (2.644916ms)
✔ current PDF resource matches its immutable preview descriptor and public fixture (10.465458ms)
✔ current PDF resource rejects non-loopback and production requests (0.447208ms)
✔ P2 preview server module does not import browser-only state modules (0.432041ms)
✔ P2 local drawing preview loader allows only development loopback (1.611792ms)
✔ current canonical preview opens the editable 2D canvas before loading IFC (3.071917ms)
✔ synthetic IFC preview is visibly labeled as a non-original mapping example (0.327416ms)
✔ awareness harness uses its legacy fixture with explicit IFC opt-in (2.102584ms)
✔ P5 local baseline contains exactly 10,000 objects and 2,000 immutable IFC links (389.995958ms)
✔ P5 preview exposes a controlled IFC pair without putting its URL in drawing state (1.732833ms)
✔ P5 preview exposes one exact PDF predecessor edge without canonical compare state (1.27525ms)
✔ P4 vertical preview exposes only mounted-workspace test instrumentation (3.066334ms)
✔ P2 preview fixture is a strict, hydrated P2 graph (0.582833ms)
✔ local IFC preview fixture carries a source-bound immutable derivative contract (0.07625ms)
✔ P4 preview is visibly populated with canonical hosted objects and schedules (1.288708ms)
✔ P2 preview action validates operations and only echoes safe local operations (1.676291ms)
ℹ tests 170
ℹ suites 0
ℹ pass 170
ℹ fail 0
ℹ cancelled 0
ℹ skipped 0
ℹ todo 0
ℹ duration_ms 1338.725125
