✔ canonical drawing objects require an exact trimmed name (2.313791ms)
✔ canonical loaded layers reject corrupt source state without widening browser input (0.230875ms)
✔ mutate_structure records strict forward and inverse payloads (2.676084ms)
✔ PDF calibration converts exact input units and emits one versioned canvas action (0.606167ms)
✔ object and block assumptions persist or clear evidence reason in one structure command (0.999667ms)
✔ property-value undo resolves locked object and block owners from its recorded inverse (1.580125ms)
✔ add appends an operation with an inverse and leaves its input state unchanged (0.206583ms)
✔ update moves an object and records the version it was based on (0.269542ms)
✔ update records and restores an object's trimmed name (0.216ms)
✔ style preset reset replaces the stored override and undo redo preserves it (0.79125ms)
✔ delete removes an object and records an add inverse (0.228625ms)
✔ adding a copy uses its supplied new ID without changing the source object (0.176167ms)
✔ object mutations on a locked layer fail with the domain lock error (0.318459ms)
✔ undo appends an inverse without deleting another actor's separate command (0.211083ms)
✔ add undo redo realizes exact tombstone bases and monotonic versions (0.240959ms)
✔ delete undo redo advances through tombstone restore and tombstone versions (0.4735ms)
✔ undo returns a conflict when another actor changed its target object (0.187709ms)
✔ undo then redo append new operations and keep the original history target (0.230583ms)
✔ a redone operation can be undone again without a false version conflict (0.24875ms)
✔ redo reapplies a version-aware selection move against the post-undo version (0.300583ms)
✔ update_layer appends a valid inverse and supports actor-scoped undo and redo (0.175125ms)
✔ undo of a layer update conflicts when another actor changed that layer (0.07375ms)
✔ add_layer remains non-undoable without a delete_layer command (0.057334ms)
✔ layer commands trim unique names and preserve one active editable user layer (0.297833ms)
✔ inspector builds one version-aware all-or-nothing multi-object command (0.44875ms)
✔ inspector text changes are available only when every target is text (0.173917ms)
✔ line click-click snaps both committed points and emits one add command (0.31125ms)
✔ object-snapped measurable tools commit six-decimal geometry (0.494667ms)
✔ polyline multi-click plus Enter snaps every vertex into one command (0.109791ms)
✔ rectangle drag normalizes an up-left drag after snapping (0.0395ms)
✔ circle center-radius drag commits the snapped Euclidean radius (0.035292ms)
✔ text Enter ignores empty input and commits non-empty text at a snapped origin (0.04775ms)
✔ dimension commits explicit calibrated or visibly uncalibrated evidence (0.135875ms)
✔ dimension adapter applies the canonical perpendicular offset (0.06275ms)
✔ Shift constrains line and dimension endpoints to 45-degree increments (0.092584ms)
✔ Escape cancels without a command and Backspace removes the last polyline point (0.067875ms)
✔ repeat mode keeps the completed drawing tool active (0.037042ms)
✔ tool event adapter converts Stage-relative screen points to world points before canonical snap (0.303208ms)
✔ tool event adapter models drag preview and pointer capture through release (0.092292ms)
✔ tool event adapter ignores Chrome pointer detail and commits one terminal polyline vertex (0.090833ms)
✔ double-click cannot create a polyline command with fewer than two vertices (0.044458ms)
✔ tool event adapter owns Enter, Backspace, Escape, and text submission (0.146083ms)
✔ edit downgrade invalidates a live tool session before any later commit (0.049041ms)
✔ layer switch cancels drag and releases capture instead of committing into the new layer (0.055292ms)
✔ selection adapter confirms candidate clicks against domain bounds and Shift toggles (0.51075ms)
✔ marquee uses world-space intersection and canonical rotated bounds (0.133583ms)
✔ direct and marquee selection exclude hidden and locked layers (0.193208ms)
✔ selection drag keeps preview transient and emits one snapped multi-object update (0.112583ms)
✔ drag snapshots selected versions and rejects a mid-drag version change (0.100666ms)
✔ drag rejects same-version geometry replacement instead of moving newer geometry (0.055375ms)
✔ drag sync releases capture when one snapshot layer becomes ineligible (0.075125ms)
✔ an advisory peer lock preserves selection but blocks and cancels only its drag (0.081166ms)
✔ remote selection bounds include canonical block-instance render items (0.067375ms)
✔ selection handles stay screen-sized across zoom levels (0.031792ms)
✔ selection hit bounds expand thin canonical bounds by a fixed screen tolerance (0.06675ms)
✔ selection candidates expand hits only after hidden and locked exclusion (0.062959ms)
✔ arrow moves use millimeters and mutation commands filter locked or hidden objects (0.203625ms)
✔ copy strips identity and paste creates strict fresh objects at 20 mm (0.254209ms)
✔ referenced-style copy fails closed unless it explicitly resolves to portable inline style (0.151875ms)
✔ workspace duplicate preserves a referenced style within its document (420.906333ms)
✔ workspace storage failures expose a bounded diagnostic without dumping arbitrary values (0.255667ms)
✔ workspace block mutation adapter no-ops hidden, locked, and mixed selections until every owning layer is editable (0.888291ms)
✔ duplicate and Delete create add and delete commands without mutating originals (0.177542ms)
✔ workspace shortcuts support Cmd and Ctrl variants with guarded focus (0.217375ms)
✔ native dialog descendants own Backspace, Delete, and Cmd shortcuts (0.086959ms)
✔ command registry filters Korean labels and stable IDs case-insensitively (0.109416ms)
✔ command menu Enter only runs the selected enabled command and Escape closes (0.084959ms)
✔ editing context fails closed unless capability and an active layer both allow edits (0.111959ms)
✔ P0/P1 geometry default names remain unchanged (0.780833ms)
✔ world coordinates round-trip independently from viewport pixels (0.093875ms)
✔ pointer-centered zoom preserves the world point and clamps finite zoom (0.17425ms)
✔ PDF source contain placement preserves portrait and landscape aspect ratios (0.129542ms)
✔ canvas cursor follows Space and pan transitions without stale ref state (0.072292ms)
✔ pan gesture activates only for pan tool, Space, or middle button (0.122ms)
✔ pan gesture moves from its start viewport and ends on release, cancel, or blur (0.07425ms)
✔ PDF calibration converts normalized page distance to millimeters (0.084ms)
✔ snapping uses a screen-pixel tolerance converted through zoom (0.106917ms)
✔ geometry bounds enclose every P0/P1 geometry (1.349167ms)
✔ geometry rejects non-finite coordinates, degenerate lengths, and NUL text (1.842625ms)
✔ calibration rejects coincident points and non-positive physical lengths (0.096292ms)
✔ object snapping wins ties and leaves distant points unchanged (0.069125ms)
✔ rectangle snap points are its real rotated corners (0.176292ms)
✔ snap points expose meaningful canonical points for every geometry (0.070458ms)
✔ collaboration entitlement disables network transports without disabling the local editor (4.037583ms)
✔ cross-tab outbox wakeups reuse reconciliation without re-enqueueing settled operations (4.566125ms)
✔ queued DXF operations recover one exact attestation before transport (2.370459ms)
✔ a terminal conflict freezes editing and exposes an authoritative suffix reset (1.836209ms)
✔ an authoritative conflict settlement reloads even when local cache cleanup fails (0.668583ms)
✔ P2 revision fallback projects nested page envelopes to canonical pages (4.609916ms)
✔ audited export launcher stays disabled until outbox and canonical save are settled (7.130166ms)
✔ audited export waits for the acknowledged checkpoint to be installed after revalidation (0.097084ms)
✔ drawing export keeps one pending request identity until success or options change (0.084125ms)
✔ drawing export audit refuses a followed login redirect as an artifact (0.899084ms)
✔ drawing export audit refuses a successful response with the wrong content type (0.1775ms)
✔ estimate result rail renders server amounts, gap names, and BOQ navigation accessibly (5.370708ms)
✔ viewer estimate rail keeps read-only BOQ access without the rate mutation entry (2.053542ms)
✔ estimate result rail exposes the approved binding control names (3.816417ms)
✔ workspace shell mounts accessible result and object inspector panels (25.944417ms)
✔ estimate result rail keeps assumption reasons and confirmed exports distinct (2.702875ms)
✔ scale control exposes bounded source-free, PDF calibration, and read-only states (0.542ms)
✔ assumption evidence validates and stale reasons clear in the same property value batch (0.166875ms)
✔ review rejection version fences the prior browser freeze request (0.040166ms)
✔ review submit stays disabled until local commands and every save boundary are settled (0.050083ms)
✔ navigation protection includes commands queued before durable outbox storage (1.976459ms)
✔ workspace query mutations merge with the latest same-route navigation intent (0.148334ms)
✔ save guard contract: history revert enters the tracked mutation queue (0.768333ms)
✔ save guard contract: checkpoint restore enters the tracked mutation queue (0.430083ms)
✔ save guard contract: external settled ACK starts revalidation before reconciliation awaits (0.565458ms)
✔ save guard contract: DXF readiness stays closed during router revalidation (0.506917ms)
✔ DXF import waits for the latest acknowledged checkpoint to be installed (0.428458ms)
✔ review preparation freezes admission before draining accepted commands and persistence (0.290416ms)
✔ review freeze blocks mutation commands from toolbar and keyboard entry points (0.098333ms)
✔ workspace SSR shell opens the object inspector by default for author mode (12.087667ms)
✔ workspace makes modes, tools, and business lineage visible without icon guesswork (15.039708ms)
✔ business lineage points to the earliest missing link (0.258375ms)
✔ split view remains a real two-pane workspace on tablet widths (0.727042ms)
✔ tablet toolbar gives labeled tools their intrinsic width (0.521708ms)
✔ architectural tool menu uses the existing portalled dropdown trigger (7.29525ms)
✔ quantity lineage status belongs only to the selected drawing object (0.094708ms)
✔ quantity lineage never reuses stale rows while a new selection loads (0.055208ms)
✔ material lineage belongs only to an exact selected object BOQ link (0.049375ms)
✔ every measurable primitive can request its quantity lineage (0.637583ms)
✔ selecting another measurable object clears stale exact BOQ evidence scope (0.529708ms)
✔ entering a creation tool clears stale URL selection authority (0.381ms)
✔ selection lineage URL sync waits for an authoritative object checkpoint (0.089ms)
✔ a mutation tracks a pending single-object lineage selection before its URL commits (0.1025ms)
✔ exact BOQ lineage focus applies once per tuple and then yields to user selection (0.134708ms)
✔ authorized deep-link selection survives collaboration authorization initialization (0.088375ms)
✔ losing write authority preserves the viewer's object selection (0.544959ms)
✔ lineage object existence follows the installed authoritative checkpoint (0.080583ms)
✔ lineage URL clears synchronously only from the installed document state (0.0575ms)
✔ lineage focus requires the object's active layer ancestry (0.06975ms)
✔ lineage focus clears every URL authority field after its object is deleted (0.049667ms)
✔ workspace dock shortcuts recover both desktop docks outside editable controls (0.077209ms)
✔ menu roots and descendants own edit keys without moving or mutating drawing selection (0.129917ms)
✔ menu roots and descendants own brackets without toggling workspace docks (0.046542ms)
✔ split view preserves the lineage inspector and collapses only the left dock on compact desktop widths (0.048041ms)
✔ page and layer creation fail closed before the durable bridge is ready (8.380375ms)
✔ workspace creation and export copy stays Korean (0.441167ms)
✔ workspace SSR shell exposes independent tool and inspector tablists accessibly (7.239708ms)
✔ workspace panel tabs wrap with arrows and jump with Home and End (0.129584ms)
✔ inspector tabs wrap with arrows and jump with Home and End (0.0475ms)
✔ local preview uses project-owned drawing copy (6.631667ms)
✔ local preview exposes its inert connected realtime state in the workspace top bar (6.456625ms)
✔ workspace offers the native export dialog to editors and viewers (11.143791ms)
✔ source-free documents keep the blank canvas and audited export launcher (31.139125ms)
✔ source renderer failure stays local while canvas and result inspector remain mounted (31.972458ms)
✔ a PDF or IFC capability failure does not hide the independent DXF upload path (3.430458ms)
✔ draft editors can upload a first or revised DXF while viewers and approved revisions cannot (87.870625ms)
✔ one export deadline times out at 30 seconds and disposes its timer once (0.232083ms)
✔ user cancellation is idempotent and distinct from timeout (0.082959ms)
✔ real export lifecycle times out a stalled executor, clears its gate, and admits a second run (0.511375ms)
✔ real export lifecycle cancels a stalled disposer once without blocking the next run (0.248708ms)
✔ native download revokes its Blob URL exactly once even when click fails (0.182458ms)
✔ P5 synthetic derivative descriptor is byte-exact to its public assets (2.222125ms)
✔ P2 local drawing preview is registered outside the authenticated workspace (0.155334ms)
✔ P5 local PDF resources serve real no-store bytes only on development loopback (2.699208ms)
✔ current PDF resource matches its immutable preview descriptor and public fixture (10.297834ms)
✔ current PDF resource rejects non-loopback and production requests (0.314417ms)
✔ P2 preview server module does not import browser-only state modules (0.432708ms)
✔ P2 local drawing preview loader allows only development loopback (1.7065ms)
✔ current canonical preview opens the editable 2D canvas before loading IFC (3.179417ms)
✔ synthetic IFC preview is visibly labeled as a non-original mapping example (0.360458ms)
✔ awareness harness uses its legacy fixture with explicit IFC opt-in (2.036458ms)
✔ P5 local baseline contains exactly 10,000 objects and 2,000 immutable IFC links (387.581ms)
✔ P5 preview exposes a controlled IFC pair without putting its URL in drawing state (2.060041ms)
✔ P5 preview exposes one exact PDF predecessor edge without canonical compare state (1.412917ms)
✔ P4 vertical preview exposes only mounted-workspace test instrumentation (3.447375ms)
✔ P2 preview fixture is a strict, hydrated P2 graph (0.593833ms)
✔ local IFC preview fixture carries a source-bound immutable derivative contract (0.071917ms)
✔ P4 preview is visibly populated with canonical hosted objects and schedules (1.449041ms)
✔ P2 preview action validates operations and only echoes safe local operations (2.072375ms)
ℹ tests 172
ℹ suites 0
ℹ pass 172
ℹ fail 0
ℹ cancelled 0
ℹ skipped 0
ℹ todo 0
ℹ duration_ms 1388.193959
