✔ canonical drawing objects require an exact trimmed name (2.337458ms)
✔ canonical loaded layers reject corrupt source state without widening browser input (0.317458ms)
✔ mutate_structure records strict forward and inverse payloads (2.772583ms)
✔ PDF calibration converts exact input units and emits one versioned canvas action (0.570625ms)
✔ object and block assumptions persist or clear evidence reason in one structure command (0.831042ms)
✔ property-value undo resolves locked object and block owners from its recorded inverse (1.526958ms)
✔ add appends an operation with an inverse and leaves its input state unchanged (0.195ms)
✔ update moves an object and records the version it was based on (0.259208ms)
✔ update records and restores an object's trimmed name (0.231167ms)
✔ style preset reset replaces the stored override and undo redo preserves it (0.640209ms)
✔ delete removes an object and records an add inverse (0.20575ms)
✔ adding a copy uses its supplied new ID without changing the source object (0.171292ms)
✔ object mutations on a locked layer fail with the domain lock error (0.298292ms)
✔ undo appends an inverse without deleting another actor's separate command (0.222209ms)
✔ add undo redo realizes exact tombstone bases and monotonic versions (0.243583ms)
✔ delete undo redo advances through tombstone restore and tombstone versions (0.308334ms)
✔ undo returns a conflict when another actor changed its target object (0.162291ms)
✔ undo then redo append new operations and keep the original history target (0.209083ms)
✔ a redone operation can be undone again without a false version conflict (0.350334ms)
✔ redo reapplies a version-aware selection move against the post-undo version (0.40075ms)
✔ update_layer appends a valid inverse and supports actor-scoped undo and redo (0.226625ms)
✔ undo of a layer update conflicts when another actor changed that layer (0.098875ms)
✔ add_layer remains non-undoable without a delete_layer command (0.081333ms)
✔ layer commands trim unique names and preserve one active editable user layer (0.361917ms)
✔ inspector builds one version-aware all-or-nothing multi-object command (0.521875ms)
✔ inspector text changes are available only when every target is text (0.26775ms)
✔ line click-click snaps both committed points and emits one add command (0.372334ms)
✔ object-snapped measurable tools commit six-decimal geometry (0.494291ms)
✔ polyline multi-click plus Enter snaps every vertex into one command (0.123ms)
✔ rectangle drag normalizes an up-left drag after snapping (0.043833ms)
✔ circle center-radius drag commits the snapped Euclidean radius (0.03725ms)
✔ text Enter ignores empty input and commits non-empty text at a snapped origin (0.049958ms)
✔ dimension commits explicit calibrated or visibly uncalibrated evidence (0.143583ms)
✔ dimension adapter applies the canonical perpendicular offset (0.06ms)
✔ Shift constrains line and dimension endpoints to 45-degree increments (0.095ms)
✔ Escape cancels without a command and Backspace removes the last polyline point (0.066542ms)
✔ repeat mode keeps the completed drawing tool active (0.038083ms)
✔ tool event adapter converts Stage-relative screen points to world points before canonical snap (0.311291ms)
✔ tool event adapter models drag preview and pointer capture through release (0.096166ms)
✔ tool event adapter ignores Chrome pointer detail and commits one terminal polyline vertex (0.092459ms)
✔ double-click cannot create a polyline command with fewer than two vertices (0.045083ms)
✔ tool event adapter owns Enter, Backspace, Escape, and text submission (0.152083ms)
✔ edit downgrade invalidates a live tool session before any later commit (0.050542ms)
✔ layer switch cancels drag and releases capture instead of committing into the new layer (0.058209ms)
✔ selection adapter confirms candidate clicks against domain bounds and Shift toggles (0.533625ms)
✔ marquee uses world-space intersection and canonical rotated bounds (0.138333ms)
✔ direct and marquee selection exclude hidden and locked layers (0.197625ms)
✔ selection drag keeps preview transient and emits one snapped multi-object update (0.115583ms)
✔ drag snapshots selected versions and rejects a mid-drag version change (0.102875ms)
✔ drag rejects same-version geometry replacement instead of moving newer geometry (0.056375ms)
✔ drag sync releases capture when one snapshot layer becomes ineligible (0.075667ms)
✔ an advisory peer lock preserves selection but blocks and cancels only its drag (0.082083ms)
✔ remote selection bounds include canonical block-instance render items (0.071792ms)
✔ selection handles stay screen-sized across zoom levels (0.034ms)
✔ selection hit bounds expand thin canonical bounds by a fixed screen tolerance (0.069375ms)
✔ selection candidates expand hits only after hidden and locked exclusion (0.068083ms)
✔ arrow moves use millimeters and mutation commands filter locked or hidden objects (0.226916ms)
✔ copy strips identity and paste creates strict fresh objects at 20 mm (0.271584ms)
✔ referenced-style copy fails closed unless it explicitly resolves to portable inline style (0.166042ms)
✔ workspace duplicate preserves a referenced style within its document (416.305542ms)
✔ workspace storage failures expose a bounded diagnostic without dumping arbitrary values (0.265416ms)
✔ workspace block mutation adapter no-ops hidden, locked, and mixed selections until every owning layer is editable (0.8825ms)
✔ duplicate and Delete create add and delete commands without mutating originals (0.174125ms)
✔ workspace shortcuts support Cmd and Ctrl variants with guarded focus (0.2075ms)
✔ native dialog descendants own Backspace, Delete, and Cmd shortcuts (0.092333ms)
✔ command registry filters Korean labels and stable IDs case-insensitively (0.117625ms)
✔ command menu Enter only runs the selected enabled command and Escape closes (0.087041ms)
✔ editing context fails closed unless capability and an active layer both allow edits (0.113709ms)
✔ P0/P1 geometry default names remain unchanged (0.749458ms)
✔ world coordinates round-trip independently from viewport pixels (0.093416ms)
✔ pointer-centered zoom preserves the world point and clamps finite zoom (0.173542ms)
✔ PDF source contain placement preserves portrait and landscape aspect ratios (0.135417ms)
✔ canvas cursor follows Space and pan transitions without stale ref state (0.067542ms)
✔ pan gesture activates only for pan tool, Space, or middle button (0.120416ms)
✔ pan gesture moves from its start viewport and ends on release, cancel, or blur (0.076708ms)
✔ PDF calibration converts normalized page distance to millimeters (0.077792ms)
✔ snapping uses a screen-pixel tolerance converted through zoom (0.098042ms)
✔ geometry bounds enclose every P0/P1 geometry (1.384958ms)
✔ geometry rejects non-finite coordinates, degenerate lengths, and NUL text (1.868584ms)
✔ calibration rejects coincident points and non-positive physical lengths (0.111208ms)
✔ object snapping wins ties and leaves distant points unchanged (0.064708ms)
✔ rectangle snap points are its real rotated corners (0.177875ms)
✔ snap points expose meaningful canonical points for every geometry (0.073334ms)
✔ collaboration entitlement disables network transports without disabling the local editor (3.575209ms)
✔ cross-tab outbox wakeups reuse reconciliation without re-enqueueing settled operations (4.595792ms)
✔ queued DXF operations recover one exact attestation before transport (2.399167ms)
✔ a terminal conflict freezes editing and exposes an authoritative suffix reset (1.566334ms)
✔ an authoritative conflict settlement reloads even when local cache cleanup fails (0.541833ms)
✔ P2 revision fallback projects nested page envelopes to canonical pages (4.365708ms)
✔ audited export launcher stays disabled until outbox and canonical save are settled (6.775417ms)
✔ audited export waits for the acknowledged checkpoint to be installed after revalidation (0.151708ms)
✔ drawing export keeps one pending request identity until success or options change (0.091209ms)
✔ drawing export audit refuses a followed login redirect as an artifact (0.829417ms)
✔ drawing export audit refuses a successful response with the wrong content type (0.161917ms)
✔ estimate result rail renders server amounts, gap names, and BOQ navigation accessibly (4.621ms)
✔ viewer estimate rail keeps read-only BOQ access without the rate mutation entry (1.989333ms)
✔ estimate result rail exposes the approved binding control names (3.55775ms)
✔ workspace shell mounts accessible result and object inspector panels (25.035542ms)
✔ estimate result rail keeps assumption reasons and confirmed exports distinct (3.082375ms)
✔ scale control exposes bounded source-free, PDF calibration, and read-only states (0.671417ms)
✔ assumption evidence validates and stale reasons clear in the same property value batch (0.196375ms)
✔ review rejection version fences the prior browser freeze request (0.046209ms)
✔ review submit stays disabled until local commands and every save boundary are settled (0.052583ms)
✔ navigation protection includes commands queued before durable outbox storage (1.861291ms)
✔ workspace query mutations merge with the latest same-route navigation intent (0.167666ms)
✔ save guard contract: history revert enters the tracked mutation queue (0.702125ms)
✔ save guard contract: checkpoint restore enters the tracked mutation queue (0.412334ms)
✔ save guard contract: external settled ACK starts revalidation before reconciliation awaits (0.566791ms)
✔ save guard contract: DXF readiness stays closed during router revalidation (0.585292ms)
✔ DXF import waits for the latest acknowledged checkpoint to be installed (0.438208ms)
✔ review preparation freezes admission before draining accepted commands and persistence (0.293625ms)
✔ review freeze blocks mutation commands from toolbar and keyboard entry points (0.099834ms)
✔ workspace SSR shell opens the object inspector by default for author mode (12.201875ms)
✔ workspace makes modes, tools, and business lineage visible without icon guesswork (14.829334ms)
✔ business lineage points to the earliest missing link (0.226ms)
✔ split view remains a real two-pane workspace on tablet widths (0.670708ms)
✔ tablet toolbar gives labeled tools their intrinsic width (1.099292ms)
✔ architectural tool menu uses the existing portalled dropdown trigger (6.962791ms)
✔ quantity lineage status belongs only to the selected drawing object (0.081792ms)
✔ quantity lineage never reuses stale rows while a new selection loads (0.047667ms)
✔ material lineage belongs only to an exact selected object BOQ link (0.049375ms)
✔ every measurable primitive can request its quantity lineage (0.660459ms)
✔ selecting another measurable object clears stale exact BOQ evidence scope (0.478292ms)
✔ entering a creation tool clears stale URL selection authority (0.369666ms)
✔ selection lineage URL sync waits for an authoritative object checkpoint (0.073167ms)
✔ a mutation tracks a pending single-object lineage selection before its URL commits (0.05825ms)
✔ exact BOQ lineage focus applies once per tuple and then yields to user selection (0.10275ms)
✔ authorized deep-link selection survives collaboration authorization initialization (0.062708ms)
✔ losing write authority preserves the viewer's object selection (0.558042ms)
✔ lineage object existence follows the installed authoritative checkpoint (0.091667ms)
✔ lineage URL clears synchronously only from the installed document state (0.051792ms)
✔ lineage focus requires the object's active layer ancestry (0.081375ms)
✔ lineage focus clears every URL authority field after its object is deleted (0.04075ms)
✔ workspace dock shortcuts recover both desktop docks outside editable controls (0.083167ms)
✔ menu roots and descendants own edit keys without moving or mutating drawing selection (0.136334ms)
✔ menu roots and descendants own brackets without toggling workspace docks (0.0515ms)
✔ split view preserves the lineage inspector and collapses only the left dock on compact desktop widths (0.049209ms)
✔ page and layer creation fail closed before the durable bridge is ready (7.944042ms)
✔ workspace creation and export copy stays Korean (0.353ms)
✔ workspace SSR shell exposes independent tool and inspector tablists accessibly (6.671959ms)
✔ workspace panel tabs wrap with arrows and jump with Home and End (0.112083ms)
✔ inspector tabs wrap with arrows and jump with Home and End (0.042416ms)
✔ local preview uses project-owned drawing copy (6.529125ms)
✔ local preview exposes its inert connected realtime state in the workspace top bar (6.293833ms)
✔ workspace offers the native export dialog to editors and viewers (11.830458ms)
✔ source-free documents keep the blank canvas and audited export launcher (30.423541ms)
✔ source renderer failure stays local while canvas and result inspector remain mounted (31.793959ms)
✔ a PDF or IFC capability failure does not hide the independent DXF upload path (3.529833ms)
✔ draft editors can upload a first or revised DXF while viewers and approved revisions cannot (84.987125ms)
✔ one export deadline times out at 30 seconds and disposes its timer once (0.246583ms)
✔ user cancellation is idempotent and distinct from timeout (0.077792ms)
✔ real export lifecycle times out a stalled executor, clears its gate, and admits a second run (0.45175ms)
✔ real export lifecycle cancels a stalled disposer once without blocking the next run (0.229ms)
✔ native download revokes its Blob URL exactly once even when click fails (0.163ms)
✔ P5 synthetic derivative descriptor is byte-exact to its public assets (2.402541ms)
✔ P2 local drawing preview is registered outside the authenticated workspace (0.174125ms)
✔ P5 local PDF resources serve real no-store bytes only on development loopback (2.7035ms)
✔ current PDF resource matches its immutable preview descriptor and public fixture (10.132208ms)
✔ current PDF resource rejects non-loopback and production requests (0.342834ms)
✔ P2 preview server module does not import browser-only state modules (0.449ms)
✔ P2 local drawing preview loader allows only development loopback (1.713667ms)
✔ current canonical preview opens the editable 2D canvas before loading IFC (3.329584ms)
✔ synthetic IFC preview is visibly labeled as a non-original mapping example (0.389667ms)
✔ awareness harness uses its legacy fixture with explicit IFC opt-in (2.073458ms)
✔ P5 local baseline contains exactly 10,000 objects and 2,000 immutable IFC links (377.8725ms)
✔ P5 preview exposes a controlled IFC pair without putting its URL in drawing state (1.552959ms)
✔ P5 preview exposes one exact PDF predecessor edge without canonical compare state (1.175833ms)
✔ P4 vertical preview exposes only mounted-workspace test instrumentation (2.151125ms)
✔ P2 preview fixture is a strict, hydrated P2 graph (0.850292ms)
✔ local IFC preview fixture carries a source-bound immutable derivative contract (0.093583ms)
✔ P4 preview is visibly populated with canonical hosted objects and schedules (1.686791ms)
✔ P2 preview action validates operations and only echoes safe local operations (1.9705ms)
ℹ tests 172
ℹ suites 0
ℹ pass 172
ℹ fail 0
ℹ cancelled 0
ℹ skipped 0
ℹ todo 0
ℹ duration_ms 1358.961
