✔ approved cloned LINE uses source handle and frozen centimeters; empty default layer and no-op survive (11.045417ms)
▶ rehashed malicious anchors and unsupported canonical edits fail instead of being normalized
  ✔ handle (1.460625ms)
  ✔ ownerHandle (1.006541ms)
  ✔ layerHandle (1.03125ms)
  ✔ entityType (1.184667ms)
  ✔ sourceLayer (1.667291ms)
  ✔ unitCode (2.460542ms)
  ✔ unitSource (1.128583ms)
  ✔ analysisJobId (1.019375ms)
  ✔ reportSha256 (0.897459ms)
  ✔ sourceFileId (0.915083ms)
  ✔ sourceSha256 (1.049708ms)
  ✔ revisionId (0.240208ms)
  ✔ importerVersion (0.392292ms)
  ✔ missing source (1.249709ms)
  ✔ duplicate source (0.50825ms)
  ✔ missing object (0.337791ms)
  ✔ added object (1.655083ms)
  ✔ wrong object anchor (0.403875ms)
  ✔ renamed layer (1.15475ms)
  ✔ layer visibility (1.103084ms)
  ✔ layer lock (1.194917ms)
  ✔ layer kind (1.126083ms)
  ✔ layer order (3.541375ms)
  ✔ object relayer (1.103667ms)
  ✔ renamed object (1.222583ms)
  ✔ object style (1.027708ms)
  ✔ background (0.252667ms)
  ✔ extra page (0.363084ms)
✔ rehashed malicious anchors and unsupported canonical edits fail instead of being normalized (31.8795ms)
▶ strict envelopes, snapshot/report hashes, approval and source scope are required
  ✔ snapshot bytes (0.132792ms)
  ✔ report bytes (0.123625ms)
  ✔ report size (0.097375ms)
  ✔ draft (0.110875ms)
  ✔ unapproved (0.110083ms)
  ✔ foreign project (0.104167ms)
  ✔ wrong requested canvas (0.11275ms)
  ✔ wrong requested version (0.091417ms)
  ✔ unit override (0.384583ms)
  ✔ private source descriptor (0.11225ms)
  ✔ caller edits (0.067ms)
✔ strict envelopes, snapshot/report hashes, approval and source scope are required (1.719375ms)
✔ RPC loader forwards only validated scope and returns compiled results or a bounded error (1.267375ms)
▶ same analysis revision requires exact native layer, object and source identities after rehashing
  ✔ layer (4.163542ms)
  ✔ object (2.32575ms)
  ✔ source (4.295625ms)
  ✔ all (2.067833ms)
  ✔ document (1.43425ms)
  ✔ canvas (1.371208ms)
✔ same analysis revision requires exact native layer, object and source identities after rehashing (15.882042ms)
✔ approved original and clone compile all five geometry types with native handle ordering (21.855166ms)
✔ converts only a changed centimeter LINE endpoint back to the original handle and native units (8.758333ms)
✔ retains an unchanged raw native endpoint instead of reconstructing it from six-decimal display geometry (2.814417ms)
✔ emits v2 CIRCLE geometry and converts a changed centimeter radius (2.097208ms)
✔ retains unchanged raw LWPOLYLINE vertices while converting changed vertices and closed (1.600083ms)
✔ rejects distinct projected LWPOLYLINE points that collapse to one native point (1.373792ms)
✔ retains raw ARC angle pairs for geometry-only edits, including wrapped angles (2.649ms)
✔ converts edited ARC angles to a positive non-normalized full turn (1.649417ms)
✔ emits changed TEXT insert, height, and text in native units (3.61525ms)
✔ compiles a nonzero-start full turn within the strict native angle bound (3.759958ms)
▶ rejects prospective TEXT content and height extents with frozen units without mutating a batch
  ✔ millimeter content growth (1.661333ms)
  ✔ millimeter height growth (1.632666ms)
  ✔ declared centimeter content growth (1.426209ms)
  ✔ selected centimeter height growth (1.727417ms)
✔ rejects prospective TEXT content and height extents with frozen units without mutating a batch (6.9145ms)
✔ uses the frozen inch projection when compiling changed geometry (1.905166ms)
✔ emits null for an unchanged projection even when object order changes or versions increase (2.19825ms)
✔ a valid TEXT value change retains raw placement and edits sort by numeric native handle (1.525459ms)
▶ rejects new, missing, and duplicate object identities
  ✔ new object (1.005916ms)
  ✔ missing object (0.895542ms)
  ✔ duplicate object (0.733ms)
✔ rejects new, missing, and duplicate object identities (3.214209ms)
▶ rejects immutable object metadata and geometry-kind changes
  ✔ name (2.614459ms)
  ✔ layer (0.711792ms)
  ✔ style (0.581041ms)
  ✔ style binding (0.632917ms)
  ✔ geometry kind (0.512333ms)
✔ rejects immutable object metadata and geometry-kind changes (5.717375ms)
✔ rejects TEXT width changes atomically after an otherwise valid edit (0.879208ms)
▶ rejects negative edited ARC sweeps and non-font TEXT style changes atomically
  ✔ negative sweep (0.546209ms)
  ✔ TEXT stroke (0.561542ms)
✔ rejects negative edited ARC sweeps and non-font TEXT style changes atomically (1.5095ms)
▶ rejects decreasing versions and invalid edited-object schema before compiling any request
  ✔ decreased version (0.79925ms)
  ✔ unknown object field (2.105125ms)
  ✔ zero-length LINE (0.816083ms)
✔ rejects decreasing versions and invalid edited-object schema before compiling any request (4.162041ms)
▶ rejects invalid selected-DWG plain TEXT values
  ✔ empty (0.628ms)
  ✔ too long (0.667083ms)
  ✔ unpaired surrogate (0.566042ms)
  ✔ terminal high surrogate (0.55175ms)
  ✔ control (0.632292ms)
  ✔ line separator (0.622917ms)
  ✔ CAD percent escape (0.572041ms)
  ✔ CAD field (0.949583ms)
✔ rejects invalid selected-DWG plain TEXT values (5.82575ms)
✔ rejects edited geometry outside the projected extent (1.507458ms)
✔ rejects more than 100,000 aggregate edited LWPOLYLINE vertices (147.172833ms)
✔ rejects a compact UTF-8 request above the native consumer's 2 MiB limit (14.409875ms)
✔ approved native template returns an unchanged CAD manifest and separate deterministic authority lineage (22.411333ms)
✔ approved native lineage orders same-id issue links by object id independently of input order (9.646042ms)
✔ approved literal canonical line projects exact independent CAD geometry (1.384292ms)
✔ loader calls the authenticated read-only RPC once with only exact named scope (7.406375ms)
▶ request and returned authority scope must match exactly
  ✔ project (1.029084ms)
  ✔ document (0.646875ms)
  ✔ revision (0.582375ms)
  ✔ version (0.5335ms)
  ✔ canvas (0.534958ms)
  ✔ digest (0.572667ms)
✔ request and returned authority scope must match exactly (4.310458ms)
▶ tampered or malformed PostgreSQL text never becomes an approved source
  ✔ tampered text (0.598125ms)
  ✔ wrong hash (0.524167ms)
  ✔ malformed hashed JSON (0.46275ms)
✔ tampered or malformed PostgreSQL text never becomes an approved source (1.728459ms)
▶ revision, approval and canonical identity must remain approved and exact
  ✔ reviewed status (0.554459ms)
  ✔ draft status (0.464875ms)
  ✔ wrong decision (0.60275ms)
  ✔ revision sequence (0.752791ms)
  ✔ operation sequence (0.739834ms)
  ✔ canonical project (0.820083ms)
  ✔ canonical document (0.690666ms)
✔ revision, approval and canonical identity must remain approved and exact (4.97825ms)
▶ native projection rejects missing profiles, sources, backgrounds, extra canvases and unsupported geometry
  ✔ missing persisted profile (0.98225ms)
  ✔ object source (2.2485ms)
  ✔ canvas background (4.910791ms)
  ✔ additional canvas (1.332791ms)
  ✔ unsupported entity (0.88775ms)
✔ native projection rejects missing profiles, sources, backgrounds, extra canvases and unsupported geometry (10.656292ms)
✔ canonical preimage is bounded before parsing (37.052458ms)
▶ strict malformed requests and payloads fail without calling RPC
  ✔ request 1 (0.138542ms)
  ✔ request 2 (0.058333ms)
  ✔ request 3 (0.098042ms)
  ✔ request 4 (0.053541ms)
  ✔ request 5 (0.039542ms)
✔ strict malformed requests and payloads fail without calling RPC (3.901125ms)
▶ RPC exceptions, returned errors, nulls and malformed payloads use one bounded error with no fallback
  ✔ exception (0.125042ms)
  ✔ returned error (0.074958ms)
  ✔ null (0.086792ms)
  ✔ malformed (0.137625ms)
✔ RPC exceptions, returned errors, nulls and malformed payloads use one bounded error with no fallback (0.962125ms)
ℹ tests 139
ℹ suites 0
ℹ pass 139
ℹ fail 0
ℹ cancelled 0
ℹ skipped 0
ℹ todo 0
ℹ duration_ms 563.936333
